Archive member included to satisfy reference by file (symbol)

C:/Program Files/SEGGER/SEGGER Embedded Studio for ARM 5.42a/lib/libm_v7em_fpv4_sp_d16_hard_t_le_eabi.a(libm_asm.o)
                              Output/Release//TMP117.o (__aeabi_dadd)
C:/Program Files/SEGGER/SEGGER Embedded Studio for ARM 5.42a/lib/libm_v7em_fpv4_sp_d16_hard_t_le_eabi.a(libm2.o)
                              Output/Release//main.o (pow(double, double))
C:/Program Files/SEGGER/SEGGER Embedded Studio for ARM 5.42a/lib/libc_v7em_fpv4_sp_d16_hard_t_le_eabi.a(libc_asm.o)
                              Output/Release//main.o (__aeabi_uldivmod)
C:/Program Files/SEGGER/SEGGER Embedded Studio for ARM 5.42a/lib/libc_v7em_fpv4_sp_d16_hard_t_le_eabi.a(libc2.o)
                              C:/Program Files/SEGGER/SEGGER Embedded Studio for ARM 5.42a/lib/libm_v7em_fpv4_sp_d16_hard_t_le_eabi.a(libm2.o) (__aeabi_errno_addr)
C:/Program Files/SEGGER/SEGGER Embedded Studio for ARM 5.42a/lib/libc_v7em_fpv4_sp_d16_hard_t_le_eabi.a(libc2_asm.o)
                              Output/Release//app_scheduler.o (memcpy)
C:/Program Files/SEGGER/SEGGER Embedded Studio for ARM 5.42a/lib/libc_v7em_fpv4_sp_d16_hard_t_le_eabi.a(libvfprintf.o)
                              (__vfprintf_short_float_long)
C:/Program Files/SEGGER/SEGGER Embedded Studio for ARM 5.42a/lib/libc_v7em_fpv4_sp_d16_hard_t_le_eabi.a(libvfscanf.o)
                              (__vfscanf_int)
C:/Program Files/SEGGER/SEGGER Embedded Studio for ARM 5.42a/lib/libc_v7em_fpv4_sp_d16_hard_t_le_eabi.a(libc.o)
                              C:/Program Files/SEGGER/SEGGER Embedded Studio for ARM 5.42a/lib/libc_v7em_fpv4_sp_d16_hard_t_le_eabi.a(libc2.o) (__heap_lock)
C:/Program Files/SEGGER/SEGGER Embedded Studio for ARM 5.42a/lib/libdebugio_v7em_fpv4_sp_d16_hard_t_le_eabi.a(libdebugio.o)
                              Output/Release//thumb_crt0.o (debug_fopen)
C:/Program Files/SEGGER/SEGGER Embedded Studio for ARM 5.42a/lib/libdebugio_v7em_fpv4_sp_d16_hard_t_le_eabi.a(do_nv_debug_operation.o)
                              C:/Program Files/SEGGER/SEGGER Embedded Studio for ARM 5.42a/lib/libdebugio_v7em_fpv4_sp_d16_hard_t_le_eabi.a(libdebugio.o) (__do_nvdebug_operation)
C:/Program Files/SEGGER/SEGGER Embedded Studio for ARM 5.42a/lib/libdebugio_v7em_fpv4_sp_d16_hard_t_le_eabi.a(mempoll_debug_operations.o)
                              (__do_debug_operation_mempoll)
C:/Program Files/SEGGER/SEGGER Embedded Studio for ARM 5.42a/lib/libcxxabi_noexcept_v7em_fpv4_sp_d16_hard_t_le_eabi.a(cxa_atexit.o)
                              Output/Release//main.o (__aeabi_atexit)

Discarded input sections

 .text          0x0000000000000000        0x0 Output/Release//thumb_crt0.o
 .data          0x0000000000000000        0x0 Output/Release//thumb_crt0.o
 .bss           0x0000000000000000        0x0 Output/Release//thumb_crt0.o
 .text.abort    0x0000000000000000        0x2 Output/Release//thumb_crt0.o
 .text.__assert
                0x0000000000000000        0x2 Output/Release//thumb_crt0.o
 .text.__aeabi_assert
                0x0000000000000000        0x2 Output/Release//thumb_crt0.o
 .text.__sync_synchronize
                0x0000000000000000        0x2 Output/Release//thumb_crt0.o
 .text.__getchar
                0x0000000000000000        0x4 Output/Release//thumb_crt0.o
 .text.__putchar
                0x0000000000000000        0x4 Output/Release//thumb_crt0.o
 .text.__open   0x0000000000000000        0x4 Output/Release//thumb_crt0.o
 .text.__close  0x0000000000000000        0x4 Output/Release//thumb_crt0.o
 .text.__write  0x0000000000000000        0xa Output/Release//thumb_crt0.o
 .text.__read   0x0000000000000000        0xa Output/Release//thumb_crt0.o
 .text.__seek   0x0000000000000000       0x1a Output/Release//thumb_crt0.o
 .bss.__user_locale_name_buffer
                0x0000000000000000        0x4 Output/Release//thumb_crt0.o
 .stack         0x0000000000000000        0x0 Output/Release//thumb_crt0.o
 .stack_process
                0x0000000000000000        0x0 Output/Release//thumb_crt0.o
 .heap          0x0000000000000000        0x0 Output/Release//thumb_crt0.o
 .group         0x0000000000000000        0xc Output/Release//nrf_log_backend_rtt.o
 .group         0x0000000000000000        0xc Output/Release//nrf_log_backend_rtt.o
 .group         0x0000000000000000        0xc Output/Release//nrf_log_backend_rtt.o
 .group         0x0000000000000000        0xc Output/Release//nrf_log_backend_rtt.o
 .group         0x0000000000000000        0xc Output/Release//nrf_log_backend_rtt.o
 .group         0x0000000000000000        0xc Output/Release//nrf_log_backend_rtt.o
 .group         0x0000000000000000        0xc Output/Release//nrf_log_backend_rtt.o
 .group         0x0000000000000000        0xc Output/Release//nrf_log_backend_rtt.o
 .group         0x0000000000000000        0xc Output/Release//nrf_log_backend_rtt.o
 .group         0x0000000000000000        0xc Output/Release//nrf_log_backend_rtt.o
[...]
Memory Configuration

Name             Origin             Length             Attributes
UNPLACED_SECTIONS 0x0000000100000000 0x0000000000000000 xw
RAM              0x0000000020000000 0x0000000000040000 xw
FLASH            0x0000000000000000 0x0000000000100000 xw
*default*        0x0000000000000000 0xffffffffffffffff

Linker script and memory map

                0x0000000000000000                __do_debug_operation = __do_debug_operation_mempoll
                0x000000000002f620                __vfprintf = __vfprintf_short_float_long
                0x0000000000000000                __vfscanf = __vfscanf_int
                0x0000000000000000                __dso_handle = 0x0
                0x0000000020000000                __RAM_segment_start__ = 0x20000000
                0x0000000020040000                __RAM_segment_end__ = 0x20040000
                0x0000000000040000                __RAM_segment_size__ = 0x40000
                0x0000000000000000                __FLASH_segment_start__ = 0x0
                0x0000000000100000                __FLASH_segment_end__ = 0x100000
                0x0000000000100000                __FLASH_segment_size__ = 0x100000
                0x0000000000002000                __HEAPSIZE__ = 0x2000
                0x0000000000000000                __STACKSIZE_PROCESS__ = 0x0
                0x0000000000002000                __STACKSIZE__ = 0x2000
                0x0000000020000000                __reserved_ram_load_start__ = 0x20000000

.reserved_ram   0x0000000020000000     0x2ae8
                0x0000000020000000                __reserved_ram_start__ = .
 *(.reserved_ram .reserved_ram.*)
                0x0000000020002ae8                . = MAX (((__reserved_ram_start__ + 0x20002ae8) - 0x20000000), .)
 *fill*         0x0000000020000000     0x2ae8 
                0x0000000020002ae8                __reserved_ram_end__ = (__reserved_ram_start__ + SIZEOF (.reserved_ram))
                0x0000000000002ae8                __reserved_ram_size__ = SIZEOF (.reserved_ram)
                0x0000000020002ae8                __reserved_ram_load_end__ = __reserved_ram_end__
                0x0000000000000001                . = ASSERT (((__reserved_ram_start__ == __reserved_ram_end__) || ((__reserved_ram_end__ - __RAM_segment_start__) <= __RAM_segment_size__)), error: .reserved_ram is too large to fit in RAM memory segment)
                0x0000000020002ae8                __vectors_ram_load_start__ = 0x20002ae8

.vectors_ram    0x0000000020002ae8        0x0
                0x0000000020002ae8                __vectors_ram_start__ = .
                0x0000000020002ae8                __app_ram_start__ = __vectors_ram_start__
 *(.vectors_ram .vectors_ram.*)
                0x0000000020002ae8                __vectors_ram_end__ = (__vectors_ram_start__ + SIZEOF (.vectors_ram))
                0x0000000000000000                __vectors_ram_size__ = SIZEOF (.vectors_ram)
                0x0000000020002ae8                __vectors_ram_load_end__ = __vectors_ram_end__
                0x0000000000000001                . = ASSERT (((__vectors_ram_start__ == __vectors_ram_end__) || ((__vectors_ram_end__ - __RAM_segment_start__) <= __RAM_segment_size__)), error: .vectors_ram is too large to fit in RAM memory segment)
                0x0000000000000001                . = ASSERT ((__reserved_ram_end__ <= __vectors_ram_start__), error: section .reserved_ram overlaps absolute placed section .vectors_ram)
                0x0000000020002ae8                __nrf_sections_run_load_start__ = ALIGN (__vectors_ram_end__, 0x4)

.nrf_sections_run
                0x0000000020002ae8        0x0
                0x0000000020002ae8                __nrf_sections_run_start__ = .
                0x0000000020002ae8                __start_nrf_sections_run = __nrf_sections_run_start__
 *(.nrf_sections_run .nrf_sections_run.*)
                0x0000000020002ae8                __nrf_sections_run_end__ = (__nrf_sections_run_start__ + SIZEOF (.nrf_sections_run))
                0x0000000000000000                __nrf_sections_run_size__ = SIZEOF (.nrf_sections_run)
                0x0000000020002ae8                __nrf_sections_run_load_end__ = __nrf_sections_run_end__
                0x0000000000000001                . = ASSERT (((__nrf_sections_run_start__ == __nrf_sections_run_end__) || ((__nrf_sections_run_end__ - __RAM_segment_start__) <= __RAM_segment_size__)), error: .nrf_sections_run is too large to fit in RAM memory segment)
                0x0000000000000000                __reserved_flash_load_start__ = 0x0

.reserved_flash
                0x0000000000000000    0x27000
                0x0000000000000000                __reserved_flash_start__ = .
 *(.reserved_flash .reserved_flash.*)
                0x0000000000027000                . = MAX (((__reserved_flash_start__ + 0x27000) - 0x0), .)
 *fill*         0x0000000000000000    0x27000 
                0x0000000000027000                __reserved_flash_end__ = (__reserved_flash_start__ + SIZEOF (.reserved_flash))
                0x0000000000027000                __reserved_flash_size__ = SIZEOF (.reserved_flash)
                0x0000000000027000                __reserved_flash_load_end__ = __reserved_flash_end__
                0x0000000000000001                . = ASSERT (((__reserved_flash_start__ == __reserved_flash_end__) || ((__reserved_flash_end__ - __FLASH_segment_start__) <= __FLASH_segment_size__)), error: .reserved_flash is too large to fit in FLASH memory segment)
                0x0000000000027000                __vectors_load_start__ = 0x27000

.vectors        0x0000000000027000      0x200
                0x0000000000027000                __vectors_start__ = .
 *(.vectors .vectors.*)
 .vectors       0x0000000000027000      0x200 Output/Release//ses_startup_nrf52.o
                0x0000000000027000                _vectors
                0x0000000000027200                __vectors_end__ = (__vectors_start__ + SIZEOF (.vectors))
                0x0000000000000200                __vectors_size__ = SIZEOF (.vectors)
                0x0000000000027200                __vectors_load_end__ = __vectors_end__
                0x0000000000000001                . = ASSERT (((__vectors_start__ == __vectors_end__) || ((__vectors_end__ - __FLASH_segment_start__) <= __FLASH_segment_size__)), error: .vectors is too large to fit in FLASH memory segment)
                0x0000000000000001                . = ASSERT ((__reserved_flash_end__ <= __vectors_start__), error: section .reserved_flash overlaps absolute placed section .vectors)
                0x0000000000027200                __init_load_start__ = ALIGN (__vectors_end__, 0x4)

.init           0x0000000000027200      0x1d0
                0x0000000000027200                __init_start__ = .
 *(.init .init.*)
 .init          0x0000000000027200      0x15c Output/Release//thumb_crt0.o
                0x0000000000027200                _start
                0x00000000000272b4                exit
 .init          0x000000000002735c       0x5c Output/Release//ses_startup_nrf_common.o
                0x000000000002735c                Reset_Handler
                0x0000000000027360                afterInitialize
                0x0000000000027384                InitializeUserMemorySections
 .init          0x00000000000273b8       0x18 Output/Release//ses_startup_nrf52.o
                0x00000000000273b8                NMI_Handler
                0x00000000000273ba                HardFault_Handler
                0x00000000000273bc                MemoryManagement_Handler
                0x00000000000273be                BusFault_Handler
                0x00000000000273c0                UsageFault_Handler
                0x00000000000273c2                SVC_Handler
                0x00000000000273c4                DebugMon_Handler
                0x00000000000273c6                PendSV_Handler
                0x00000000000273c8                SysTick_Handler
                0x00000000000273ca                RADIO_IRQHandler
                0x00000000000273ca                PWM1_IRQHandler
                0x00000000000273ca                TEMP_IRQHandler
                0x00000000000273ca                QDEC_IRQHandler
                0x00000000000273ca                RTC0_IRQHandler
                0x00000000000273ca                FPU_IRQHandler
                0x00000000000273ca                PDM_IRQHandler
                0x00000000000273ca                SWI0_EGU0_IRQHandler
                0x00000000000273ca                TIMER4_IRQHandler
                0x00000000000273ca                I2S_IRQHandler
                0x00000000000273ca                SWI4_EGU4_IRQHandler
                0x00000000000273ca                TIMER0_IRQHandler
                0x00000000000273ca                Dummy_Handler
                0x00000000000273ca                TIMER1_IRQHandler
                0x00000000000273ca                PWM2_IRQHandler
                0x00000000000273ca                ECB_IRQHandler
                0x00000000000273ca                SAADC_IRQHandler
                0x00000000000273ca                CCM_AAR_IRQHandler
                0x00000000000273ca                WDT_IRQHandler
                0x00000000000273ca                TIMER3_IRQHandler
                0x00000000000273ca                SWI5_EGU5_IRQHandler
                0x00000000000273ca                RNG_IRQHandler
                0x00000000000273ca                RTC2_IRQHandler
                0x00000000000273ca                PWM0_IRQHandler
                0x00000000000273ca                SWI3_EGU3_IRQHandler
                0x00000000000273ca                SWI1_EGU1_IRQHandler
                0x00000000000273ca                SPIM2_SPIS2_SPI2_IRQHandler
                0x00000000000273ca                NFCT_IRQHandler
                0x00000000000273ca                TIMER2_IRQHandler
                0x00000000000273ca                MWU_IRQHandler
                0x00000000000273ca                COMP_LPCOMP_IRQHandler
                0x00000000000273cc                nRFInitialize
                0x00000000000273d0                __init_end__ = (__init_start__ + SIZEOF (.init))
                0x00000000000001d0                __init_size__ = SIZEOF (.init)
                0x00000000000273d0                __init_load_end__ = __init_end__
                0x0000000000000001                . = ASSERT (((__init_start__ == __init_end__) || ((__init_end__ - __FLASH_segment_start__) <= __FLASH_segment_size__)), error: .init is too large to fit in FLASH memory segment)
                0x00000000000273d0                __init_rodata_load_start__ = ALIGN (__init_end__, 0x4)

.init_rodata    0x00000000000273d0        0x0
                0x00000000000273d0                __init_rodata_start__ = .
 *(.init_rodata .init_rodata.*)
                0x00000000000273d0                __init_rodata_end__ = (__init_rodata_start__ + SIZEOF (.init_rodata))
                0x0000000000000000                __init_rodata_size__ = SIZEOF (.init_rodata)
                0x00000000000273d0                __init_rodata_load_end__ = __init_rodata_end__
                0x0000000000000001                . = ASSERT (((__init_rodata_start__ == __init_rodata_end__) || ((__init_rodata_end__ - __FLASH_segment_start__) <= __FLASH_segment_size__)), error: .init_rodata is too large to fit in FLASH memory segment)
                0x00000000000273d0                __text_load_start__ = ALIGN (__init_rodata_end__, 0x4)

.text           0x00000000000273d0     0x906e
                0x00000000000273d0                __text_start__ = .
 *(.text .text.* .glue_7t .glue_7 .gnu.linkonce.t.* .gcc_except_table .ARM.extab* .gnu.linkonce.armextab.*)
 .glue_7        0x00000000000273d0        0x0 linker stubs
 .glue_7t       0x00000000000273d0        0x0 linker stubs
 .text.__aeabi_read_tp
                0x00000000000273d0        0x8 Output/Release//thumb_crt0.o
                0x00000000000273d0                __aeabi_read_tp
 .text.app_error_handler_bare
                0x00000000000273d8       0x1a Output/Release//app_error.o
                0x00000000000273d8                app_error_handler_bare
 *fill*         0x00000000000273f2        0x2 
 .text.app_error_fault_handler
                0x00000000000273f4       0x30 Output/Release//app_error_weak.o
                0x00000000000273f4                app_error_fault_handler
 .text.app_fifo_init
                0x0000000000027424       0x1e Output/Release//app_fifo.o
                0x0000000000027424                app_fifo_init
 .text.app_fifo_put
                0x0000000000027442       0x24 Output/Release//app_fifo.o
                0x0000000000027442                app_fifo_put
 .text.app_fifo_get
                0x0000000000027466       0x22 Output/Release//app_fifo.o
                0x0000000000027466                app_fifo_get
 .text.app_fifo_flush
                0x0000000000027488        0x8 Output/Release//app_fifo.o
                0x0000000000027488                app_fifo_flush
 .text.compare_func
                0x0000000000027490       0x18 Output/Release//app_timer2.o
 .text.get_now  0x00000000000274a8       0x38 Output/Release//app_timer2.o
 .text.timer_req_schedule
                0x00000000000274e0       0x38 Output/Release//app_timer2.o
 .text.timer_expire
                0x0000000000027518       0x6c Output/Release//app_timer2.o
 .text.app_timer_init
                0x0000000000027584       0x64 Output/Release//app_timer2.o
                0x0000000000027584                app_timer_init
 .text.app_timer_create
                0x00000000000275e8       0x16 Output/Release//app_timer2.o
                0x00000000000275e8                app_timer_create
 .text.app_timer_start
                0x00000000000275fe       0x30 Output/Release//app_timer2.o
                0x00000000000275fe                app_timer_start
 .text.app_timer_stop
                0x000000000002762e        0xc Output/Release//app_timer2.o
                0x000000000002762e                app_timer_stop
 *fill*         0x000000000002763a        0x2 
 .text.app_timer_stop_all
                0x000000000002763c       0x10 Output/Release//app_timer2.o
                0x000000000002763c                app_timer_stop_all
 .text.app_timer_cnt_get
                0x000000000002764c        0xc Output/Release//app_timer2.o
                0x000000000002764c                app_timer_cnt_get
 .text.rtc_irq  0x0000000000027658      0x190 Output/Release//app_timer2.o
 .text.nrf_drv_uart_rx.constprop.0
                0x00000000000277e8       0x28 Output/Release//app_uart_fifo.o
 .text.nrf_drv_uart_tx.constprop.0
                0x0000000000027810       0x28 Output/Release//app_uart_fifo.o
 .text.uart_event_handler
                0x0000000000027838       0xa0 Output/Release//app_uart_fifo.o
 .text.app_uart_init
                0x00000000000278d8       0xb0 Output/Release//app_uart_fifo.o
                0x00000000000278d8                app_uart_init
 .text.app_uart_flush
                0x0000000000027988       0x20 Output/Release//app_uart_fifo.o
                0x0000000000027988                app_uart_flush
 .text.app_uart_get
                0x00000000000279a8       0x2c Output/Release//app_uart_fifo.o
                0x00000000000279a8                app_uart_get
 .text.app_uart_put
                0x00000000000279d4       0x50 Output/Release//app_uart_fifo.o
                0x00000000000279d4                app_uart_put
 .text.app_uart_fifo_length
                0x0000000000027a24       0x10 Output/Release//app_uart_fifo.o
                0x0000000000027a24                app_uart_fifo_length
 .text.app_uart_close
                0x0000000000027a34       0x28 Output/Release//app_uart_fifo.o
                0x0000000000027a34                app_uart_close
 .text.app_util_critical_region_enter
                0x0000000000027a5c       0x48 Output/Release//app_util_platform.o
                0x0000000000027a5c                app_util_critical_region_enter
 .text.app_util_critical_region_exit
                0x0000000000027aa4       0x2c Output/Release//app_util_platform.o
                0x0000000000027aa4                app_util_critical_region_exit
 .text.evt_pending.isra.0
                0x0000000000027ad0       0x1a Output/Release//drv_rtc.o
 *fill*         0x0000000000027aea        0x2 
 .text.drv_rtc_init
                0x0000000000027aec       0x7c Output/Release//drv_rtc.o
                0x0000000000027aec                drv_rtc_init
 .text.drv_rtc_start
                0x0000000000027b68        0x8 Output/Release//drv_rtc.o
                0x0000000000027b68                drv_rtc_start
 .text.drv_rtc_stop
                0x0000000000027b70        0x8 Output/Release//drv_rtc.o
                0x0000000000027b70                drv_rtc_stop
 .text.drv_rtc_compare_set
                0x0000000000027b78       0x3e Output/Release//drv_rtc.o
                0x0000000000027b78                drv_rtc_compare_set
 *fill*         0x0000000000027bb6        0x2 
 .text.drv_rtc_windowed_compare_set
                0x0000000000027bb8       0xf0 Output/Release//drv_rtc.o
                0x0000000000027bb8                drv_rtc_windowed_compare_set
 .text.drv_rtc_overflow_enable
                0x0000000000027ca8       0x10 Output/Release//drv_rtc.o
                0x0000000000027ca8                drv_rtc_overflow_enable
 .text.drv_rtc_overflow_pending
                0x0000000000027cb8        0xa Output/Release//drv_rtc.o
                0x0000000000027cb8                drv_rtc_overflow_pending
 .text.drv_rtc_compare_disable
                0x0000000000027cc2       0x14 Output/Release//drv_rtc.o
                0x0000000000027cc2                drv_rtc_compare_disable
 .text.drv_rtc_compare_pending
                0x0000000000027cd6        0xc Output/Release//drv_rtc.o
                0x0000000000027cd6                drv_rtc_compare_pending
 .text.drv_rtc_counter_get
                0x0000000000027ce2        0x8 Output/Release//drv_rtc.o
                0x0000000000027ce2                drv_rtc_counter_get
 *fill*         0x0000000000027cea        0x2 
 .text.drv_rtc_irq_trigger
                0x0000000000027cec       0x20 Output/Release//drv_rtc.o
                0x0000000000027cec                drv_rtc_irq_trigger
 .text.RTC1_IRQHandler
                0x0000000000027d0c       0x14 Output/Release//drv_rtc.o
                0x0000000000027d0c                RTC1_IRQHandler
 .text.nrf_atfifo_init
                0x0000000000027d20       0x26 Output/Release//nrf_atfifo.o
                0x0000000000027d20                nrf_atfifo_init
 .text.nrf_atfifo_item_alloc
                0x0000000000027d46       0x54 Output/Release//nrf_atfifo.o
                0x0000000000027d46                nrf_atfifo_item_alloc
 .text.nrf_atfifo_item_put
                0x0000000000027d9a       0x20 Output/Release//nrf_atfifo.o
                0x0000000000027d9a                nrf_atfifo_item_put
 .text.nrf_atfifo_item_get
                0x0000000000027dba       0x56 Output/Release//nrf_atfifo.o
                0x0000000000027dba                nrf_atfifo_item_get
 .text.nrf_atfifo_item_free
                0x0000000000027e10       0x20 Output/Release//nrf_atfifo.o
                0x0000000000027e10                nrf_atfifo_item_free
 .text.nrf_atflags_set
                0x0000000000027e30       0x12 Output/Release//nrf_atflags.o
                0x0000000000027e30                nrf_atflags_set
 .text.nrf_atflags_clear
                0x0000000000027e42       0x14 Output/Release//nrf_atflags.o
                0x0000000000027e42                nrf_atflags_clear
 .text.nrf_atflags_get
                0x0000000000027e56       0x12 Output/Release//nrf_atflags.o
                0x0000000000027e56                nrf_atflags_get
 .text.nrf_atomic_u32_or
                0x0000000000027e68       0x18 Output/Release//nrf_atomic.o
                0x0000000000027e68                nrf_atomic_u32_or
 .text.nrf_atomic_u32_and
                0x0000000000027e80       0x18 Output/Release//nrf_atomic.o
                0x0000000000027e80                nrf_atomic_u32_and
 .text.sd_app_evt_wait
                0x0000000000027e98        0x4 Output/Release//nrf_pwr_mgmt.o
 .text.nrf_pwr_mgmt_init
                0x0000000000027e9c       0x2c Output/Release//nrf_pwr_mgmt.o
                0x0000000000027e9c                nrf_pwr_mgmt_init
 .text.nrf_pwr_mgmt_run
                0x0000000000027ec8       0x50 Output/Release//nrf_pwr_mgmt.o
                0x0000000000027ec8                nrf_pwr_mgmt_run
 .text.nrf_section_iter_init
                0x0000000000027f18       0x14 Output/Release//nrf_section_iter.o
                0x0000000000027f18                nrf_section_iter_init
 .text.nrf_section_iter_next
                0x0000000000027f2c       0x18 Output/Release//nrf_section_iter.o
                0x0000000000027f2c                nrf_section_iter_next
 .text.nrf_sortlist_add
                0x0000000000027f44       0x20 Output/Release//nrf_sortlist.o
                0x0000000000027f44                nrf_sortlist_add
 .text.nrf_sortlist_pop
                0x0000000000027f64        0xc Output/Release//nrf_sortlist.o
                0x0000000000027f64                nrf_sortlist_pop
 .text.nrf_sortlist_peek
                0x0000000000027f70        0x6 Output/Release//nrf_sortlist.o
                0x0000000000027f70                nrf_sortlist_peek
 .text.nrf_sortlist_remove
                0x0000000000027f76       0x1a Output/Release//nrf_sortlist.o
                0x0000000000027f76                nrf_sortlist_remove
 .text.NVIC_SystemReset
                0x0000000000027f90       0x24 Output/Release//system_nrf52.o
 .text.errata_12
                0x0000000000027fb4       0x36 Output/Release//system_nrf52.o
 .text.errata_16
                0x0000000000027fea       0x2a Output/Release//system_nrf52.o
 .text.SystemInit
                0x0000000000028014      0x284 Output/Release//system_nrf52.o
                0x0000000000028014                SystemInit
 .text.clock_clk_started_notify
                0x0000000000028298       0x24 Output/Release//nrf_drv_clock.o
 .text.clock_irq_handler
                0x00000000000282bc       0x1c Output/Release//nrf_drv_clock.o
 .text.soc_evt_handler
                0x00000000000282d8       0x14 Output/Release//nrf_drv_clock.o
 .text.nrf_drv_clock_init
                0x00000000000282ec       0x38 Output/Release//nrf_drv_clock.o
                0x00000000000282ec                nrf_drv_clock_init
 .text.nrf_drv_clock_lfclk_request
                0x0000000000028324       0x68 Output/Release//nrf_drv_clock.o
                0x0000000000028324                nrf_drv_clock_lfclk_request
 .text.nrf_drv_clock_lfclk_release
                0x000000000002838c       0x34 Output/Release//nrf_drv_clock.o
                0x000000000002838c                nrf_drv_clock_lfclk_release
 .text.sd_state_evt_handler
                0x00000000000283c0       0x5c Output/Release//nrf_drv_clock.o
 .text.uarte_evt_handler
                0x000000000002841c       0x34 Output/Release//nrf_drv_uart.o
 .text.uart_evt_handler
                0x0000000000028450       0x34 Output/Release//nrf_drv_uart.o
 .text.nrf_drv_uart_init
                0x0000000000028484       0x7c Output/Release//nrf_drv_uart.o
                0x0000000000028484                nrf_drv_uart_init
 .text.nrfx_clock_init
                0x0000000000028500       0x18 Output/Release//nrfx_clock.o
                0x0000000000028500                nrfx_clock_init
 .text.nrfx_clock_enable
                0x0000000000028518       0x24 Output/Release//nrfx_clock.o
                0x0000000000028518                nrfx_clock_enable
 .text.nrfx_clock_lfclk_start
                0x000000000002853c       0x58 Output/Release//nrfx_clock.o
                0x000000000002853c                nrfx_clock_lfclk_start
 .text.nrfx_clock_lfclk_stop
                0x0000000000028594       0x12 Output/Release//nrfx_clock.o
                0x0000000000028594                nrfx_clock_lfclk_stop
 *fill*         0x00000000000285a6        0x2 
 .text.POWER_CLOCK_IRQHandler
                0x00000000000285a8       0x64 Output/Release//nrfx_clock.o
                0x00000000000285a8                POWER_CLOCK_IRQHandler
 .text.nrf_gpiote_event_clear
                0x000000000002860c       0x18 Output/Release//nrfx_gpiote.o
 .text.nrf_gpio_cfg_sense_set
                0x0000000000028624       0x20 Output/Release//nrfx_gpiote.o
 .text.nrf_bitmask_bit_set
                0x0000000000028644       0x14 Output/Release//nrfx_gpiote.o
 .text.channel_free
                0x0000000000028658       0x1c Output/Release//nrfx_gpiote.o
 .text.nrfx_gpiote_init
                0x0000000000028674       0x70 Output/Release//nrfx_gpiote.o
                0x0000000000028674                nrfx_gpiote_init
 .text.nrfx_gpiote_in_init
                0x00000000000286e4       0xf0 Output/Release//nrfx_gpiote.o
                0x00000000000286e4                nrfx_gpiote_in_init
 .text.nrfx_gpiote_in_event_enable
                0x00000000000287d4       0x8c Output/Release//nrfx_gpiote.o
                0x00000000000287d4                nrfx_gpiote_in_event_enable
 .text.GPIOTE_IRQHandler
                0x0000000000028860      0x178 Output/Release//nrfx_gpiote.o
                0x0000000000028860                GPIOTE_IRQHandler
 .text.UARTE0_UART0_IRQHandler
                0x00000000000289d8        0xc Output/Release//nrfx_prs.o
                0x00000000000289d8                UARTE0_UART0_IRQHandler
 .text.nrfx_prs_acquire
                0x00000000000289e4       0x44 Output/Release//nrfx_prs.o
                0x00000000000289e4                nrfx_prs_acquire
 .text.nrfx_prs_release
                0x0000000000028a28       0x18 Output/Release//nrfx_prs.o
                0x0000000000028a28                nrfx_prs_release
 .text.SPIM0_SPIS0_TWIM0_TWIS0_SPI0_TWI0_IRQHandler
                0x0000000000028a40       0x58 Output/Release//nrfx_spim.o
                0x0000000000028a40                SPIM0_SPIS0_TWIM0_TWIS0_SPI0_TWI0_IRQHandler
 .text.nrfx_spim_xfer
                0x0000000000028a98      0x128 Output/Release//nrfx_spim.o
                0x0000000000028a98                nrfx_spim_xfer
 .text.nrf_uart_event_clear
                0x0000000000028bc0       0x10 Output/Release//nrfx_uart.o
 .text.tx_byte  0x0000000000028bd0       0x1e Output/Release//nrfx_uart.o
 .text.rx_enable
                0x0000000000028bee       0x20 Output/Release//nrfx_uart.o
 .text.rx_byte  0x0000000000028c0e       0x2c Output/Release//nrfx_uart.o
 *fill*         0x0000000000028c3a        0x2 
 .text.rx_done_event.constprop.0
                0x0000000000028c3c       0x20 Output/Release//nrfx_uart.o
 .text.nrfx_uart_0_irq_handler
                0x0000000000028c5c      0x140 Output/Release//nrfx_uart.o
                0x0000000000028c5c                nrfx_uart_0_irq_handler
 .text.nrfx_uart_init
                0x0000000000028d9c      0x174 Output/Release//nrfx_uart.o
                0x0000000000028d9c                nrfx_uart_init
 .text.nrfx_uart_uninit
                0x0000000000028f10       0xc4 Output/Release//nrfx_uart.o
                0x0000000000028f10                nrfx_uart_uninit
 .text.nrfx_uart_tx_in_progress
                0x0000000000028fd4       0x18 Output/Release//nrfx_uart.o
                0x0000000000028fd4                nrfx_uart_tx_in_progress
 .text.nrfx_uart_tx
                0x0000000000028fec       0xa0 Output/Release//nrfx_uart.o
                0x0000000000028fec                nrfx_uart_tx
 .text.nrfx_uart_rx
                0x000000000002908c       0xf4 Output/Release//nrfx_uart.o
                0x000000000002908c                nrfx_uart_rx
 .text.nrf_uarte_event_clear
                0x0000000000029180       0x10 Output/Release//nrfx_uarte.o
 .text.rx_done_event.constprop.0
                0x0000000000029190       0x20 Output/Release//nrfx_uarte.o
 .text.nrfx_uarte_0_irq_handler
                0x00000000000291b0      0x118 Output/Release//nrfx_uarte.o
                0x00000000000291b0                nrfx_uarte_0_irq_handler
 .text.nrfx_uarte_init
                0x00000000000292c8      0x18c Output/Release//nrfx_uarte.o
                0x00000000000292c8                nrfx_uarte_init
 .text.nrfx_uarte_uninit
                0x0000000000029454       0xec Output/Release//nrfx_uarte.o
                0x0000000000029454                nrfx_uarte_uninit
 .text.nrfx_uarte_tx_in_progress
                0x0000000000029540       0x18 Output/Release//nrfx_uarte.o
                0x0000000000029540                nrfx_uarte_tx_in_progress
 .text.nrfx_uarte_tx
                0x0000000000029558       0x9c Output/Release//nrfx_uarte.o
                0x0000000000029558                nrfx_uarte_tx
 .text.nrfx_uarte_rx
                0x00000000000295f4       0xd8 Output/Release//nrfx_uarte.o
                0x00000000000295f4                nrfx_uarte_rx
 .text.nrf_twim_event_clear
                0x00000000000296cc       0x10 Output/Release//nrfx_twim.o
 .text.xfer_completeness_check
                0x00000000000296dc       0x6c Output/Release//nrfx_twim.o
 .text.SPIM1_SPIS1_TWIM1_TWIS1_SPI1_TWI1_IRQHandler
                0x0000000000029748      0x148 Output/Release//nrfx_twim.o
                0x0000000000029748                SPIM1_SPIS1_TWIM1_TWIS1_SPI1_TWI1_IRQHandler
 .text.nrfx_twim_init
                0x0000000000029890       0xe4 Output/Release//nrfx_twim.o
                0x0000000000029890                nrfx_twim_init
 .text.nrfx_twim_enable
                0x0000000000029974       0x20 Output/Release//nrfx_twim.o
                0x0000000000029974                nrfx_twim_enable
 .text.NVIC_SystemReset
                0x0000000000029994       0x24 Output/Release//main.o
 .text.sd_power_dcdc_mode_set
                0x00000000000299b8        0x4 Output/Release//main.o
 .text.sd_ble_gap_adv_set_configure
                0x00000000000299bc        0x4 Output/Release//main.o
 .text.sd_ble_gap_adv_start
                0x00000000000299c0        0x4 Output/Release//main.o
 .text.sd_ble_gap_adv_stop
                0x00000000000299c4        0x4 Output/Release//main.o
 .text.sd_ble_gap_disconnect
                0x00000000000299c8        0x4 Output/Release//main.o
 .text.sd_ble_gap_tx_power_set
                0x00000000000299cc        0x4 Output/Release//main.o
 .text.sd_ble_gap_ppcp_set
                0x00000000000299d0        0x4 Output/Release//main.o
 .text.sd_ble_gap_device_name_set
                0x00000000000299d4        0x4 Output/Release//main.o
 .text.sd_ble_gap_scan_start
                0x00000000000299d8        0x4 Output/Release//main.o
 .text.sd_ble_gap_scan_stop
                0x00000000000299dc        0x4 Output/Release//main.o
 .text.sd_ble_gap_phy_update
                0x00000000000299e0        0x4 Output/Release//main.o
 .text._Z20timer2_event_handlerPv
                0x00000000000299e4       0x10 Output/Release//main.o
                0x00000000000299e4                timer2_event_handler(void*)
 .text._Z21CellTimerEventHandlerPv
                0x00000000000299f4        0xc Output/Release//main.o
                0x00000000000299f4                CellTimerEventHandler(void*)
 .text._Z16gatt_evt_handlerP14nrf_ble_gatt_sPK18nrf_ble_gatt_evt_t
                0x0000000000029a00       0x40 Output/Release//main.o
                0x0000000000029a00                gatt_evt_handler(nrf_ble_gatt_s*, nrf_ble_gatt_evt_t const*)
 .text._ZL14Lis3EvtHandlerj21nrf_gpiote_polarity_t
                0x0000000000029a40        0xc Output/Release//main.o
 .text._Z16shutdown_handler18nrf_pwr_mgmt_evt_t
                0x0000000000029a4c       0x40 Output/Release//main.o
                0x0000000000029a4c                shutdown_handler(nrf_pwr_mgmt_evt_t)
 .text._Z24ble_ud_stack_evt_handlerPK9ble_evt_tPv
                0x0000000000029a8c       0x84 Output/Release//main.o
                0x0000000000029a8c                ble_ud_stack_evt_handler(ble_evt_t const*, void*)
 .text._Z23conn_params_evt_handlerP21ble_conn_params_evt_t
                0x0000000000029b10       0x14 Output/Release//main.o
                0x0000000000029b10                conn_params_evt_handler(ble_conn_params_evt_t*)
 .text.nrf_delay_ms.part.0
                0x0000000000029b24       0x1c Output/Release//main.o
 .text._Z22ble_scanner_stack_initv
                0x0000000000029b40       0x1e Output/Release//main.o
                0x0000000000029b40                ble_scanner_stack_init()
 *fill*         0x0000000000029b5e        0x2 
 .text._Z11start_timeri
                0x0000000000029b60       0x48 Output/Release//main.o
                0x0000000000029b60                start_timer(int)
 .text._Z19timer_event_handlerPv
                0x0000000000029ba8       0x60 Output/Release//main.o
                0x0000000000029ba8                timer_event_handler(void*)
 .text._Z11init_timer2v
                0x0000000000029c08       0x28 Output/Release//main.o
                0x0000000000029c08                init_timer2()
 .text._Z16advertising_initv
                0x0000000000029c30       0x88 Output/Release//main.o
                0x0000000000029c30                advertising_init()
 .text._Z17advertising_startv
                0x0000000000029cb8       0x10 Output/Release//main.o
                0x0000000000029cb8                advertising_start()
 .text._Z16advertising_stopv
                0x0000000000029cc8        0xc Output/Release//main.o
                0x0000000000029cc8                advertising_stop()
 .text._Z8datasendv
                0x0000000000029cd4       0x4c Output/Release//main.o
                0x0000000000029cd4                datasend()
 .text._Z16nus_data_handlerP13ble_nus_evt_t
                0x0000000000029d20       0xec Output/Release//main.o
                0x0000000000029d20                nus_data_handler(ble_nus_evt_t*)
 .text._Z15gap_params_initv
                0x0000000000029e0c       0x50 Output/Release//main.o
                0x0000000000029e0c                gap_params_init()
 .text._Z13services_initv
                0x0000000000029e5c       0x34 Output/Release//main.o
                0x0000000000029e5c                services_init()
 .text._Z16conn_params_initv
                0x0000000000029e90       0x44 Output/Release//main.o
                0x0000000000029e90                conn_params_init()
 .text._Z10scan_startv
                0x0000000000029ed4       0x1c Output/Release//main.o
                0x0000000000029ed4                scan_start()
 .text._Z13on_adv_reportPK24ble_gap_evt_adv_report_t
                0x0000000000029ef0       0x88 Output/Release//main.o
                0x0000000000029ef0                on_adv_report(ble_gap_evt_adv_report_t const*)
 .text._Z23ble_scanner_evt_handlerPK9ble_evt_tPv
                0x0000000000029f78        0xe Output/Release//main.o
                0x0000000000029f78                ble_scanner_evt_handler(ble_evt_t const*, void*)
 .text._Z16ble_scanner_initv
                0x0000000000029f86        0xe Output/Release//main.o
                0x0000000000029f86                ble_scanner_init()
 .text._Z17ble_ud_stack_initv
                0x0000000000029f94       0x64 Output/Release//main.o
                0x0000000000029f94                ble_ud_stack_init()
 .text._Z19ud_advertising_initv
                0x0000000000029ff8       0x58 Output/Release//main.o
                0x0000000000029ff8                ud_advertising_init()
 .text._Z9gatt_initv
                0x000000000002a050       0x20 Output/Release//main.o
                0x000000000002a050                gatt_init()
 .text._Z20ud_advertising_startv
                0x000000000002a070        0xc Output/Release//main.o
                0x000000000002a070                ud_advertising_start()
 .text._Z7ud_initv
                0x000000000002a07c       0x38 Output/Release//main.o
                0x000000000002a07c                ud_init()
 .text._Z11sel_txpoweri
                0x000000000002a0b4       0x40 Output/Release//main.o
                0x000000000002a0b4                sel_txpower(int)
 .text._Z13radio_disablev
                0x000000000002a0f4       0x2c Output/Release//main.o
                0x000000000002a0f4                radio_disable()
 .text._Z12radio_configv
                0x000000000002a120       0x48 Output/Release//main.o
                0x000000000002a120                radio_config()
 .text._Z10modulationv
                0x000000000002a168       0xb0 Output/Release//main.o
                0x000000000002a168                modulation()
 .text._Z11config_initv
                0x000000000002a218       0x14 Output/Release//main.o
                0x000000000002a218                config_init()
 .text._Z11get_ble_macv
                0x000000000002a22c       0x60 Output/Release//main.o
                0x000000000002a22c                get_ble_mac()
 .text._Z10get_hw_verv
                0x000000000002a28c       0x4c Output/Release//main.o
                0x000000000002a28c                get_hw_ver()
 .text._Z26print_pressure_sensor_datav
                0x000000000002a2d8       0xc4 Output/Release//main.o
                0x000000000002a2d8                print_pressure_sensor_data()
 *fill*         0x000000000002a39c        0x4 
 .text._Z22pressure_airplane_modev
                0x000000000002a3a0      0x18c Output/Release//main.o
                0x000000000002a3a0                pressure_airplane_mode()
 .text._Z13StopCellTimerv
                0x000000000002a52c        0xc Output/Release//main.o
                0x000000000002a52c                StopCellTimer()
 .text._Z14StartCellTimerj
                0x000000000002a538       0x4c Output/Release//main.o
                0x000000000002a538                StartCellTimer(unsigned int)
 .text._Z10init_Modemv
                0x000000000002a584       0x40 Output/Release//main.o
                0x000000000002a584                init_Modem()
 .text._Z20modem_network_configv
                0x000000000002a5c4       0x64 Output/Release//main.o
                0x000000000002a5c4                modem_network_config()
 .text._Z8soc_initv
                0x000000000002a628       0x40 Output/Release//main.o
                0x000000000002a628                soc_init()
 .text._Z15ble_radio_setupv
                0x000000000002a668       0x50 Output/Release//main.o
                0x000000000002a668                ble_radio_setup()
 .text._Z14lte_cont_cw_txv
                0x000000000002a6b8       0x30 Output/Release//main.o
                0x000000000002a6b8                lte_cont_cw_tx()
 .text._Z15lte_cont_mcw_txv
                0x000000000002a6e8       0x2c Output/Release//main.o
                0x000000000002a6e8                lte_cont_mcw_tx()
 .text._Z11lte_cont_rxv
                0x000000000002a714       0x2c Output/Release//main.o
                0x000000000002a714                lte_cont_rx()
 .text._Z26acceleration_airplane_modev
                0x000000000002a740      0x1a4 Output/Release//main.o
                0x000000000002a740                acceleration_airplane_mode()
 .text._Z5sleepv
                0x000000000002a8e4      0x114 Output/Release//main.o
                0x000000000002a8e4                sleep()
 .text._Z7TCATestv
                0x000000000002a9f8       0x64 Output/Release//main.o
                0x000000000002a9f8                TCATest()
 .text._Z14debug_functionv
                0x000000000002aa5c       0x1c Output/Release//main.o
                0x000000000002aa5c                debug_function()
 .text._Z17custom_advertiserv
                0x000000000002aa78       0x64 Output/Release//main.o
                0x000000000002aa78                custom_advertiser()
 .text._Z6beaconv
                0x000000000002aadc       0x18 Output/Release//main.o
                0x000000000002aadc                beacon()
 .text._Z10stop_timerv
                0x000000000002aaf4       0x18 Output/Release//main.o
                0x000000000002aaf4                stop_timer()
 .text._Z9setConfigi
                0x000000000002ab0c      0x254 Output/Release//main.o
                0x000000000002ab0c                setConfig(int)
 .text._Z17start_gatt_serverv
                0x000000000002ad60      0x184 Output/Release//main.o
                0x000000000002ad60                start_gatt_server()
 .text._Z13ble_int_cw_txv
                0x000000000002aee4       0x4c Output/Release//main.o
                0x000000000002aee4                ble_int_cw_tx()
 .text._Z14ble_int_mcw_txv
                0x000000000002af30       0x4c Output/Release//main.o
                0x000000000002af30                ble_int_mcw_tx()
 .text._Z13lte_int_cw_txv
                0x000000000002af7c       0x7c Output/Release//main.o
                0x000000000002af7c                lte_int_cw_tx()
 .text._Z14lte_int_mcw_txv
                0x000000000002aff8       0x78 Output/Release//main.o
                0x000000000002aff8                lte_int_mcw_tx()
 .text._Z10lte_int_rxv
                0x000000000002b070       0x78 Output/Release//main.o
                0x000000000002b070                lte_int_rx()
 .text._Z7bleScani
                0x000000000002b0e8       0x64 Output/Release//main.o
                0x000000000002b0e8                bleScan(int)
 .text._Z11ble_cont_rxv
                0x000000000002b14c       0x14 Output/Release//main.o
                0x000000000002b14c                ble_cont_rx()
 .text._Z10ble_int_rxv
                0x000000000002b160       0x34 Output/Release//main.o
                0x000000000002b160                ble_int_rx()
 .text._Z16ble_int_cw_tx_rxv
                0x000000000002b194       0x58 Output/Release//main.o
                0x000000000002b194                ble_int_cw_tx_rx()
 .text._Z17ble_int_mcw_tx_rxv
                0x000000000002b1ec       0x58 Output/Release//main.o
                0x000000000002b1ec                ble_int_mcw_tx_rx()
 .text._Z4scanv
                0x000000000002b244       0x18 Output/Release//main.o
                0x000000000002b244                scan()
 .text.startup.main
                0x000000000002b25c      0x1a8 Output/Release//main.o
                0x000000000002b25c                main
 .text.startup._GLOBAL__sub_I_state
                0x000000000002b404       0xa8 Output/Release//main.o
 .text._GetAvailWriteSpace
                0x000000000002b4ac       0x12 Output/Release//SEGGER_RTT.o
 .text._WriteNoCheck
                0x000000000002b4be       0x38 Output/Release//SEGGER_RTT.o
 .text._WriteBlocking
                0x000000000002b4f6       0x52 Output/Release//SEGGER_RTT.o
 .text._DoInit  0x000000000002b548       0x60 Output/Release//SEGGER_RTT.o
 .text.SEGGER_RTT_WriteNoLock
                0x000000000002b5a8       0x60 Output/Release//SEGGER_RTT.o
                0x000000000002b5a8                SEGGER_RTT_WriteNoLock
 .text.SEGGER_RTT_Write
                0x000000000002b608       0x40 Output/Release//SEGGER_RTT.o
                0x000000000002b608                SEGGER_RTT_Write
 .text.printf   0x000000000002b648       0x3a Output/Release//SEGGER_RTT_Syscalls_SES.o
                0x000000000002b648                printf
 .text.sd_ble_gap_addr_get
                0x000000000002b682        0x4 Output/Release//ble_advdata.o
 .text.sd_ble_gap_appearance_get
                0x000000000002b686        0x4 Output/Release//ble_advdata.o
 .text.sd_ble_gap_device_name_get
                0x000000000002b68a        0x4 Output/Release//ble_advdata.o
 .text.sd_ble_uuid_encode
                0x000000000002b68e        0x4 Output/Release//ble_advdata.o
 .text.uuid_list_sized_encode
                0x000000000002b692       0xac Output/Release//ble_advdata.o
 .text.uuid_list_encode
                0x000000000002b73e       0x38 Output/Release//ble_advdata.o
 .text.ble_advdata_encode
                0x000000000002b776      0x392 Output/Release//ble_advdata.o
                0x000000000002b776                ble_advdata_encode
 .text.ble_advdata_search
                0x000000000002bb08       0x42 Output/Release//ble_advdata.o
                0x000000000002bb08                ble_advdata_search
 .text.ble_advdata_parse
                0x000000000002bb4a       0x20 Output/Release//ble_advdata.o
                0x000000000002bb4a                ble_advdata_parse
 .text.sd_ble_gap_adv_set_configure
                0x000000000002bb6a        0x4 Output/Release//ble_advertising.o
 .text.sd_ble_gap_adv_start
                0x000000000002bb6e        0x4 Output/Release//ble_advertising.o
 .text.flags_set
                0x000000000002bb72       0x2c Output/Release//ble_advertising.o
 .text.ble_advertising_conn_cfg_tag_set
                0x000000000002bb9e        0x6 Output/Release//ble_advertising.o
                0x000000000002bb9e                ble_advertising_conn_cfg_tag_set
 .text.ble_advertising_init
                0x000000000002bba4       0xfe Output/Release//ble_advertising.o
                0x000000000002bba4                ble_advertising_init
 .text.ble_advertising_start
                0x000000000002bca2      0x21a Output/Release//ble_advertising.o
                0x000000000002bca2                ble_advertising_start
 .text.ble_advertising_on_ble_evt
                0x000000000002bebc       0x6a Output/Release//ble_advertising.o
                0x000000000002bebc                ble_advertising_on_ble_evt
 .text.sd_ble_gap_conn_param_update
                0x000000000002bf26        0x4 Output/Release//ble_conn_params.o
 .text.sd_ble_gap_disconnect
                0x000000000002bf2a        0x4 Output/Release//ble_conn_params.o
 .text.sd_ble_gap_ppcp_set
                0x000000000002bf2e        0x4 Output/Release//ble_conn_params.o
 .text.sd_ble_gap_ppcp_get
                0x000000000002bf32        0x4 Output/Release//ble_conn_params.o
 *fill*         0x000000000002bf36        0x2 
 .text.instance_get
                0x000000000002bf38       0x14 Output/Release//ble_conn_params.o
 .text.send_error_evt
                0x000000000002bf4c       0x10 Output/Release//ble_conn_params.o
 .text.update_timeout_handler
                0x000000000002bf5c       0x70 Output/Release//ble_conn_params.o
 .text.conn_params_negotiation
                0x000000000002bfcc       0x48 Output/Release//ble_conn_params.o
 .text.is_conn_params_ok.constprop.0
                0x000000000002c014       0x32 Output/Release//ble_conn_params.o
 *fill*         0x000000000002c046        0x2 
 .text.ble_evt_handler
                0x000000000002c048       0xe0 Output/Release//ble_conn_params.o
 .text.ble_conn_params_init
                0x000000000002c128       0x74 Output/Release//ble_conn_params.o
                0x000000000002c128                ble_conn_params_init
 .text.flag_toggle
                0x000000000002c19c        0xa Output/Release//ble_conn_state.o
 .text.conn_handle_list_get
                0x000000000002c1a6       0x2e Output/Release//ble_conn_state.o
                0x000000000002c1a6                conn_handle_list_get
 .text.ble_evt_handler
                0x000000000002c1d4      0x110 Output/Release//ble_conn_state.o
 .text.ble_conn_state_valid
                0x000000000002c2e4       0x14 Output/Release//ble_conn_state.o
                0x000000000002c2e4                ble_conn_state_valid
 .text.ble_conn_state_conn_idx
                0x000000000002c2f8       0x12 Output/Release//ble_conn_state.o
                0x000000000002c2f8                ble_conn_state_conn_idx
 .text.blcm_link_ctx_get
                0x000000000002c30a       0x4e Output/Release//ble_link_ctx_manager.o
                0x000000000002c30a                blcm_link_ctx_get
 .text.sd_ble_gatts_characteristic_add
                0x000000000002c358        0x4 Output/Release//ble_srv_common.o
 .text.set_security_req
                0x000000000002c35c       0x2a Output/Release//ble_srv_common.o
 .text.ble_srv_is_notification_enabled
                0x000000000002c386        0x8 Output/Release//ble_srv_common.o
                0x000000000002c386                ble_srv_is_notification_enabled
 .text.characteristic_add
                0x000000000002c38e      0x154 Output/Release//ble_srv_common.o
                0x000000000002c38e                characteristic_add
 .text.sd_ble_gap_data_length_update
                0x000000000002c4e2        0x4 Output/Release//nrf_ble_gatt.o
 .text.sd_ble_gattc_exchange_mtu_request
                0x000000000002c4e6        0x4 Output/Release//nrf_ble_gatt.o
 .text.sd_ble_gatts_exchange_mtu_reply
                0x000000000002c4ea        0x4 Output/Release//nrf_ble_gatt.o
 .text.data_length_update
                0x000000000002c4ee       0x28 Output/Release//nrf_ble_gatt.o
 .text.nrf_ble_gatt_init
                0x000000000002c516       0x28 Output/Release//nrf_ble_gatt.o
                0x000000000002c516                nrf_ble_gatt_init
 .text.nrf_ble_gatt_att_mtu_periph_set
                0x000000000002c53e       0x18 Output/Release//nrf_ble_gatt.o
                0x000000000002c53e                nrf_ble_gatt_att_mtu_periph_set
 .text.nrf_ble_gatt_on_ble_evt
                0x000000000002c556      0x138 Output/Release//nrf_ble_gatt.o
                0x000000000002c556                nrf_ble_gatt_on_ble_evt
 .text.sd_ble_gatts_rw_authorize_reply
                0x000000000002c68e        0x4 Output/Release//nrf_ble_qwr.o
 .text.sd_ble_user_mem_reply
                0x000000000002c692        0x4 Output/Release//nrf_ble_qwr.o
 .text.user_mem_reply.part.0
                0x000000000002c696       0x24 Output/Release//nrf_ble_qwr.o
 .text.nrf_ble_qwr_init
                0x000000000002c6ba       0x24 Output/Release//nrf_ble_qwr.o
                0x000000000002c6ba                nrf_ble_qwr_init
 .text.nrf_ble_qwr_conn_handle_assign
                0x000000000002c6de       0x16 Output/Release//nrf_ble_qwr.o
                0x000000000002c6de                nrf_ble_qwr_conn_handle_assign
 .text.nrf_ble_qwr_on_ble_evt
                0x000000000002c6f4       0xa6 Output/Release//nrf_ble_qwr.o
                0x000000000002c6f4                nrf_ble_qwr_on_ble_evt
 .text.sd_ble_gatts_service_add
                0x000000000002c79a        0x4 Output/Release//ble_nus.o
 .text.sd_ble_gatts_value_get
                0x000000000002c79e        0x4 Output/Release//ble_nus.o
 .text.sd_ble_gatts_hvx
                0x000000000002c7a2        0x4 Output/Release//ble_nus.o
 .text.sd_ble_uuid_vs_add
                0x000000000002c7a6        0x4 Output/Release//ble_nus.o
 .text.ble_nus_on_ble_evt
                0x000000000002c7aa      0x132 Output/Release//ble_nus.o
                0x000000000002c7aa                ble_nus_on_ble_evt
 .text.ble_nus_init
                0x000000000002c8dc       0xf4 Output/Release//ble_nus.o
                0x000000000002c8dc                ble_nus_init
 .text.ble_nus_data_send
                0x000000000002c9d0       0x66 Output/Release//ble_nus.o
                0x000000000002c9d0                ble_nus_data_send
 .text.sd_softdevice_enable
                0x000000000002ca36        0x4 Output/Release//nrf_sdh.o
 .text.sd_softdevice_disable
                0x000000000002ca3a        0x4 Output/Release//nrf_sdh.o
 *fill*         0x000000000002ca3e        0x2 
 .text.sdh_request_observer_notify
                0x000000000002ca40       0x30 Output/Release//nrf_sdh.o
 .text.sdh_state_observer_notify
                0x000000000002ca70       0x28 Output/Release//nrf_sdh.o
 .text.softdevice_evt_irq_disable
                0x000000000002ca98       0x24 Output/Release//nrf_sdh.o
 .text.softdevices_evt_irq_enable
                0x000000000002cabc       0x38 Output/Release//nrf_sdh.o
 .text.nrf_sdh_enable_request
                0x000000000002caf4       0x7c Output/Release//nrf_sdh.o
                0x000000000002caf4                nrf_sdh_enable_request
 .text.nrf_sdh_disable_request
                0x000000000002cb70       0x60 Output/Release//nrf_sdh.o
                0x000000000002cb70                nrf_sdh_disable_request
 .text.nrf_sdh_is_enabled
                0x000000000002cbd0        0xc Output/Release//nrf_sdh.o
                0x000000000002cbd0                nrf_sdh_is_enabled
 .text.nrf_sdh_evts_poll
                0x000000000002cbdc       0x28 Output/Release//nrf_sdh.o
                0x000000000002cbdc                nrf_sdh_evts_poll
 .text.SWI2_EGU2_IRQHandler
                0x000000000002cc04        0x4 Output/Release//nrf_sdh.o
                0x000000000002cc04                SWI2_EGU2_IRQHandler
 .text.sd_ble_enable
                0x000000000002cc08        0x4 Output/Release//nrf_sdh_ble.o
 .text.sd_ble_cfg_set
                0x000000000002cc0c        0x4 Output/Release//nrf_sdh_ble.o
 .text.sd_ble_evt_get
                0x000000000002cc10        0x4 Output/Release//nrf_sdh_ble.o
 .text.nrf_sdh_ble_evts_poll.part.0
                0x000000000002cc14       0x54 Output/Release//nrf_sdh_ble.o
 .text.nrf_sdh_ble_evts_poll
                0x000000000002cc68       0x10 Output/Release//nrf_sdh_ble.o
 .text.nrf_sdh_ble_app_ram_start_get
                0x000000000002cc78       0x14 Output/Release//nrf_sdh_ble.o
                0x000000000002cc78                nrf_sdh_ble_app_ram_start_get
 .text.nrf_sdh_ble_default_cfg_set
                0x000000000002cc8c       0xd0 Output/Release//nrf_sdh_ble.o
                0x000000000002cc8c                nrf_sdh_ble_default_cfg_set
 .text.nrf_sdh_ble_enable
                0x000000000002cd5c       0x14 Output/Release//nrf_sdh_ble.o
                0x000000000002cd5c                nrf_sdh_ble_enable
 .text.sd_evt_get
                0x000000000002cd70        0x4 Output/Release//nrf_sdh_soc.o
 .text.nrf_sdh_soc_evts_poll
                0x000000000002cd74       0x40 Output/Release//nrf_sdh_soc.o
 .text._ZN9RH_SX126xC2Ev
                0x000000000002cdb4        0x2 Output/Release//RH_SX126x.o
                0x000000000002cdb4                RH_SX126x::RH_SX126x()
                0x000000000002cdb4                RH_SX126x::RH_SX126x()
 .text._ZN7RH_RF9516maxMessageLengthEv
                0x000000000002cdb6        0x4 Output/Release//RH_RF95.o
                0x000000000002cdb6                RH_RF95::maxMessageLength()
 *fill*         0x000000000002cdba        0x2 
 .text._ZN7RH_RF95C2Ev
                0x000000000002cdbc        0xc Output/Release//RH_RF95.o
                0x000000000002cdbc                RH_RF95::RH_RF95()
                0x000000000002cdbc                RH_RF95::RH_RF95()
 .text._ZN7RH_RF958spiWriteEhh
                0x000000000002cdc8       0x40 Output/Release//RH_RF95.o
                0x000000000002cdc8                RH_RF95::spiWrite(unsigned char, unsigned char)
 .text._ZN7RH_RF955sleepEv
                0x000000000002ce08       0x1e Output/Release//RH_RF95.o
                0x000000000002ce08                RH_RF95::sleep()
 .text._ZN7RH_RF9515isChannelActiveEv
                0x000000000002ce26       0x30 Output/Release//RH_RF95.o
                0x000000000002ce26                RH_RF95::isChannelActive()
 *fill*         0x000000000002ce56        0x2 
 .text._Z8N_handleP14app_uart_evt_t
                0x000000000002ce58       0x20 Output/Release//4gSIM.o
                0x000000000002ce58                N_handle(app_uart_evt_t*)
 .text.nrf_delay_ms.part.0
                0x000000000002ce78       0x1c Output/Release//4gSIM.o
 .text._ZN5nbiot10SerialInitEjj
                0x000000000002ce94       0x60 Output/Release//4gSIM.o
                0x000000000002ce94                nbiot::SerialInit(unsigned int, unsigned int)
 .text._ZN5nbiot4InitEjjPFvjEPVi
                0x000000000002cef4       0x20 Output/Release//4gSIM.o
                0x000000000002cef4                nbiot::Init(unsigned int, unsigned int, void (*)(unsigned int), int volatile*)
 .text._ZN5nbiot11SendCommandEPKcjS1_
                0x000000000002cf14       0xc0 Output/Release//4gSIM.o
                0x000000000002cf14                nbiot::SendCommand(char const*, unsigned int, char const*)
 .text._ZN5nbiot12UnInitializeEv
                0x000000000002cfd4       0x38 Output/Release//4gSIM.o
                0x000000000002cfd4                nbiot::UnInitialize()
 .text._ZN5nbiot9GetConfigEv
                0x000000000002d00c       0x84 Output/Release//4gSIM.o
                0x000000000002d00c                nbiot::GetConfig()
 .text._ZN5nbiot15CheckConnectionEv
                0x000000000002d090       0x84 Output/Release//4gSIM.o
                0x000000000002d090                nbiot::CheckConnection()
 .text._ZN5nbiot19nordicSendAtCommandEPKc
                0x000000000002d114       0x54 Output/Release//4gSIM.o
                0x000000000002d114                nbiot::nordicSendAtCommand(char const*)
 .text._ZN5nbiot9SetConfigEh
                0x000000000002d168      0x14c Output/Release//4gSIM.o
                0x000000000002d168                nbiot::SetConfig(unsigned char)
 .text._ZN5nbiot15CalculateTxBandEi
                0x000000000002d2b4       0x28 Output/Release//4gSIM.o
                0x000000000002d2b4                nbiot::CalculateTxBand(int)
 .text._ZN5nbiot15CalculateRxBandEi
                0x000000000002d2dc       0x28 Output/Release//4gSIM.o
                0x000000000002d2dc                nbiot::CalculateRxBand(int)
 .text._ZN5nbiot10CwFunctionEiiiib
                0x000000000002d304      0x120 Output/Release//4gSIM.o
                0x000000000002d304                nbiot::CwFunction(int, int, int, int, bool)
 .text._ZN6TMP117C2Ev
                0x000000000002d424        0x2 Output/Release//TMP117.o
                0x000000000002d424                TMP117::TMP117()
                0x000000000002d424                TMP117::TMP117()
 .text._ZN6Dps3109readBlockEhhPh.part.0
                0x000000000002d426       0x4c Output/Release//Dps310.o
 *fill*         0x000000000002d472        0x2 
 .text.nrf_delay_ms.part.0
                0x000000000002d474       0x1c Output/Release//Dps310.o
 .text._ZN6Dps310C2Ev
                0x000000000002d490        0x6 Output/Release//Dps310.o
                0x000000000002d490                Dps310::Dps310()
                0x000000000002d490                Dps310::Dps310()
 .text._ZN6Dps31010readcoeffsEv
                0x000000000002d496       0xea Output/Release//Dps310.o
                0x000000000002d496                Dps310::readcoeffs()
 .text._ZN6Dps3108calcTempEi
                0x000000000002d580       0x60 Output/Release//Dps310.o
                0x000000000002d580                Dps310::calcTemp(int)
 .text._ZN6Dps3107getTempEPi
                0x000000000002d5e0       0x58 Output/Release//Dps310.o
                0x000000000002d5e0                Dps310::getTemp(int*)
 .text._ZN6Dps31012calcPressureEi
                0x000000000002d638      0x104 Output/Release//Dps310.o
                0x000000000002d638                Dps310::calcPressure(int)
 .text._ZN6Dps31011getPressureEPi
                0x000000000002d73c       0x58 Output/Release//Dps310.o
                0x000000000002d73c                Dps310::getPressure(int*)
 .text._ZN6Dps3108readByteEh
                0x000000000002d794       0x50 Output/Release//Dps310.o
                0x000000000002d794                Dps310::readByte(unsigned char)
 .text._ZN6Dps3109writeByteEhhh
                0x000000000002d7e4       0x5c Output/Release//Dps310.o
                0x000000000002d7e4                Dps310::writeByte(unsigned char, unsigned char, unsigned char)
 .text._ZN6Dps3109writeByteEhh
                0x000000000002d840        0x6 Output/Release//Dps310.o
                0x000000000002d840                Dps310::writeByte(unsigned char, unsigned char)
 .text._ZN6Dps3109setOpModeEh
                0x000000000002d846       0x24 Output/Release//Dps310.o
                0x000000000002d846                Dps310::setOpMode(unsigned char)
 .text._ZN6Dps31017writeByteBitfieldEhhhhh
                0x000000000002d86a       0x46 Output/Release//Dps310.o
                0x000000000002d86a                Dps310::writeByteBitfield(unsigned char, unsigned char, unsigned char, unsigned char, unsigned char)
 .text._ZN6Dps31017writeByteBitfieldEhhhh
                0x000000000002d8b0       0x14 Output/Release//Dps310.o
                0x000000000002d8b0                Dps310::writeByteBitfield(unsigned char, unsigned char, unsigned char, unsigned char)
 .text._ZN6Dps3107standbyEv
                0x000000000002d8c4       0x3c Output/Release//Dps310.o
                0x000000000002d8c4                Dps310::standby()
 .text._ZN6Dps310D2Ev
                0x000000000002d900        0xc Output/Release//Dps310.o
                0x000000000002d900                Dps310::~Dps310()
                0x000000000002d900                Dps310::~Dps310()
 .text._ZN6Dps31010configTempEhh
                0x000000000002d90c       0x68 Output/Release//Dps310.o
                0x000000000002d90c                Dps310::configTemp(unsigned char, unsigned char)
 .text._ZN6Dps31020startMeasureTempOnceEh
                0x000000000002d974       0x3a Output/Release//Dps310.o
                0x000000000002d974                Dps310::startMeasureTempOnce(unsigned char)
 .text._ZN6Dps31014configPressureEhh
                0x000000000002d9ae       0x5e Output/Release//Dps310.o
                0x000000000002d9ae                Dps310::configPressure(unsigned char, unsigned char)
 .text._ZN6Dps31024startMeasurePressureOnceEh
                0x000000000002da0c       0x3a Output/Release//Dps310.o
                0x000000000002da0c                Dps310::startMeasurePressureOnce(unsigned char)
 .text._ZN6Dps31016readByteBitfieldEhhh
                0x000000000002da46       0x14 Output/Release//Dps310.o
                0x000000000002da46                Dps310::readByteBitfield(unsigned char, unsigned char, unsigned char)
 .text._ZN6Dps31015getSingleResultERi
                0x000000000002da5a       0x68 Output/Release//Dps310.o
                0x000000000002da5a                Dps310::getSingleResult(int&)
 .text._ZN6Dps31015measureTempOnceERih
                0x000000000002dac2       0x44 Output/Release//Dps310.o
                0x000000000002dac2                Dps310::measureTempOnce(int&, unsigned char)
 .text._ZN6Dps31015measureTempOnceERi
                0x000000000002db06        0x6 Output/Release//Dps310.o
                0x000000000002db06                Dps310::measureTempOnce(int&)
 .text._ZN6Dps31011correctTempEv
                0x000000000002db0c       0x4c Output/Release//Dps310.o
                0x000000000002db0c                Dps310::correctTemp()
 .text._ZN6Dps31019measurePressureOnceERih
                0x000000000002db58       0x44 Output/Release//Dps310.o
                0x000000000002db58                Dps310::measurePressureOnce(int&, unsigned char)
 .text._ZN6Dps31019measurePressureOnceERi
                0x000000000002db9c        0x6 Output/Release//Dps310.o
                0x000000000002db9c                Dps310::measurePressureOnce(int&)
 .text._ZN6Dps3104initEv
                0x000000000002dba2       0x8a Output/Release//Dps310.o
                0x000000000002dba2                Dps310::init()
 .text._ZN6Dps3105beginER7TwoWireh
                0x000000000002dc2c       0x1a Output/Release//Dps310.o
                0x000000000002dc2c                Dps310::begin(TwoWire&, unsigned char)
 .text._ZN7TCA9535C2Ev
                0x000000000002dc46        0x2 Output/Release//TCA9535.o
                0x000000000002dc46                TCA9535::TCA9535()
                0x000000000002dc46                TCA9535::TCA9535()
 .text._ZN7TCA95356write8Ehh
                0x000000000002dc48       0x40 Output/Release//TCA9535.o
                0x000000000002dc48                TCA9535::write8(unsigned char, unsigned char)
 .text._ZN7TCA95355read8Eh
                0x000000000002dc88       0x50 Output/Release//TCA9535.o
                0x000000000002dc88                TCA9535::read8(unsigned char)
 .text._ZN7TCA95356setPinEhNS_11pin_settingE
                0x000000000002dcd8       0x54 Output/Release//TCA9535.o
                0x000000000002dcd8                TCA9535::setPin(unsigned char, TCA9535::pin_setting)
 .text._ZN7TCA95358writePinEhNS_10pin_outputE
                0x000000000002dd2c       0x4e Output/Release//TCA9535.o
                0x000000000002dd2c                TCA9535::writePin(unsigned char, TCA9535::pin_output)
 .text._ZN6LIS3DHC2Ev
                0x000000000002dd7a        0x2 Output/Release//LIS3DH.o
                0x000000000002dd7a                LIS3DH::LIS3DH()
                0x000000000002dd7a                LIS3DH::LIS3DH()
 .text._ZN6LIS3DH14writeRegister8Ehh
                0x000000000002dd7c       0x40 Output/Release//LIS3DH.o
                0x000000000002dd7c                LIS3DH::writeRegister8(unsigned char, unsigned char)
 .text._ZN6LIS3DH13readRegister8Eh
                0x000000000002ddbc       0x54 Output/Release//LIS3DH.o
                0x000000000002ddbc                LIS3DH::readRegister8(unsigned char)
 .text._ZN6LIS3DH5beginEhh
                0x000000000002de10       0x38 Output/Release//LIS3DH.o
                0x000000000002de10                LIS3DH::begin(unsigned char, unsigned char)
 .text._ZN6LIS3DH8getRangeEv
                0x000000000002de48        0xe Output/Release//LIS3DH.o
                0x000000000002de48                LIS3DH::getRange()
 *fill*         0x000000000002de56        0x2 
 .text._ZN6LIS3DH4readEv
                0x000000000002de58       0xec Output/Release//LIS3DH.o
                0x000000000002de58                LIS3DH::read()
 .text._ZN6LIS3DH11setDataRateE17lis3dh_dataRate_t
                0x000000000002df44       0x22 Output/Release//LIS3DH.o
                0x000000000002df44                LIS3DH::setDataRate(lis3dh_dataRate_t)
 .text._ZN6LIS3DH19serviceReferenceIntEv
                0x000000000002df66       0x16 Output/Release//LIS3DH.o
                0x000000000002df66                LIS3DH::serviceReferenceInt()
 .text._ZL15I2CEventHandlerPK15nrfx_twim_evt_tPv
                0x000000000002df7c       0x40 Output/Release//i2c_wrapper.o
 .text._ZN10I2CWrapperC2Ejjh20nrf_twim_frequency_t
                0x000000000002dfbc       0x18 Output/Release//i2c_wrapper.o
                0x000000000002dfbc                I2CWrapper::I2CWrapper(unsigned int, unsigned int, unsigned char, nrf_twim_frequency_t)
                0x000000000002dfbc                I2CWrapper::I2CWrapper(unsigned int, unsigned int, unsigned char, nrf_twim_frequency_t)
 .text._ZN10I2CWrapper13InitializeI2CEv
                0x000000000002dfd4       0x4c Output/Release//i2c_wrapper.o
                0x000000000002dfd4                I2CWrapper::InitializeI2C()
 .text._ZN10I2CWrapper14GetI2CInstanceEv
                0x000000000002e020        0x4 Output/Release//i2c_wrapper.o
                0x000000000002e020                I2CWrapper::GetI2CInstance()
 .text._Z12SetErrorMaskt
                0x000000000002e024       0x10 Output/Release//error_handler.o
                0x000000000002e024                SetErrorMask(unsigned short)
 .text.__aeabi_dadd
                0x000000000002e034      0x244 C:/Program Files/SEGGER/SEGGER Embedded Studio for ARM 5.42a/lib/libm_v7em_fpv4_sp_d16_hard_t_le_eabi.a(libm_asm.o)
                0x000000000002e034                __aeabi_dadd
 .text.__aeabi_dsub
                0x000000000002e278        0x8 C:/Program Files/SEGGER/SEGGER Embedded Studio for ARM 5.42a/lib/libm_v7em_fpv4_sp_d16_hard_t_le_eabi.a(libm_asm.o)
                0x000000000002e278                __aeabi_dsub
 .text.__aeabi_dmul
                0x000000000002e280      0x138 C:/Program Files/SEGGER/SEGGER Embedded Studio for ARM 5.42a/lib/libm_v7em_fpv4_sp_d16_hard_t_le_eabi.a(libm_asm.o)
                0x000000000002e280                __aeabi_dmul
 .text.__aeabi_ddiv
                0x000000000002e3b8      0x1cc C:/Program Files/SEGGER/SEGGER Embedded Studio for ARM 5.42a/lib/libm_v7em_fpv4_sp_d16_hard_t_le_eabi.a(libm_asm.o)
                0x000000000002e3b8                __aeabi_ddiv
 .text.__aeabi_dcmple
                0x000000000002e584       0x3c C:/Program Files/SEGGER/SEGGER Embedded Studio for ARM 5.42a/lib/libm_v7em_fpv4_sp_d16_hard_t_le_eabi.a(libm_asm.o)
                0x000000000002e584                __aeabi_dcmple
 .text.__aeabi_dcmpeq
                0x000000000002e5c0       0x34 C:/Program Files/SEGGER/SEGGER Embedded Studio for ARM 5.42a/lib/libm_v7em_fpv4_sp_d16_hard_t_le_eabi.a(libm_asm.o)
                0x000000000002e5c0                __aeabi_dcmpeq
 .text.__aeabi_dcmpge
                0x000000000002e5f4       0x3c C:/Program Files/SEGGER/SEGGER Embedded Studio for ARM 5.42a/lib/libm_v7em_fpv4_sp_d16_hard_t_le_eabi.a(libm_asm.o)
                0x000000000002e5f4                __aeabi_dcmpge
 .text.__aeabi_dcmpgt
                0x000000000002e630       0x38 C:/Program Files/SEGGER/SEGGER Embedded Studio for ARM 5.42a/lib/libm_v7em_fpv4_sp_d16_hard_t_le_eabi.a(libm_asm.o)
                0x000000000002e630                __aeabi_dcmpgt
 .text.__aeabi_dcmplt
                0x000000000002e668       0x38 C:/Program Files/SEGGER/SEGGER Embedded Studio for ARM 5.42a/lib/libm_v7em_fpv4_sp_d16_hard_t_le_eabi.a(libm_asm.o)
                0x000000000002e668                __aeabi_dcmplt
 .text.__aeabi_d2iz
                0x000000000002e6a0       0x4c C:/Program Files/SEGGER/SEGGER Embedded Studio for ARM 5.42a/lib/libm_v7em_fpv4_sp_d16_hard_t_le_eabi.a(libm_asm.o)
                0x000000000002e6a0                __aeabi_d2iz
 .text.__aeabi_i2d
                0x000000000002e6ec       0x28 C:/Program Files/SEGGER/SEGGER Embedded Studio for ARM 5.42a/lib/libm_v7em_fpv4_sp_d16_hard_t_le_eabi.a(libm_asm.o)
                0x000000000002e6ec                __aeabi_i2d
 .text.__aeabi_f2d
                0x000000000002e714       0x34 C:/Program Files/SEGGER/SEGGER Embedded Studio for ARM 5.42a/lib/libm_v7em_fpv4_sp_d16_hard_t_le_eabi.a(libm_asm.o)
                0x000000000002e714                __aeabi_f2d
 .text.__aeabi_d2f
                0x000000000002e748       0x54 C:/Program Files/SEGGER/SEGGER Embedded Studio for ARM 5.42a/lib/libm_v7em_fpv4_sp_d16_hard_t_le_eabi.a(libm_asm.o)
                0x000000000002e748                __aeabi_d2f
 .text.__float32_isinf
                0x000000000002e79c       0x14 C:/Program Files/SEGGER/SEGGER Embedded Studio for ARM 5.42a/lib/libm_v7em_fpv4_sp_d16_hard_t_le_eabi.a(libm_asm.o)
                0x000000000002e79c                __float32_isinf
 .text.__float32_isnan
                0x000000000002e7b0       0x14 C:/Program Files/SEGGER/SEGGER Embedded Studio for ARM 5.42a/lib/libm_v7em_fpv4_sp_d16_hard_t_le_eabi.a(libm_asm.o)
                0x000000000002e7b0                __float32_isnan
 .text.__float64_isnan
                0x000000000002e7c4       0x14 C:/Program Files/SEGGER/SEGGER Embedded Studio for ARM 5.42a/lib/libm_v7em_fpv4_sp_d16_hard_t_le_eabi.a(libm_asm.o)
                0x000000000002e7c4                __float64_isnan
 .text.__float32_signbit
                0x000000000002e7d8        0xc C:/Program Files/SEGGER/SEGGER Embedded Studio for ARM 5.42a/lib/libm_v7em_fpv4_sp_d16_hard_t_le_eabi.a(libm_asm.o)
                0x000000000002e7d8                __float32_signbit
 .text.fabs     0x000000000002e7e4       0x10 C:/Program Files/SEGGER/SEGGER Embedded Studio for ARM 5.42a/lib/libm_v7em_fpv4_sp_d16_hard_t_le_eabi.a(libm_asm.o)
                0x000000000002e7e4                fabs(double)
                0x000000000002e7e4                fabs
 .text.fabsf    0x000000000002e7f4        0x8 C:/Program Files/SEGGER/SEGGER Embedded Studio for ARM 5.42a/lib/libm_v7em_fpv4_sp_d16_hard_t_le_eabi.a(libm_asm.o)
                0x000000000002e7f4                fabsf
                0x000000000002e7f4                fabs(float)
 .text.floorf   0x000000000002e7fc       0x70 C:/Program Files/SEGGER/SEGGER Embedded Studio for ARM 5.42a/lib/libm_v7em_fpv4_sp_d16_hard_t_le_eabi.a(libm_asm.o)
                0x000000000002e7fc                floorf
                0x000000000002e7fc                floor(float)
 .text.frexpf   0x000000000002e86c       0x3c C:/Program Files/SEGGER/SEGGER Embedded Studio for ARM 5.42a/lib/libm_v7em_fpv4_sp_d16_hard_t_le_eabi.a(libm_asm.o)
                0x000000000002e86c                frexpf
                0x000000000002e86c                frexp(float, int*)
 .text.ldexpf   0x000000000002e8a8       0x48 C:/Program Files/SEGGER/SEGGER Embedded Studio for ARM 5.42a/lib/libm_v7em_fpv4_sp_d16_hard_t_le_eabi.a(libm_asm.o)
                0x000000000002e8a8                ldexp(float, int)
                0x000000000002e8a8                ldexpf
 .text.libc.frexp
                0x000000000002e8f0       0x50 C:/Program Files/SEGGER/SEGGER Embedded Studio for ARM 5.42a/lib/libm_v7em_fpv4_sp_d16_hard_t_le_eabi.a(libm2.o)
                0x000000000002e8f0                frexpl(long double, int*)
                0x000000000002e8f0                frexpl
                0x000000000002e8f0                frexp
                0x000000000002e8f0                frexp(double, int*)
 .text.libc.ldexp
                0x000000000002e940       0x7c C:/Program Files/SEGGER/SEGGER Embedded Studio for ARM 5.42a/lib/libm_v7em_fpv4_sp_d16_hard_t_le_eabi.a(libm2.o)
                0x000000000002e940                ldexpl(long double, int)
                0x000000000002e940                ldexp
                0x000000000002e940                ldexpl
                0x000000000002e940                ldexp(double, int)
 *fill*         0x000000000002e9bc        0x4 
 .text.libc.exp
                0x000000000002e9c0      0x200 C:/Program Files/SEGGER/SEGGER Embedded Studio for ARM 5.42a/lib/libm_v7em_fpv4_sp_d16_hard_t_le_eabi.a(libm2.o)
                0x000000000002e9c0                expl(long double)
                0x000000000002e9c0                exp
                0x000000000002e9c0                expl
                0x000000000002e9c0                exp(double)
 .text.libc.log
                0x000000000002ebc0      0x230 C:/Program Files/SEGGER/SEGGER Embedded Studio for ARM 5.42a/lib/libm_v7em_fpv4_sp_d16_hard_t_le_eabi.a(libm2.o)
                0x000000000002ebc0                log(double)
                0x000000000002ebc0                logl
                0x000000000002ebc0                logl(long double)
                0x000000000002ebc0                log
 .text.libc.modff
                0x000000000002edf0       0x5c C:/Program Files/SEGGER/SEGGER Embedded Studio for ARM 5.42a/lib/libm_v7em_fpv4_sp_d16_hard_t_le_eabi.a(libm2.o)
                0x000000000002edf0                modf(float, float*)
                0x000000000002edf0                modff
 *fill*         0x000000000002ee4c        0x4 
 .text.libc.pow
                0x000000000002ee50      0x168 C:/Program Files/SEGGER/SEGGER Embedded Studio for ARM 5.42a/lib/libm_v7em_fpv4_sp_d16_hard_t_le_eabi.a(libm2.o)
                0x000000000002ee50                pow
                0x000000000002ee50                powl(long double, long double)
                0x000000000002ee50                powl
                0x000000000002ee50                pow(double, double)
 .text.libc.fmodf
                0x000000000002efb8       0xfc C:/Program Files/SEGGER/SEGGER Embedded Studio for ARM 5.42a/lib/libm_v7em_fpv4_sp_d16_hard_t_le_eabi.a(libm2.o)
                0x000000000002efb8                fmod(float, float)
                0x000000000002efb8                fmodf
 .text.libc.__int64_udivmod
                0x000000000002f0b4       0xce C:/Program Files/SEGGER/SEGGER Embedded Studio for ARM 5.42a/lib/libc_v7em_fpv4_sp_d16_hard_t_le_eabi.a(libc_asm.o)
                0x000000000002f0b4                __aeabi_uldivmod
                0x000000000002f0b4                __int64_udiv
                0x000000000002f0b4                __udivdi3
                0x000000000002f0b4                __int64_udivmod
 *fill*         0x000000000002f182        0x2 
 .text.libc.__RAL_pow10f
                0x000000000002f184       0x44 C:/Program Files/SEGGER/SEGGER Embedded Studio for ARM 5.42a/lib/libc_v7em_fpv4_sp_d16_hard_t_le_eabi.a(libc2.o)
                0x000000000002f184                __RAL_pow10f
 .text.libc.__putc
                0x000000000002f1c8       0x36 C:/Program Files/SEGGER/SEGGER Embedded Studio for ARM 5.42a/lib/libc_v7em_fpv4_sp_d16_hard_t_le_eabi.a(libc2.o)
                0x000000000002f1c8                __putc
 .text.libc.__RAL_print_padding
                0x000000000002f1fe       0x1c C:/Program Files/SEGGER/SEGGER Embedded Studio for ARM 5.42a/lib/libc_v7em_fpv4_sp_d16_hard_t_le_eabi.a(libc2.o)
                0x000000000002f1fe                __RAL_print_padding
 .text.libc.__RAL_pre_padding
                0x000000000002f21a       0x1a C:/Program Files/SEGGER/SEGGER Embedded Studio for ARM 5.42a/lib/libc_v7em_fpv4_sp_d16_hard_t_le_eabi.a(libc2.o)
                0x000000000002f21a                __RAL_pre_padding
 .text.libc.__xtoa
                0x000000000002f234       0x56 C:/Program Files/SEGGER/SEGGER Embedded Studio for ARM 5.42a/lib/libc_v7em_fpv4_sp_d16_hard_t_le_eabi.a(libc2.o)
                0x000000000002f234                __xtoa
 .text.libc.abs
                0x000000000002f28a        0x8 C:/Program Files/SEGGER/SEGGER Embedded Studio for ARM 5.42a/lib/libc_v7em_fpv4_sp_d16_hard_t_le_eabi.a(libc2.o)
                0x000000000002f28a                abs
 *fill*         0x000000000002f292        0x2 
 .text.libc.atexit
                0x000000000002f294       0x24 C:/Program Files/SEGGER/SEGGER Embedded Studio for ARM 5.42a/lib/libc_v7em_fpv4_sp_d16_hard_t_le_eabi.a(libc2.o)
                0x000000000002f294                atexit
 .text.libc.__aeabi_errno_addr
                0x000000000002f2b8       0x14 C:/Program Files/SEGGER/SEGGER Embedded Studio for ARM 5.42a/lib/libc_v7em_fpv4_sp_d16_hard_t_le_eabi.a(libc2.o)
                0x000000000002f2b8                __aeabi_errno_addr
 .text.libc.itoa
                0x000000000002f2cc       0x1a C:/Program Files/SEGGER/SEGGER Embedded Studio for ARM 5.42a/lib/libc_v7em_fpv4_sp_d16_hard_t_le_eabi.a(libc2.o)
                0x000000000002f2cc                itoa
 .text.libc.snprintf
                0x000000000002f2e6       0x28 C:/Program Files/SEGGER/SEGGER Embedded Studio for ARM 5.42a/lib/libc_v7em_fpv4_sp_d16_hard_t_le_eabi.a(libc2.o)
                0x000000000002f2e6                snprintf
 .text.libc.sprintf
                0x000000000002f30e       0x2a C:/Program Files/SEGGER/SEGGER Embedded Studio for ARM 5.42a/lib/libc_v7em_fpv4_sp_d16_hard_t_le_eabi.a(libc2.o)
                0x000000000002f30e                sprintf
 .text.libc.strchr
                0x000000000002f338       0x1e C:/Program Files/SEGGER/SEGGER Embedded Studio for ARM 5.42a/lib/libc_v7em_fpv4_sp_d16_hard_t_le_eabi.a(libc2.o)
                0x000000000002f338                strchr
 .text.libc.strncat
                0x000000000002f356       0x30 C:/Program Files/SEGGER/SEGGER Embedded Studio for ARM 5.42a/lib/libc_v7em_fpv4_sp_d16_hard_t_le_eabi.a(libc2.o)
                0x000000000002f356                strncat
 .text.libc.strnlen
                0x000000000002f386       0x22 C:/Program Files/SEGGER/SEGGER Embedded Studio for ARM 5.42a/lib/libc_v7em_fpv4_sp_d16_hard_t_le_eabi.a(libc2.o)
                0x000000000002f386                strnlen
 .text.libc.strstr
                0x000000000002f3a8       0x42 C:/Program Files/SEGGER/SEGGER Embedded Studio for ARM 5.42a/lib/libc_v7em_fpv4_sp_d16_hard_t_le_eabi.a(libc2.o)
                0x000000000002f3a8                strstr
 *fill*         0x000000000002f3ea        0x2 
 .text.libc.strtok
                0x000000000002f3ec       0x6c C:/Program Files/SEGGER/SEGGER Embedded Studio for ARM 5.42a/lib/libc_v7em_fpv4_sp_d16_hard_t_le_eabi.a(libc2.o)
                0x000000000002f3ec                strtok
 .text.libc.vsnprintf
                0x000000000002f458       0x1c C:/Program Files/SEGGER/SEGGER Embedded Studio for ARM 5.42a/lib/libc_v7em_fpv4_sp_d16_hard_t_le_eabi.a(libc2.o)
                0x000000000002f458                vsnprintf
 .text.libc.memcpy
                0x000000000002f474       0x52 C:/Program Files/SEGGER/SEGGER Embedded Studio for ARM 5.42a/lib/libc_v7em_fpv4_sp_d16_hard_t_le_eabi.a(libc2_asm.o)
                0x000000000002f474                __aeabi_memcpy
                0x000000000002f474                memcpy
                0x000000000002f480                __aeabi_memcpy8
                0x000000000002f480                __aeabi_memcpy4
 .text.libc.memset
                0x000000000002f4c6       0x66 C:/Program Files/SEGGER/SEGGER Embedded Studio for ARM 5.42a/lib/libc_v7em_fpv4_sp_d16_hard_t_le_eabi.a(libc2_asm.o)
                0x000000000002f4c6                memset
 .text.libc.strcpy
                0x000000000002f52c       0x44 C:/Program Files/SEGGER/SEGGER Embedded Studio for ARM 5.42a/lib/libc_v7em_fpv4_sp_d16_hard_t_le_eabi.a(libc2_asm.o)
                0x000000000002f52c                strcpy
 .text.libc.strcmp
                0x000000000002f570       0x4e C:/Program Files/SEGGER/SEGGER Embedded Studio for ARM 5.42a/lib/libc_v7em_fpv4_sp_d16_hard_t_le_eabi.a(libc2_asm.o)
                0x000000000002f570                strcmp
 .text.libc.strlen
                0x000000000002f5be       0x60 C:/Program Files/SEGGER/SEGGER Embedded Studio for ARM 5.42a/lib/libc_v7em_fpv4_sp_d16_hard_t_le_eabi.a(libc2_asm.o)
                0x000000000002f5be                strlen
 *fill*         0x000000000002f61e        0x2 
 .text.libc.__vfprintf_short_float_long
                0x000000000002f620      0xd90 C:/Program Files/SEGGER/SEGGER Embedded Studio for ARM 5.42a/lib/libc_v7em_fpv4_sp_d16_hard_t_le_eabi.a(libvfprintf.o)
                0x000000000002f620                __vfprintf_short_float_long
 .text.libcxxabi._execute_cxa_at_exit_fns
                0x00000000000303b0       0x34 C:/Program Files/SEGGER/SEGGER Embedded Studio for ARM 5.42a/lib/libcxxabi_noexcept_v7em_fpv4_sp_d16_hard_t_le_eabi.a(cxa_atexit.o)
 .text.libcxxabi.__cxa_atexit
                0x00000000000303e4       0x4c C:/Program Files/SEGGER/SEGGER Embedded Studio for ARM 5.42a/lib/libcxxabi_noexcept_v7em_fpv4_sp_d16_hard_t_le_eabi.a(cxa_atexit.o)
                0x00000000000303e4                __cxa_atexit
 .text.libcxxabi.__aeabi_atexit
                0x0000000000030430        0xe C:/Program Files/SEGGER/SEGGER Embedded Studio for ARM 5.42a/lib/libcxxabi_noexcept_v7em_fpv4_sp_d16_hard_t_le_eabi.a(cxa_atexit.o)
                0x0000000000030430                __aeabi_atexit
                0x000000000003043e                __text_end__ = (__text_start__ + SIZEOF (.text))
                0x000000000000906e                __text_size__ = SIZEOF (.text)
                0x000000000003043e                __text_load_end__ = __text_end__

.vfp11_veneer   0x0000000100000000        0x0
 .vfp11_veneer  0x0000000100000000        0x0 linker stubs

.v4_bx          0x0000000100000000        0x0
 .v4_bx         0x0000000100000000        0x0 linker stubs

.iplt           0x0000000100000000        0x0
 .iplt          0x0000000100000000        0x0 Output/Release//thumb_crt0.o
                0x0000000000000001                . = ASSERT (((__text_start__ == __text_end__) || ((__text_end__ - __FLASH_segment_start__) <= __FLASH_segment_size__)), error: .text is too large to fit in FLASH memory segment)
                0x0000000000030440                __sdh_soc_observers_load_start__ = ALIGN (__text_end__, 0x4)

.sdh_soc_observers
                0x0000000000030440        0x8
                0x0000000000030440                __sdh_soc_observers_start__ = .
                0x0000000000030440                __start_sdh_soc_observers = __sdh_soc_observers_start__
 *(SORT_BY_NAME(.sdh_soc_observers*))
 .sdh_soc_observers0
                0x0000000000030440        0x8 Output/Release//nrf_drv_clock.o
                0x0000000000030448                __sdh_soc_observers_end__ = (__sdh_soc_observers_start__ + SIZEOF (.sdh_soc_observers))
                0x0000000000000008                __sdh_soc_observers_size__ = SIZEOF (.sdh_soc_observers)
                0x0000000000030448                __stop_sdh_soc_observers = __sdh_soc_observers_end__
                0x0000000000030448                __sdh_soc_observers_load_end__ = __sdh_soc_observers_end__
                0x0000000000000001                . = ASSERT (((__sdh_soc_observers_start__ == __sdh_soc_observers_end__) || ((__sdh_soc_observers_end__ - __FLASH_segment_start__) <= __FLASH_segment_size__)), error: .sdh_soc_observers is too large to fit in FLASH memory segment)
                0x0000000000030448                __sdh_ble_observers_load_start__ = ALIGN (__sdh_soc_observers_end__, 0x4)

.sdh_ble_observers
                0x0000000000030448       0x40
                0x0000000000030448                __sdh_ble_observers_start__ = .
                0x0000000000030448                __start_sdh_ble_observers = __sdh_ble_observers_start__
 *(SORT_BY_NAME(.sdh_ble_observers*))
 .sdh_ble_observers0
                0x0000000000030448        0x8 Output/Release//ble_conn_state.o
 .sdh_ble_observers1
                0x0000000000030450       0x10 Output/Release//main.o
 .sdh_ble_observers1
                0x0000000000030460        0x8 Output/Release//ble_conn_params.o
 .sdh_ble_observers2
                0x0000000000030468       0x10 Output/Release//main.o
 .sdh_ble_observers3
                0x0000000000030478       0x10 Output/Release//main.o
                0x0000000000030488                __sdh_ble_observers_end__ = (__sdh_ble_observers_start__ + SIZEOF (.sdh_ble_observers))
                0x0000000000000040                __sdh_ble_observers_size__ = SIZEOF (.sdh_ble_observers)
                0x0000000000030488                __stop_sdh_ble_observers = __sdh_ble_observers_end__
                0x0000000000030488                __sdh_ble_observers_load_end__ = __sdh_ble_observers_end__
                0x0000000000000001                . = ASSERT (((__sdh_ble_observers_start__ == __sdh_ble_observers_end__) || ((__sdh_ble_observers_end__ - __FLASH_segment_start__) <= __FLASH_segment_size__)), error: .sdh_ble_observers is too large to fit in FLASH memory segment)
                0x0000000000030488                __pwr_mgmt_data_load_start__ = ALIGN (__sdh_ble_observers_end__, 0x4)

.pwr_mgmt_data  0x0000000000030488        0x4
                0x0000000000030488                __pwr_mgmt_data_start__ = .
                0x0000000000030488                __start_pwr_mgmt_data = __pwr_mgmt_data_start__
 *(SORT_BY_NAME(.pwr_mgmt_data*))
 .pwr_mgmt_data0
                0x0000000000030488        0x4 Output/Release//main.o
                0x000000000003048c                __pwr_mgmt_data_end__ = (__pwr_mgmt_data_start__ + SIZEOF (.pwr_mgmt_data))
                0x0000000000000004                __pwr_mgmt_data_size__ = SIZEOF (.pwr_mgmt_data)
                0x000000000003048c                __stop_pwr_mgmt_data = __pwr_mgmt_data_end__
                0x000000000003048c                __pwr_mgmt_data_load_end__ = __pwr_mgmt_data_end__
                0x0000000000000001                . = ASSERT (((__pwr_mgmt_data_start__ == __pwr_mgmt_data_end__) || ((__pwr_mgmt_data_end__ - __FLASH_segment_start__) <= __FLASH_segment_size__)), error: .pwr_mgmt_data is too large to fit in FLASH memory segment)
                0x000000000003048c                __sdh_state_observers_load_start__ = ALIGN (__pwr_mgmt_data_end__, 0x4)

.sdh_state_observers
                0x000000000003048c        0x8
                0x000000000003048c                __sdh_state_observers_start__ = .
                0x000000000003048c                __start_sdh_state_observers = __sdh_state_observers_start__
 *(SORT_BY_NAME(.sdh_state_observers*))
 .sdh_state_observers0
                0x000000000003048c        0x8 Output/Release//nrf_drv_clock.o
                0x0000000000030494                __sdh_state_observers_end__ = (__sdh_state_observers_start__ + SIZEOF (.sdh_state_observers))
                0x0000000000000008                __sdh_state_observers_size__ = SIZEOF (.sdh_state_observers)
                0x0000000000030494                __stop_sdh_state_observers = __sdh_state_observers_end__
                0x0000000000030494                __sdh_state_observers_load_end__ = __sdh_state_observers_end__
                0x0000000000000001                . = ASSERT (((__sdh_state_observers_start__ == __sdh_state_observers_end__) || ((__sdh_state_observers_end__ - __FLASH_segment_start__) <= __FLASH_segment_size__)), error: .sdh_state_observers is too large to fit in FLASH memory segment)
                0x0000000000030494                __sdh_stack_observers_load_start__ = ALIGN (__sdh_state_observers_end__, 0x4)

.sdh_stack_observers
                0x0000000000030494       0x10
                0x0000000000030494                __sdh_stack_observers_start__ = .
                0x0000000000030494                __start_sdh_stack_observers = __sdh_stack_observers_start__
 *(SORT_BY_NAME(.sdh_stack_observers*))
 .sdh_stack_observers0
                0x0000000000030494        0x8 Output/Release//nrf_sdh_ble.o
 .sdh_stack_observers0
                0x000000000003049c        0x8 Output/Release//nrf_sdh_soc.o
                0x00000000000304a4                __sdh_stack_observers_end__ = (__sdh_stack_observers_start__ + SIZEOF (.sdh_stack_observers))
                0x0000000000000010                __sdh_stack_observers_size__ = SIZEOF (.sdh_stack_observers)
                0x00000000000304a4                __stop_sdh_stack_observers = __sdh_stack_observers_end__
                0x00000000000304a4                __sdh_stack_observers_load_end__ = __sdh_stack_observers_end__
                0x0000000000000001                . = ASSERT (((__sdh_stack_observers_start__ == __sdh_stack_observers_end__) || ((__sdh_stack_observers_end__ - __FLASH_segment_start__) <= __FLASH_segment_size__)), error: .sdh_stack_observers is too large to fit in FLASH memory segment)
                0x00000000000304a4                __sdh_req_observers_load_start__ = ALIGN (__sdh_stack_observers_end__, 0x4)

.sdh_req_observers
                0x00000000000304a4        0x0
                0x00000000000304a4                __sdh_req_observers_start__ = .
                0x00000000000304a4                __start_sdh_req_observers = __sdh_req_observers_start__
 *(SORT_BY_NAME(.sdh_req_observers*))
                0x00000000000304a4                __sdh_req_observers_end__ = (__sdh_req_observers_start__ + SIZEOF (.sdh_req_observers))
                0x0000000000000000                __sdh_req_observers_size__ = SIZEOF (.sdh_req_observers)
                0x00000000000304a4                __stop_sdh_req_observers = __sdh_req_observers_end__
                0x00000000000304a4                __sdh_req_observers_load_end__ = __sdh_req_observers_end__
                0x0000000000000001                . = ASSERT (((__sdh_req_observers_start__ == __sdh_req_observers_end__) || ((__sdh_req_observers_end__ - __FLASH_segment_start__) <= __FLASH_segment_size__)), error: .sdh_req_observers is too large to fit in FLASH memory segment)
                0x00000000000304a4                __nrf_queue_load_start__ = ALIGN (__sdh_req_observers_end__, 0x4)

.nrf_queue      0x00000000000304a4        0x0
                0x00000000000304a4                __nrf_queue_start__ = .
                0x00000000000304a4                __start_nrf_queue = __nrf_queue_start__
 *(.nrf_queue*)
                0x00000000000304a4                __nrf_queue_end__ = (__nrf_queue_start__ + SIZEOF (.nrf_queue))
                0x0000000000000000                __nrf_queue_size__ = SIZEOF (.nrf_queue)
                0x00000000000304a4                __stop_nrf_queue = __nrf_queue_end__
                0x00000000000304a4                __nrf_queue_load_end__ = __nrf_queue_end__
                0x0000000000000001                . = ASSERT (((__nrf_queue_start__ == __nrf_queue_end__) || ((__nrf_queue_end__ - __FLASH_segment_start__) <= __FLASH_segment_size__)), error: .nrf_queue is too large to fit in FLASH memory segment)
                0x00000000000304a4                __nrf_balloc_load_start__ = ALIGN (__nrf_queue_end__, 0x4)

.nrf_balloc     0x00000000000304a4        0x0
                0x00000000000304a4                __nrf_balloc_start__ = .
                0x00000000000304a4                __start_nrf_balloc = __nrf_balloc_start__
 *(.nrf_balloc*)
                0x00000000000304a4                __nrf_balloc_end__ = (__nrf_balloc_start__ + SIZEOF (.nrf_balloc))
                0x0000000000000000                __nrf_balloc_size__ = SIZEOF (.nrf_balloc)
                0x00000000000304a4                __stop_nrf_balloc = __nrf_balloc_end__
                0x00000000000304a4                __nrf_balloc_load_end__ = __nrf_balloc_end__
                0x0000000000000001                . = ASSERT (((__nrf_balloc_start__ == __nrf_balloc_end__) || ((__nrf_balloc_end__ - __FLASH_segment_start__) <= __FLASH_segment_size__)), error: .nrf_balloc is too large to fit in FLASH memory segment)
                0x00000000000304a4                __cli_command_load_start__ = ALIGN (__nrf_balloc_end__, 0x4)

.cli_command    0x00000000000304a4        0x0
                0x00000000000304a4                __cli_command_start__ = .
                0x00000000000304a4                __start_cli_command = __cli_command_start__
 *(.cli_command*)
                0x00000000000304a4                __cli_command_end__ = (__cli_command_start__ + SIZEOF (.cli_command))
                0x0000000000000000                __cli_command_size__ = SIZEOF (.cli_command)
                0x00000000000304a4                __stop_cli_command = __cli_command_end__
                0x00000000000304a4                __cli_command_load_end__ = __cli_command_end__
                0x0000000000000001                . = ASSERT (((__cli_command_start__ == __cli_command_end__) || ((__cli_command_end__ - __FLASH_segment_start__) <= __FLASH_segment_size__)), error: .cli_command is too large to fit in FLASH memory segment)
                0x00000000000304a4                __crypto_data_load_start__ = ALIGN (__cli_command_end__, 0x4)

.crypto_data    0x00000000000304a4        0x0
                0x00000000000304a4                __crypto_data_start__ = .