Archive member included to satisfy reference by file (symbol)

C:/Program Files/SEGGER/SEGGER Embedded Studio for ARM 4.40/lib/libm_v7em_fpv4_sp_d16_hard_t_le_eabi.a(libm_asm.o)
                              Output/Release//TMP117.o (__aeabi_dadd)
C:/Program Files/SEGGER/SEGGER Embedded Studio for ARM 4.40/lib/libm_v7em_fpv4_sp_d16_hard_t_le_eabi.a(libm2.o)
                              Output/Release//RH_SX126x.o (pow(double, double))
C:/Program Files/SEGGER/SEGGER Embedded Studio for ARM 4.40/lib/libc_v7em_fpv4_sp_d16_hard_t_le_eabi.a(libc_asm.o)
                              Output/Release//main.o (__aeabi_uldivmod)
C:/Program Files/SEGGER/SEGGER Embedded Studio for ARM 4.40/lib/libc_v7em_fpv4_sp_d16_hard_t_le_eabi.a(libc2.o)
                              C:/Program Files/SEGGER/SEGGER Embedded Studio for ARM 4.40/lib/libm_v7em_fpv4_sp_d16_hard_t_le_eabi.a(libm2.o) (__aeabi_errno_addr)
C:/Program Files/SEGGER/SEGGER Embedded Studio for ARM 4.40/lib/libc_v7em_fpv4_sp_d16_hard_t_le_eabi.a(libc2_asm.o)
                              Output/Release//app_scheduler.o (memcpy)
C:/Program Files/SEGGER/SEGGER Embedded Studio for ARM 4.40/lib/libc_v7em_fpv4_sp_d16_hard_t_le_eabi.a(libc.o)
                              C:/Program Files/SEGGER/SEGGER Embedded Studio for ARM 4.40/lib/libc_v7em_fpv4_sp_d16_hard_t_le_eabi.a(libc2.o) (__heap_lock)
C:/Program Files/SEGGER/SEGGER Embedded Studio for ARM 4.40/lib/libdebugio_v7em_fpv4_sp_d16_hard_t_le_eabi.a(libdebugio.o)
                              Output/Release//thumb_crt0.o (debug_fopen)
C:/Program Files/SEGGER/SEGGER Embedded Studio for ARM 4.40/lib/libdebugio_mempoll_v7em_fpv4_sp_d16_hard_t_le_eabi.a(mempoll_debug_operations.o)
                              C:/Program Files/SEGGER/SEGGER Embedded Studio for ARM 4.40/lib/libdebugio_v7em_fpv4_sp_d16_hard_t_le_eabi.a(libdebugio.o) (__do_debug_operation)
C:/Program Files/SEGGER/SEGGER Embedded Studio for ARM 4.40/lib/libdebugio_mempoll_v7em_fpv4_sp_d16_hard_t_le_eabi.a(do_nv_debug_operation.o)
                              C:/Program Files/SEGGER/SEGGER Embedded Studio for ARM 4.40/lib/libdebugio_v7em_fpv4_sp_d16_hard_t_le_eabi.a(libdebugio.o) (__do_nvdebug_operation)

Discarded input sections

 .text          0x0000000000000000        0x0 Output/Release//thumb_crt0.o
 .data          0x0000000000000000        0x0 Output/Release//thumb_crt0.o
 .bss           0x0000000000000000        0x0 Output/Release//thumb_crt0.o
 .text.abort    0x0000000000000000        0x2 Output/Release//thumb_crt0.o
 .text.__assert
                0x0000000000000000        0x2 Output/Release//thumb_crt0.o
 .text.__aeabi_assert
                0x0000000000000000        0x2 Output/Release//thumb_crt0.o
 .text.__sync_synchronize
                0x0000000000000000        0x2 Output/Release//thumb_crt0.o
 .text.__getchar
                0x0000000000000000        0x4 Output/Release//thumb_crt0.o
 .text.__putchar
                0x0000000000000000        0x4 Output/Release//thumb_crt0.o
 .text.__open   0x0000000000000000        0x4 Output/Release//thumb_crt0.o
 .text.__close  0x0000000000000000        0x4 Output/Release//thumb_crt0.o
 .text.__write  0x0000000000000000        0xa Output/Release//thumb_crt0.o
 .text.__read   0x0000000000000000        0xa Output/Release//thumb_crt0.o
 .text.__seek   0x0000000000000000       0x1a Output/Release//thumb_crt0.o
 .bss.__user_locale_name_buffer
                0x0000000000000000        0x4 Output/Release//thumb_crt0.o
 .stack         0x0000000000000000        0x0 Output/Release//thumb_crt0.o
 .stack_process
                0x0000000000000000        0x0 Output/Release//thumb_crt0.o
 .heap          0x0000000000000000        0x0 Output/Release//thumb_crt0.o
 .group         0x0000000000000000        0xc Output/Release//nrf_log_backend_rtt.o
 .group         0x0000000000000000        0xc Output/Release//nrf_log_backend_rtt.o
 .group         0x0000000000000000        0xc Output/Release//nrf_log_backend_rtt.o
 .group         0x0000000000000000        0xc Output/Release//nrf_log_backend_rtt.o
 .group         0x0000000000000000        0xc Output/Release//nrf_log_backend_rtt.o
 .group         0x0000000000000000        0xc Output/Release//nrf_log_backend_rtt.o
 .group         0x0000000000000000        0xc Output/Release//nrf_log_backend_rtt.o
 .group         0x0000000000000000        0xc Output/Release//nrf_log_backend_rtt.o
 .group         0x0000000000000000        0xc Output/Release//nrf_log_backend_rtt.o
 .group         0x0000000000000000        0xc Output/Release//nrf_log_backend_rtt.o
 .group         0x0000000000000000        0xc Output/Release//nrf_log_backend_rtt.o
 .group         0x0000000000000000        0xc Output/Release//nrf_log_backend_rtt.o
 .group         0x0000000000000000        0xc Output/Release//nrf_log_backend_rtt.o
 .group         0x0000000000000000        0xc Output/Release//nrf_log_backend_rtt.o
 .group         0x0000000000000000        0xc Output/Release//nrf_log_backend_rtt.o
[...]
Memory Configuration

Name             Origin             Length             Attributes
UNPLACED_SECTIONS 0x0000000100000000 0x0000000000000000 xw
RAM              0x0000000020000000 0x0000000000040000 xw
FLASH            0x0000000000000000 0x0000000000100000 xw
*default*        0x0000000000000000 0xffffffffffffffff

Linker script and memory map

                0x000000000002d0cc                __vfprintf = __vfprintf_short_float_long
                0x0000000000000000                __vfscanf = __vfscanf_int
                0x0000000020000000                __RAM_segment_start__ = 0x20000000
                0x0000000020040000                __RAM_segment_end__ = 0x20040000
                0x0000000000040000                __RAM_segment_size__ = 0x40000
                0x0000000000000000                __FLASH_segment_start__ = 0x0
                0x0000000000100000                __FLASH_segment_end__ = 0x100000
                0x0000000000100000                __FLASH_segment_size__ = 0x100000
                0x0000000000002000                __HEAPSIZE__ = 0x2000
                0x0000000000000000                __STACKSIZE_PROCESS__ = 0x0
                0x0000000000002000                __STACKSIZE__ = 0x2000
                0x0000000020000000                __reserved_ram_load_start__ = 0x20000000

.reserved_ram   0x0000000020000000     0x3300
                0x0000000020000000                __reserved_ram_start__ = .
 *(.reserved_ram .reserved_ram.*)
                0x0000000020003300                . = MAX (((__reserved_ram_start__ + 0x20003300) - 0x20000000), .)
 *fill*         0x0000000020000000     0x3300 
                0x0000000020003300                __reserved_ram_end__ = (__reserved_ram_start__ + SIZEOF (.reserved_ram))
                0x0000000000003300                __reserved_ram_size__ = SIZEOF (.reserved_ram)
                0x0000000020003300                __reserved_ram_load_end__ = __reserved_ram_end__
                0x0000000000000001                . = ASSERT (((__reserved_ram_start__ == __reserved_ram_end__) || ((__reserved_ram_end__ - __RAM_segment_start__) <= __RAM_segment_size__)), error: .reserved_ram is too large to fit in RAM memory segment)
                0x0000000020003300                __vectors_ram_load_start__ = 0x20003300

.vectors_ram    0x0000000020003300        0x0
                0x0000000020003300                __vectors_ram_start__ = .
                0x0000000020003300                __app_ram_start__ = __vectors_ram_start__
 *(.vectors_ram .vectors_ram.*)
                0x0000000020003300                __vectors_ram_end__ = (__vectors_ram_start__ + SIZEOF (.vectors_ram))
                0x0000000000000000                __vectors_ram_size__ = SIZEOF (.vectors_ram)
                0x0000000020003300                __vectors_ram_load_end__ = __vectors_ram_end__
                0x0000000000000001                . = ASSERT (((__vectors_ram_start__ == __vectors_ram_end__) || ((__vectors_ram_end__ - __RAM_segment_start__) <= __RAM_segment_size__)), error: .vectors_ram is too large to fit in RAM memory segment)
                0x0000000000000001                . = ASSERT ((__reserved_ram_end__ <= __vectors_ram_start__), error: section .reserved_ram overlaps absolute placed section .vectors_ram)
                0x0000000020003300                __nrf_sections_run_load_start__ = ALIGN (__vectors_ram_end__, 0x4)

.nrf_sections_run
                0x0000000020003300        0x0
                0x0000000020003300                __nrf_sections_run_start__ = .
                0x0000000020003300                __start_nrf_sections_run = __nrf_sections_run_start__
 *(.nrf_sections_run .nrf_sections_run.*)
                0x0000000020003300                __nrf_sections_run_end__ = (__nrf_sections_run_start__ + SIZEOF (.nrf_sections_run))
                0x0000000000000000                __nrf_sections_run_size__ = SIZEOF (.nrf_sections_run)
                0x0000000020003300                __nrf_sections_run_load_end__ = __nrf_sections_run_end__
                0x0000000000000001                . = ASSERT (((__nrf_sections_run_start__ == __nrf_sections_run_end__) || ((__nrf_sections_run_end__ - __RAM_segment_start__) <= __RAM_segment_size__)), error: .nrf_sections_run is too large to fit in RAM memory segment)
                0x0000000000000000                __reserved_flash_load_start__ = 0x0

.reserved_flash
                0x0000000000000000    0x27000
                0x0000000000000000                __reserved_flash_start__ = .
 *(.reserved_flash .reserved_flash.*)
                0x0000000000027000                . = MAX (((__reserved_flash_start__ + 0x27000) - 0x0), .)
 *fill*         0x0000000000000000    0x27000 
                0x0000000000027000                __reserved_flash_end__ = (__reserved_flash_start__ + SIZEOF (.reserved_flash))
                0x0000000000027000                __reserved_flash_size__ = SIZEOF (.reserved_flash)
                0x0000000000027000                __reserved_flash_load_end__ = __reserved_flash_end__
                0x0000000000000001                . = ASSERT (((__reserved_flash_start__ == __reserved_flash_end__) || ((__reserved_flash_end__ - __FLASH_segment_start__) <= __FLASH_segment_size__)), error: .reserved_flash is too large to fit in FLASH memory segment)
                0x0000000000027000                __vectors_load_start__ = 0x27000

.vectors        0x0000000000027000      0x200
                0x0000000000027000                __vectors_start__ = .
 *(.vectors .vectors.*)
 .vectors       0x0000000000027000      0x200 Output/Release//ses_startup_nrf52.o
                0x0000000000027000                _vectors
                0x0000000000027200                __vectors_end__ = (__vectors_start__ + SIZEOF (.vectors))
                0x0000000000000200                __vectors_size__ = SIZEOF (.vectors)
                0x0000000000027200                __vectors_load_end__ = __vectors_end__
                0x0000000000000001                . = ASSERT (((__vectors_start__ == __vectors_end__) || ((__vectors_end__ - __FLASH_segment_start__) <= __FLASH_segment_size__)), error: .vectors is too large to fit in FLASH memory segment)
                0x0000000000000001                . = ASSERT ((__reserved_flash_end__ <= __vectors_start__), error: section .reserved_flash overlaps absolute placed section .vectors)
                0x0000000000027200                __init_load_start__ = ALIGN (__vectors_end__, 0x4)

.init           0x0000000000027200      0x1d0
                0x0000000000027200                __init_start__ = .
 *(.init .init.*)
 .init          0x0000000000027200      0x15c Output/Release//thumb_crt0.o
                0x0000000000027200                _start
                0x00000000000272b4                exit
 .init          0x000000000002735c       0x5c Output/Release//ses_startup_nrf_common.o
                0x000000000002735c                Reset_Handler
                0x0000000000027360                afterInitialize
                0x0000000000027384                InitializeUserMemorySections
 .init          0x00000000000273b8       0x18 Output/Release//ses_startup_nrf52.o
                0x00000000000273b8                NMI_Handler
                0x00000000000273ba                HardFault_Handler
                0x00000000000273bc                MemoryManagement_Handler
                0x00000000000273be                BusFault_Handler
                0x00000000000273c0                UsageFault_Handler
                0x00000000000273c2                SVC_Handler
                0x00000000000273c4                DebugMon_Handler
                0x00000000000273c6                PendSV_Handler
                0x00000000000273c8                SysTick_Handler
                0x00000000000273ca                RADIO_IRQHandler
                0x00000000000273ca                PWM1_IRQHandler
                0x00000000000273ca                TEMP_IRQHandler
                0x00000000000273ca                QDEC_IRQHandler
                0x00000000000273ca                RTC0_IRQHandler
                0x00000000000273ca                FPU_IRQHandler
                0x00000000000273ca                PDM_IRQHandler
                0x00000000000273ca                SWI0_EGU0_IRQHandler
                0x00000000000273ca                TIMER4_IRQHandler
                0x00000000000273ca                I2S_IRQHandler
                0x00000000000273ca                SWI4_EGU4_IRQHandler
                0x00000000000273ca                TIMER0_IRQHandler
                0x00000000000273ca                Dummy_Handler
                0x00000000000273ca                TIMER1_IRQHandler
                0x00000000000273ca                PWM2_IRQHandler
                0x00000000000273ca                ECB_IRQHandler
                0x00000000000273ca                SAADC_IRQHandler
                0x00000000000273ca                CCM_AAR_IRQHandler
                0x00000000000273ca                WDT_IRQHandler
                0x00000000000273ca                TIMER3_IRQHandler
                0x00000000000273ca                SWI5_EGU5_IRQHandler
                0x00000000000273ca                RNG_IRQHandler
                0x00000000000273ca                RTC2_IRQHandler
                0x00000000000273ca                PWM0_IRQHandler
                0x00000000000273ca                SWI3_EGU3_IRQHandler
                0x00000000000273ca                SWI1_EGU1_IRQHandler
                0x00000000000273ca                SPIM2_SPIS2_SPI2_IRQHandler
                0x00000000000273ca                NFCT_IRQHandler
                0x00000000000273ca                TIMER2_IRQHandler
                0x00000000000273ca                MWU_IRQHandler
                0x00000000000273ca                COMP_LPCOMP_IRQHandler
                0x00000000000273cc                nRFInitialize
                0x00000000000273d0                __init_end__ = (__init_start__ + SIZEOF (.init))
                0x00000000000001d0                __init_size__ = SIZEOF (.init)
                0x00000000000273d0                __init_load_end__ = __init_end__
                0x0000000000000001                . = ASSERT (((__init_start__ == __init_end__) || ((__init_end__ - __FLASH_segment_start__) <= __FLASH_segment_size__)), error: .init is too large to fit in FLASH memory segment)
                0x00000000000273d0                __init_rodata_load_start__ = ALIGN (__init_end__, 0x4)

.init_rodata    0x00000000000273d0        0x0
                0x00000000000273d0                __init_rodata_start__ = .
 *(.init_rodata .init_rodata.*)
                0x00000000000273d0                __init_rodata_end__ = (__init_rodata_start__ + SIZEOF (.init_rodata))
                0x0000000000000000                __init_rodata_size__ = SIZEOF (.init_rodata)
                0x00000000000273d0                __init_rodata_load_end__ = __init_rodata_end__
                0x0000000000000001                . = ASSERT (((__init_rodata_start__ == __init_rodata_end__) || ((__init_rodata_end__ - __FLASH_segment_start__) <= __FLASH_segment_size__)), error: .init_rodata is too large to fit in FLASH memory segment)
                0x00000000000273d0                __text_load_start__ = ALIGN (__init_rodata_end__, 0x4)

.text           0x00000000000273d0     0x6af0
                0x00000000000273d0                __text_start__ = .
 *(.text .text.* .glue_7t .glue_7 .gnu.linkonce.t.* .gcc_except_table .ARM.extab* .gnu.linkonce.armextab.*)
 .glue_7        0x00000000000273d0        0x0 linker stubs
 .glue_7t       0x00000000000273d0        0x0 linker stubs
 .text.__aeabi_read_tp
                0x00000000000273d0        0x8 Output/Release//thumb_crt0.o
                0x00000000000273d0                __aeabi_read_tp
 .text.app_error_handler_bare
                0x00000000000273d8       0x1a Output/Release//app_error.o
                0x00000000000273d8                app_error_handler_bare
 *fill*         0x00000000000273f2        0x2 
 .text.app_error_fault_handler
                0x00000000000273f4       0x34 Output/Release//app_error_weak.o
                0x00000000000273f4                app_error_fault_handler
 .text.app_fifo_init
                0x0000000000027428       0x1e Output/Release//app_fifo.o
                0x0000000000027428                app_fifo_init
 .text.app_fifo_put
                0x0000000000027446       0x24 Output/Release//app_fifo.o
                0x0000000000027446                app_fifo_put
 .text.app_fifo_get
                0x000000000002746a       0x22 Output/Release//app_fifo.o
                0x000000000002746a                app_fifo_get
 .text.app_fifo_flush
                0x000000000002748c        0x8 Output/Release//app_fifo.o
                0x000000000002748c                app_fifo_flush
 .text.compare_func
                0x0000000000027494       0x16 Output/Release//app_timer2.o
 *fill*         0x00000000000274aa        0x2 
 .text.get_now  0x00000000000274ac       0x3c Output/Release//app_timer2.o
 .text.timer_req_schedule
                0x00000000000274e8       0x38 Output/Release//app_timer2.o
 .text.timer_expire
                0x0000000000027520       0x6c Output/Release//app_timer2.o
 .text.app_timer_init
                0x000000000002758c       0x64 Output/Release//app_timer2.o
                0x000000000002758c                app_timer_init
 .text.app_timer_create
                0x00000000000275f0       0x16 Output/Release//app_timer2.o
                0x00000000000275f0                app_timer_create
 .text.app_timer_start
                0x0000000000027606       0x30 Output/Release//app_timer2.o
                0x0000000000027606                app_timer_start
 .text.app_timer_stop
                0x0000000000027636        0xc Output/Release//app_timer2.o
                0x0000000000027636                app_timer_stop
 *fill*         0x0000000000027642        0x2 
 .text.app_timer_stop_all
                0x0000000000027644       0x10 Output/Release//app_timer2.o
                0x0000000000027644                app_timer_stop_all
 .text.app_timer_cnt_get
                0x0000000000027654        0xc Output/Release//app_timer2.o
                0x0000000000027654                app_timer_cnt_get
 .text.rtc_irq  0x0000000000027660      0x198 Output/Release//app_timer2.o
 .text.nrf_drv_uart_rx.constprop.0
                0x00000000000277f8       0x28 Output/Release//app_uart_fifo.o
 .text.nrf_drv_uart_tx.constprop.0
                0x0000000000027820       0x28 Output/Release//app_uart_fifo.o
 .text.uart_event_handler
                0x0000000000027848       0x9c Output/Release//app_uart_fifo.o
 .text.app_uart_init
                0x00000000000278e4       0xb0 Output/Release//app_uart_fifo.o
                0x00000000000278e4                app_uart_init
 .text.app_uart_flush
                0x0000000000027994       0x20 Output/Release//app_uart_fifo.o
                0x0000000000027994                app_uart_flush
 .text.app_uart_get
                0x00000000000279b4       0x2c Output/Release//app_uart_fifo.o
                0x00000000000279b4                app_uart_get
 .text.app_uart_put
                0x00000000000279e0       0x50 Output/Release//app_uart_fifo.o
                0x00000000000279e0                app_uart_put
 .text.app_uart_fifo_length
                0x0000000000027a30       0x10 Output/Release//app_uart_fifo.o
                0x0000000000027a30                app_uart_fifo_length
 .text.app_util_critical_region_enter
                0x0000000000027a40       0x48 Output/Release//app_util_platform.o
                0x0000000000027a40                app_util_critical_region_enter
 .text.app_util_critical_region_exit
                0x0000000000027a88       0x2c Output/Release//app_util_platform.o
                0x0000000000027a88                app_util_critical_region_exit
 .text.evt_pending.isra.0
                0x0000000000027ab4       0x1a Output/Release//drv_rtc.o
 *fill*         0x0000000000027ace        0x2 
 .text.drv_rtc_init
                0x0000000000027ad0       0x7c Output/Release//drv_rtc.o
                0x0000000000027ad0                drv_rtc_init
 .text.drv_rtc_start
                0x0000000000027b4c        0x8 Output/Release//drv_rtc.o
                0x0000000000027b4c                drv_rtc_start
 .text.drv_rtc_stop
                0x0000000000027b54        0x8 Output/Release//drv_rtc.o
                0x0000000000027b54                drv_rtc_stop
 .text.drv_rtc_compare_set
                0x0000000000027b5c       0x3e Output/Release//drv_rtc.o
                0x0000000000027b5c                drv_rtc_compare_set
 *fill*         0x0000000000027b9a        0x2 
 .text.drv_rtc_windowed_compare_set
                0x0000000000027b9c       0xf0 Output/Release//drv_rtc.o
                0x0000000000027b9c                drv_rtc_windowed_compare_set
 .text.drv_rtc_overflow_enable
                0x0000000000027c8c       0x10 Output/Release//drv_rtc.o
                0x0000000000027c8c                drv_rtc_overflow_enable
 .text.drv_rtc_overflow_pending
                0x0000000000027c9c        0xa Output/Release//drv_rtc.o
                0x0000000000027c9c                drv_rtc_overflow_pending
 .text.drv_rtc_compare_disable
                0x0000000000027ca6       0x14 Output/Release//drv_rtc.o
                0x0000000000027ca6                drv_rtc_compare_disable
 .text.drv_rtc_compare_pending
                0x0000000000027cba        0xc Output/Release//drv_rtc.o
                0x0000000000027cba                drv_rtc_compare_pending
 .text.drv_rtc_counter_get
                0x0000000000027cc6        0x8 Output/Release//drv_rtc.o
                0x0000000000027cc6                drv_rtc_counter_get
 *fill*         0x0000000000027cce        0x2 
 .text.drv_rtc_irq_trigger
                0x0000000000027cd0       0x20 Output/Release//drv_rtc.o
                0x0000000000027cd0                drv_rtc_irq_trigger
 .text.RTC1_IRQHandler
                0x0000000000027cf0       0x14 Output/Release//drv_rtc.o
                0x0000000000027cf0                RTC1_IRQHandler
 .text.nrf_atfifo_init
                0x0000000000027d04       0x26 Output/Release//nrf_atfifo.o
                0x0000000000027d04                nrf_atfifo_init
 .text.nrf_atfifo_item_alloc
                0x0000000000027d2a       0x54 Output/Release//nrf_atfifo.o
                0x0000000000027d2a                nrf_atfifo_item_alloc
 .text.nrf_atfifo_item_put
                0x0000000000027d7e       0x20 Output/Release//nrf_atfifo.o
                0x0000000000027d7e                nrf_atfifo_item_put
 .text.nrf_atfifo_item_get
                0x0000000000027d9e       0x56 Output/Release//nrf_atfifo.o
                0x0000000000027d9e                nrf_atfifo_item_get
 .text.nrf_atfifo_item_free
                0x0000000000027df4       0x20 Output/Release//nrf_atfifo.o
                0x0000000000027df4                nrf_atfifo_item_free
 .text.nrf_atflags_set
                0x0000000000027e14       0x12 Output/Release//nrf_atflags.o
                0x0000000000027e14                nrf_atflags_set
 .text.nrf_atflags_clear
                0x0000000000027e26       0x14 Output/Release//nrf_atflags.o
                0x0000000000027e26                nrf_atflags_clear
 .text.nrf_atflags_get
                0x0000000000027e3a       0x12 Output/Release//nrf_atflags.o
                0x0000000000027e3a                nrf_atflags_get
 .text.nrf_atomic_u32_or
                0x0000000000027e4c       0x18 Output/Release//nrf_atomic.o
                0x0000000000027e4c                nrf_atomic_u32_or
 .text.nrf_atomic_u32_and
                0x0000000000027e64       0x18 Output/Release//nrf_atomic.o
                0x0000000000027e64                nrf_atomic_u32_and
 .text.sd_app_evt_wait
                0x0000000000027e7c        0x4 Output/Release//nrf_pwr_mgmt.o
 .text.nrf_pwr_mgmt_init
                0x0000000000027e80       0x2c Output/Release//nrf_pwr_mgmt.o
                0x0000000000027e80                nrf_pwr_mgmt_init
 .text.nrf_pwr_mgmt_run
                0x0000000000027eac       0x4c Output/Release//nrf_pwr_mgmt.o
                0x0000000000027eac                nrf_pwr_mgmt_run
 .text.nrf_section_iter_init
                0x0000000000027ef8       0x14 Output/Release//nrf_section_iter.o
                0x0000000000027ef8                nrf_section_iter_init
 .text.nrf_section_iter_next
                0x0000000000027f0c       0x18 Output/Release//nrf_section_iter.o
                0x0000000000027f0c                nrf_section_iter_next
 .text.nrf_sortlist_add
                0x0000000000027f24       0x20 Output/Release//nrf_sortlist.o
                0x0000000000027f24                nrf_sortlist_add
 .text.nrf_sortlist_pop
                0x0000000000027f44        0xc Output/Release//nrf_sortlist.o
                0x0000000000027f44                nrf_sortlist_pop
 .text.nrf_sortlist_peek
                0x0000000000027f50        0x6 Output/Release//nrf_sortlist.o
                0x0000000000027f50                nrf_sortlist_peek
 .text.nrf_sortlist_remove
                0x0000000000027f56       0x1a Output/Release//nrf_sortlist.o
                0x0000000000027f56                nrf_sortlist_remove
 .text.NVIC_SystemReset
                0x0000000000027f70       0x24 Output/Release//system_nrf52.o
 .text.errata_12
                0x0000000000027f94       0x40 Output/Release//system_nrf52.o
 .text.errata_16
                0x0000000000027fd4       0x34 Output/Release//system_nrf52.o
 .text.SystemInit
                0x0000000000028008      0x288 Output/Release//system_nrf52.o
                0x0000000000028008                SystemInit
 .text.clock_clk_started_notify
                0x0000000000028290       0x24 Output/Release//nrf_drv_clock.o
 .text.clock_irq_handler
                0x00000000000282b4       0x1c Output/Release//nrf_drv_clock.o
 .text.soc_evt_handler
                0x00000000000282d0       0x14 Output/Release//nrf_drv_clock.o
 .text.nrf_drv_clock_init
                0x00000000000282e4       0x38 Output/Release//nrf_drv_clock.o
                0x00000000000282e4                nrf_drv_clock_init
 .text.nrf_drv_clock_lfclk_request
                0x000000000002831c       0x68 Output/Release//nrf_drv_clock.o
                0x000000000002831c                nrf_drv_clock_lfclk_request
 .text.nrf_drv_clock_lfclk_release
                0x0000000000028384       0x34 Output/Release//nrf_drv_clock.o
                0x0000000000028384                nrf_drv_clock_lfclk_release
 .text.sd_state_evt_handler
                0x00000000000283b8       0x58 Output/Release//nrf_drv_clock.o
 .text.spim_evt_handler
                0x0000000000028410       0x3c Output/Release//nrf_drv_spi.o
 .text.nrf_drv_spi_init
                0x000000000002844c       0x64 Output/Release//nrf_drv_spi.o
                0x000000000002844c                nrf_drv_spi_init
 .text.uarte_evt_handler
                0x00000000000284b0       0x34 Output/Release//nrf_drv_uart.o
 .text.uart_evt_handler
                0x00000000000284e4       0x34 Output/Release//nrf_drv_uart.o
 .text.nrf_drv_uart_init
                0x0000000000028518       0x7c Output/Release//nrf_drv_uart.o
                0x0000000000028518                nrf_drv_uart_init
 .text.nrfx_clock_init
                0x0000000000028594       0x18 Output/Release//nrfx_clock.o
                0x0000000000028594                nrfx_clock_init
 .text.nrfx_clock_enable
                0x00000000000285ac       0x24 Output/Release//nrfx_clock.o
                0x00000000000285ac                nrfx_clock_enable
 .text.nrfx_clock_lfclk_start
                0x00000000000285d0       0x24 Output/Release//nrfx_clock.o
                0x00000000000285d0                nrfx_clock_lfclk_start
 .text.nrfx_clock_lfclk_stop
                0x00000000000285f4       0x18 Output/Release//nrfx_clock.o
                0x00000000000285f4                nrfx_clock_lfclk_stop
 .text.POWER_CLOCK_IRQHandler
                0x000000000002860c       0x64 Output/Release//nrfx_clock.o
                0x000000000002860c                POWER_CLOCK_IRQHandler
 .text.nrf_gpiote_event_clear
                0x0000000000028670       0x18 Output/Release//nrfx_gpiote.o
 .text.nrf_gpio_pin_port_decode
                0x0000000000028688       0x18 Output/Release//nrfx_gpiote.o
 .text.nrf_gpio_cfg_sense_set
                0x00000000000286a0       0x2e Output/Release//nrfx_gpiote.o
 *fill*         0x00000000000286ce        0x2 
 .text.channel_free
                0x00000000000286d0       0x1c Output/Release//nrfx_gpiote.o
 .text.nrfx_gpiote_init
                0x00000000000286ec       0x70 Output/Release//nrfx_gpiote.o
                0x00000000000286ec                nrfx_gpiote_init
 .text.GPIOTE_IRQHandler
                0x000000000002875c      0x1ac Output/Release//nrfx_gpiote.o
                0x000000000002875c                GPIOTE_IRQHandler
 .text.UARTE0_UART0_IRQHandler
                0x0000000000028908        0xc Output/Release//nrfx_prs.o
                0x0000000000028908                UARTE0_UART0_IRQHandler
 .text.nrfx_prs_acquire
                0x0000000000028914       0x44 Output/Release//nrfx_prs.o
                0x0000000000028914                nrfx_prs_acquire
 .text.nrf_gpio_pin_set
                0x0000000000028958       0x20 Output/Release//nrfx_spim.o
 .text.nrf_gpio_pin_clear
                0x0000000000028978       0x20 Output/Release//nrfx_spim.o
 .text.SPIM0_SPIS0_TWIM0_TWIS0_SPI0_TWI0_IRQHandler
                0x0000000000028998       0x58 Output/Release//nrfx_spim.o
                0x0000000000028998                SPIM0_SPIS0_TWIM0_TWIS0_SPI0_TWI0_IRQHandler
 .text.nrfx_spim_init
                0x00000000000289f0      0x1e8 Output/Release//nrfx_spim.o
                0x00000000000289f0                nrfx_spim_init
 .text.nrfx_spim_xfer
                0x0000000000028bd8      0x114 Output/Release//nrfx_spim.o
                0x0000000000028bd8                nrfx_spim_xfer
 .text.nrf_uart_event_clear
                0x0000000000028cec       0x10 Output/Release//nrfx_uart.o
 .text.tx_byte  0x0000000000028cfc       0x1e Output/Release//nrfx_uart.o
 .text.rx_enable.isra.0
                0x0000000000028d1a       0x20 Output/Release//nrfx_uart.o
 .text.rx_byte  0x0000000000028d3a       0x2c Output/Release//nrfx_uart.o
 *fill*         0x0000000000028d66        0x2 
 .text.rx_done_event.constprop.0
                0x0000000000028d68       0x20 Output/Release//nrfx_uart.o
 .text.nrfx_uart_0_irq_handler
                0x0000000000028d88      0x13c Output/Release//nrfx_uart.o
                0x0000000000028d88                nrfx_uart_0_irq_handler
 .text.nrfx_uart_init
                0x0000000000028ec4      0x1ac Output/Release//nrfx_uart.o
                0x0000000000028ec4                nrfx_uart_init
 .text.nrfx_uart_tx
                0x0000000000029070       0x8c Output/Release//nrfx_uart.o
                0x0000000000029070                nrfx_uart_tx
 .text.nrfx_uart_tx_in_progress
                0x00000000000290fc       0x18 Output/Release//nrfx_uart.o
                0x00000000000290fc                nrfx_uart_tx_in_progress
 .text.nrfx_uart_rx
                0x0000000000029114       0xf0 Output/Release//nrfx_uart.o
                0x0000000000029114                nrfx_uart_rx
 .text.nrf_uarte_event_clear
                0x0000000000029204       0x10 Output/Release//nrfx_uarte.o
 .text.rx_done_event.constprop.0
                0x0000000000029214       0x20 Output/Release//nrfx_uarte.o
 .text.nrfx_uarte_0_irq_handler
                0x0000000000029234      0x118 Output/Release//nrfx_uarte.o
                0x0000000000029234                nrfx_uarte_0_irq_handler
 .text.nrfx_uarte_init
                0x000000000002934c      0x1c8 Output/Release//nrfx_uarte.o
                0x000000000002934c                nrfx_uarte_init
 .text.nrfx_uarte_tx
                0x0000000000029514       0x90 Output/Release//nrfx_uarte.o
                0x0000000000029514                nrfx_uarte_tx
 .text.nrfx_uarte_tx_in_progress
                0x00000000000295a4       0x18 Output/Release//nrfx_uarte.o
                0x00000000000295a4                nrfx_uarte_tx_in_progress
 .text.nrfx_uarte_rx
                0x00000000000295bc       0xd8 Output/Release//nrfx_uarte.o
                0x00000000000295bc                nrfx_uarte_rx
 .text.nrf_twim_event_clear
                0x0000000000029694       0x10 Output/Release//nrfx_twim.o
 .text.xfer_completeness_check
                0x00000000000296a4       0x6c Output/Release//nrfx_twim.o
 .text.SPIM1_SPIS1_TWIM1_TWIS1_SPI1_TWI1_IRQHandler
                0x0000000000029710      0x14c Output/Release//nrfx_twim.o
                0x0000000000029710                SPIM1_SPIS1_TWIM1_TWIS1_SPI1_TWI1_IRQHandler
 .text.NVIC_SystemReset
                0x000000000002985c       0x24 Output/Release//main.o
 .text.sd_ble_gap_adv_stop
                0x0000000000029880        0x4 Output/Release//main.o
 .text.sd_ble_gap_disconnect
                0x0000000000029884        0x4 Output/Release//main.o
 .text.sd_ble_gap_ppcp_set
                0x0000000000029888        0x4 Output/Release//main.o
 .text.sd_ble_gap_device_name_set
                0x000000000002988c        0x4 Output/Release//main.o
 .text.sd_ble_gap_scan_start
                0x0000000000029890        0x4 Output/Release//main.o
 .text.sd_ble_gap_scan_stop
                0x0000000000029894        0x4 Output/Release//main.o
 .text.sd_ble_gap_phy_update
                0x0000000000029898        0x4 Output/Release//main.o
 .text._Z20timer2_event_handlerPv
                0x000000000002989c       0x10 Output/Release//main.o
                0x000000000002989c                timer2_event_handler(void*)
 .text._Z21CellTimerEventHandlerPv
                0x00000000000298ac        0xc Output/Release//main.o
                0x00000000000298ac                CellTimerEventHandler(void*)
 .text._Z17spi_event_handlerPK17nrf_drv_spi_evt_tPv
                0x00000000000298b8        0xc Output/Release//main.o
                0x00000000000298b8                spi_event_handler(nrf_drv_spi_evt_t const*, void*)
 .text._Z16gatt_evt_handlerP14nrf_ble_gatt_sPK18nrf_ble_gatt_evt_t
                0x00000000000298c4       0x40 Output/Release//main.o
                0x00000000000298c4                gatt_evt_handler(nrf_ble_gatt_s*, nrf_ble_gatt_evt_t const*)
 .text._Z16shutdown_handler18nrf_pwr_mgmt_evt_t
                0x0000000000029904       0x40 Output/Release//main.o
                0x0000000000029904                shutdown_handler(nrf_pwr_mgmt_evt_t)
 .text._Z23conn_params_evt_handlerP21ble_conn_params_evt_t
                0x0000000000029944       0x14 Output/Release//main.o
                0x0000000000029944                conn_params_evt_handler(ble_conn_params_evt_t*)
 .text._Z24ble_ud_stack_evt_handlerPK9ble_evt_tPv
                0x0000000000029958       0x7c Output/Release//main.o
                0x0000000000029958                ble_ud_stack_evt_handler(ble_evt_t const*, void*)
 .text.nrf_delay_ms.part.0
                0x00000000000299d4       0x1c Output/Release//main.o
 .text._Z22ble_scanner_stack_initv
                0x00000000000299f0       0x1e Output/Release//main.o
                0x00000000000299f0                ble_scanner_stack_init()
 *fill*         0x0000000000029a0e        0x2 
 .text._Z11start_timeri
                0x0000000000029a10       0x48 Output/Release//main.o
                0x0000000000029a10                start_timer(int)
 .text._Z19timer_event_handlerPv
                0x0000000000029a58       0x60 Output/Release//main.o
                0x0000000000029a58                timer_event_handler(void*)
 .text._Z11init_timer2v
                0x0000000000029ab8       0x28 Output/Release//main.o
                0x0000000000029ab8                init_timer2()
 .text._Z8datasendv
                0x0000000000029ae0       0x4c Output/Release//main.o
                0x0000000000029ae0                datasend()
 .text._Z16nus_data_handlerP13ble_nus_evt_t
                0x0000000000029b2c       0xec Output/Release//main.o
                0x0000000000029b2c                nus_data_handler(ble_nus_evt_t*)
 .text._Z15gap_params_initv
                0x0000000000029c18       0x44 Output/Release//main.o
                0x0000000000029c18                gap_params_init()
 .text._Z13services_initv
                0x0000000000029c5c       0x34 Output/Release//main.o
                0x0000000000029c5c                services_init()
 .text._Z16conn_params_initv
                0x0000000000029c90       0x44 Output/Release//main.o
                0x0000000000029c90                conn_params_init()
 .text._Z10scan_startv
                0x0000000000029cd4       0x1c Output/Release//main.o
                0x0000000000029cd4                scan_start()
 .text._Z16ble_scanner_initv
                0x0000000000029cf0        0xe Output/Release//main.o
                0x0000000000029cf0                ble_scanner_init()
 *fill*         0x0000000000029cfe        0x2 
 .text._Z17ble_ud_stack_initv
                0x0000000000029d00       0x64 Output/Release//main.o
                0x0000000000029d00                ble_ud_stack_init()
 .text._Z19ud_advertising_initv
                0x0000000000029d64       0x58 Output/Release//main.o
                0x0000000000029d64                ud_advertising_init()
 .text._Z9gatt_initv
                0x0000000000029dbc       0x20 Output/Release//main.o
                0x0000000000029dbc                gatt_init()
 .text._Z20ud_advertising_startv
                0x0000000000029ddc        0xc Output/Release//main.o
                0x0000000000029ddc                ud_advertising_start()
 .text._Z7ud_initv
                0x0000000000029de8       0x38 Output/Release//main.o
                0x0000000000029de8                ud_init()
 .text._Z11sel_txpoweri
                0x0000000000029e20       0x40 Output/Release//main.o
                0x0000000000029e20                sel_txpower(int)
 .text._Z13radio_disablev
                0x0000000000029e60       0x2c Output/Release//main.o
                0x0000000000029e60                radio_disable()
 .text._Z12radio_configv
                0x0000000000029e8c       0x48 Output/Release//main.o
                0x0000000000029e8c                radio_config()
 .text._Z10modulationv
                0x0000000000029ed4       0xb4 Output/Release//main.o
                0x0000000000029ed4                modulation()
 .text._Z11config_initv
                0x0000000000029f88       0x14 Output/Release//main.o
                0x0000000000029f88                config_init()
 .text._Z11get_ble_macv
                0x0000000000029f9c       0x60 Output/Release//main.o
                0x0000000000029f9c                get_ble_mac()
 .text._Z10get_hw_verv
                0x0000000000029ffc       0x4c Output/Release//main.o
                0x0000000000029ffc                get_hw_ver()
 .text._Z17init_spi_for_lorav
                0x000000000002a048       0x54 Output/Release//main.o
                0x000000000002a048                init_spi_for_lora()
 .text._Z13StopCellTimerv
                0x000000000002a09c        0xc Output/Release//main.o
                0x000000000002a09c                StopCellTimer()
 .text._Z14StartCellTimerj
                0x000000000002a0a8       0x4c Output/Release//main.o
                0x000000000002a0a8                StartCellTimer(unsigned int)
 .text._Z10init_Modemv
                0x000000000002a0f4       0x40 Output/Release//main.o
                0x000000000002a0f4                init_Modem()
 .text._Z6setBiti
                0x000000000002a134       0x50 Output/Release//main.o
                0x000000000002a134                setBit(int)
 .text._Z13compareArraysPhS_i
                0x000000000002a184       0x1c Output/Release//main.o
                0x000000000002a184                compareArrays(unsigned char*, unsigned char*, int)
 .text._Z12checkIdInLogPhi
                0x000000000002a1a0       0x20 Output/Release//main.o
                0x000000000002a1a0                checkIdInLog(unsigned char*, int)
 .text._Z13on_adv_reportPK24ble_gap_evt_adv_report_t
                0x000000000002a1c0      0x1b0 Output/Release//main.o
                0x000000000002a1c0                on_adv_report(ble_gap_evt_adv_report_t const*)
 .text._Z23ble_scanner_evt_handlerPK9ble_evt_tPv
                0x000000000002a370        0xe Output/Release//main.o
                0x000000000002a370                ble_scanner_evt_handler(ble_evt_t const*, void*)
 *fill*         0x000000000002a37e        0x2 
 .text._Z10stop_timerv
                0x000000000002a380       0x18 Output/Release//main.o
                0x000000000002a380                stop_timer()
 .text._Z9setConfigi
                0x000000000002a398      0x25c Output/Release//main.o
                0x000000000002a398                setConfig(int)
 .text._Z21cell_interval_receivei
                0x000000000002a5f4       0x64 Output/Release//main.o
                0x000000000002a5f4                cell_interval_receive(int)
 .text._Z31cell_interval_receive_modulatedi
                0x000000000002a658       0x68 Output/Release//main.o
                0x000000000002a658                cell_interval_receive_modulated(int)
 .text._Z7bleScani
                0x000000000002a6c0       0x6c Output/Release//main.o
                0x000000000002a6c0                bleScan(int)
 .text._Z13tapeDiagnosisv
                0x000000000002a72c      0x1f0 Output/Release//main.o
                0x000000000002a72c                tapeDiagnosis()
 .text._Z16radio_with_data1b
                0x000000000002a91c      0x1e4 Output/Release//main.o
                0x000000000002a91c                radio_with_data1(bool)
 .text.startup.main
                0x000000000002ab00       0xe4 Output/Release//main.o
                0x000000000002ab00                main
 .text.startup._GLOBAL__sub_I_i2c_wrapper
                0x000000000002abe4       0x64 Output/Release//main.o
 .text._GetAvailWriteSpace
                0x000000000002ac48       0x1c Output/Release//SEGGER_RTT.o
 .text._WriteNoCheck
                0x000000000002ac64       0x38 Output/Release//SEGGER_RTT.o
 .text._WriteBlocking
                0x000000000002ac9c       0x52 Output/Release//SEGGER_RTT.o
 *fill*         0x000000000002acee        0x2 
 .text._DoInit  0x000000000002acf0       0x60 Output/Release//SEGGER_RTT.o
 .text.SEGGER_RTT_WriteNoLock
                0x000000000002ad50       0x68 Output/Release//SEGGER_RTT.o
                0x000000000002ad50                SEGGER_RTT_WriteNoLock
 .text.SEGGER_RTT_Write
                0x000000000002adb8       0x40 Output/Release//SEGGER_RTT.o
                0x000000000002adb8                SEGGER_RTT_Write
 .text.printf   0x000000000002adf8       0x3a Output/Release//SEGGER_RTT_Syscalls_SES.o
                0x000000000002adf8                printf
 .text.sd_ble_gap_addr_get
                0x000000000002ae32        0x4 Output/Release//ble_advdata.o
 .text.sd_ble_gap_appearance_get
                0x000000000002ae36        0x4 Output/Release//ble_advdata.o
 .text.sd_ble_gap_device_name_get
                0x000000000002ae3a        0x4 Output/Release//ble_advdata.o
 .text.sd_ble_uuid_encode
                0x000000000002ae3e        0x4 Output/Release//ble_advdata.o
 .text.uuid_list_sized_encode
                0x000000000002ae42       0xac Output/Release//ble_advdata.o
 .text.uuid_list_encode
                0x000000000002aeee       0x38 Output/Release//ble_advdata.o
 .text.ble_advdata_encode
                0x000000000002af26      0x394 Output/Release//ble_advdata.o
                0x000000000002af26                ble_advdata_encode
 .text.ble_advdata_search
                0x000000000002b2ba       0x42 Output/Release//ble_advdata.o
                0x000000000002b2ba                ble_advdata_search
 .text.ble_advdata_parse
                0x000000000002b2fc       0x20 Output/Release//ble_advdata.o
                0x000000000002b2fc                ble_advdata_parse
 .text.sd_ble_gap_adv_set_configure
                0x000000000002b31c        0x4 Output/Release//ble_advertising.o
 .text.sd_ble_gap_adv_start
                0x000000000002b320        0x4 Output/Release//ble_advertising.o
 .text.flags_set
                0x000000000002b324       0x2c Output/Release//ble_advertising.o
 .text.ble_advertising_conn_cfg_tag_set
                0x000000000002b350        0x6 Output/Release//ble_advertising.o
                0x000000000002b350                ble_advertising_conn_cfg_tag_set
 .text.ble_advertising_init
                0x000000000002b356       0xfe Output/Release//ble_advertising.o
                0x000000000002b356                ble_advertising_init
 .text.ble_advertising_start
                0x000000000002b454      0x218 Output/Release//ble_advertising.o
                0x000000000002b454                ble_advertising_start
 .text.ble_advertising_on_ble_evt
                0x000000000002b66c       0x6a Output/Release//ble_advertising.o
                0x000000000002b66c                ble_advertising_on_ble_evt
 .text.sd_ble_gap_conn_param_update
                0x000000000002b6d6        0x4 Output/Release//ble_conn_params.o
 .text.sd_ble_gap_disconnect
                0x000000000002b6da        0x4 Output/Release//ble_conn_params.o
 .text.sd_ble_gap_ppcp_set
                0x000000000002b6de        0x4 Output/Release//ble_conn_params.o
 .text.sd_ble_gap_ppcp_get
                0x000000000002b6e2        0x4 Output/Release//ble_conn_params.o
 *fill*         0x000000000002b6e6        0x2 
 .text.instance_get
                0x000000000002b6e8       0x14 Output/Release//ble_conn_params.o
 .text.send_error_evt
                0x000000000002b6fc       0x10 Output/Release//ble_conn_params.o
 .text.update_timeout_handler
                0x000000000002b70c       0x6c Output/Release//ble_conn_params.o
 .text.conn_params_negotiation
                0x000000000002b778       0x48 Output/Release//ble_conn_params.o
 .text.is_conn_params_ok.constprop.0
                0x000000000002b7c0       0x34 Output/Release//ble_conn_params.o
 .text.ble_evt_handler
                0x000000000002b7f4       0xe0 Output/Release//ble_conn_params.o
 .text.ble_conn_params_init
                0x000000000002b8d4       0x74 Output/Release//ble_conn_params.o
                0x000000000002b8d4                ble_conn_params_init
 .text.flag_toggle
                0x000000000002b948        0xa Output/Release//ble_conn_state.o
 .text.conn_handle_list_get
                0x000000000002b952       0x2e Output/Release//ble_conn_state.o
                0x000000000002b952                conn_handle_list_get
 .text.ble_evt_handler
                0x000000000002b980      0x104 Output/Release//ble_conn_state.o
 .text.ble_conn_state_valid
                0x000000000002ba84       0x14 Output/Release//ble_conn_state.o
                0x000000000002ba84                ble_conn_state_valid
 .text.ble_conn_state_conn_idx
                0x000000000002ba98       0x12 Output/Release//ble_conn_state.o
                0x000000000002ba98                ble_conn_state_conn_idx
 .text.blcm_link_ctx_get
                0x000000000002baaa       0x4e Output/Release//ble_link_ctx_manager.o
                0x000000000002baaa                blcm_link_ctx_get
 .text.sd_ble_gatts_characteristic_add
                0x000000000002baf8        0x4 Output/Release//ble_srv_common.o
 .text.set_security_req
                0x000000000002bafc       0x2a Output/Release//ble_srv_common.o
 .text.ble_srv_is_notification_enabled
                0x000000000002bb26        0x8 Output/Release//ble_srv_common.o
                0x000000000002bb26                ble_srv_is_notification_enabled
 .text.characteristic_add
                0x000000000002bb2e      0x154 Output/Release//ble_srv_common.o
                0x000000000002bb2e                characteristic_add
 .text.sd_ble_gap_data_length_update
                0x000000000002bc82        0x4 Output/Release//nrf_ble_gatt.o
 .text.sd_ble_gattc_exchange_mtu_request
                0x000000000002bc86        0x4 Output/Release//nrf_ble_gatt.o
 .text.sd_ble_gatts_exchange_mtu_reply
                0x000000000002bc8a        0x4 Output/Release//nrf_ble_gatt.o
 .text.data_length_update
                0x000000000002bc8e       0x22 Output/Release//nrf_ble_gatt.o
 .text.nrf_ble_gatt_init
                0x000000000002bcb0       0x28 Output/Release//nrf_ble_gatt.o
                0x000000000002bcb0                nrf_ble_gatt_init
 .text.nrf_ble_gatt_att_mtu_periph_set
                0x000000000002bcd8       0x18 Output/Release//nrf_ble_gatt.o
                0x000000000002bcd8                nrf_ble_gatt_att_mtu_periph_set
 .text.nrf_ble_gatt_on_ble_evt
                0x000000000002bcf0      0x124 Output/Release//nrf_ble_gatt.o
                0x000000000002bcf0                nrf_ble_gatt_on_ble_evt
 .text.sd_ble_gatts_rw_authorize_reply
                0x000000000002be14        0x4 Output/Release//nrf_ble_qwr.o
 .text.sd_ble_user_mem_reply
                0x000000000002be18        0x4 Output/Release//nrf_ble_qwr.o
 .text.user_mem_reply.part.0
                0x000000000002be1c       0x24 Output/Release//nrf_ble_qwr.o
 .text.nrf_ble_qwr_init
                0x000000000002be40       0x24 Output/Release//nrf_ble_qwr.o
                0x000000000002be40                nrf_ble_qwr_init
 .text.nrf_ble_qwr_conn_handle_assign
                0x000000000002be64       0x16 Output/Release//nrf_ble_qwr.o
                0x000000000002be64                nrf_ble_qwr_conn_handle_assign
 .text.nrf_ble_qwr_on_ble_evt
                0x000000000002be7a       0xa0 Output/Release//nrf_ble_qwr.o
                0x000000000002be7a                nrf_ble_qwr_on_ble_evt
 .text.sd_ble_gatts_service_add
                0x000000000002bf1a        0x4 Output/Release//ble_nus.o
 .text.sd_ble_gatts_value_get
                0x000000000002bf1e        0x4 Output/Release//ble_nus.o
 .text.sd_ble_gatts_hvx
                0x000000000002bf22        0x4 Output/Release//ble_nus.o
 .text.sd_ble_uuid_vs_add
                0x000000000002bf26        0x4 Output/Release//ble_nus.o
 .text.ble_nus_on_ble_evt
                0x000000000002bf2a      0x132 Output/Release//ble_nus.o
                0x000000000002bf2a                ble_nus_on_ble_evt
 .text.ble_nus_init
                0x000000000002c05c       0xf4 Output/Release//ble_nus.o
                0x000000000002c05c                ble_nus_init
 .text.ble_nus_data_send
                0x000000000002c150       0x66 Output/Release//ble_nus.o
                0x000000000002c150                ble_nus_data_send
 .text.sd_softdevice_enable
                0x000000000002c1b6        0x4 Output/Release//nrf_sdh.o
 .text.sd_softdevice_disable
                0x000000000002c1ba        0x4 Output/Release//nrf_sdh.o
 *fill*         0x000000000002c1be        0x2 
 .text.sdh_request_observer_notify
                0x000000000002c1c0       0x30 Output/Release//nrf_sdh.o
 .text.sdh_state_observer_notify
                0x000000000002c1f0       0x28 Output/Release//nrf_sdh.o
 .text.softdevice_evt_irq_disable
                0x000000000002c218       0x24 Output/Release//nrf_sdh.o
 .text.softdevices_evt_irq_enable
                0x000000000002c23c       0x38 Output/Release//nrf_sdh.o
 .text.nrf_sdh_enable_request
                0x000000000002c274       0x7c Output/Release//nrf_sdh.o
                0x000000000002c274                nrf_sdh_enable_request
 .text.nrf_sdh_disable_request
                0x000000000002c2f0       0x60 Output/Release//nrf_sdh.o
                0x000000000002c2f0                nrf_sdh_disable_request
 .text.nrf_sdh_is_enabled
                0x000000000002c350        0xc Output/Release//nrf_sdh.o
                0x000000000002c350                nrf_sdh_is_enabled
 .text.nrf_sdh_evts_poll
                0x000000000002c35c       0x28 Output/Release//nrf_sdh.o
                0x000000000002c35c                nrf_sdh_evts_poll
 .text.SWI2_EGU2_IRQHandler
                0x000000000002c384        0x4 Output/Release//nrf_sdh.o
                0x000000000002c384                SWI2_EGU2_IRQHandler
 .text.sd_ble_enable
                0x000000000002c388        0x4 Output/Release//nrf_sdh_ble.o
 .text.sd_ble_cfg_set
                0x000000000002c38c        0x4 Output/Release//nrf_sdh_ble.o
 .text.sd_ble_evt_get
                0x000000000002c390        0x4 Output/Release//nrf_sdh_ble.o
 .text.nrf_sdh_ble_evts_poll.part.0
                0x000000000002c394       0x4c Output/Release//nrf_sdh_ble.o
 .text.nrf_sdh_ble_evts_poll
                0x000000000002c3e0       0x10 Output/Release//nrf_sdh_ble.o
 .text.nrf_sdh_ble_app_ram_start_get
                0x000000000002c3f0       0x14 Output/Release//nrf_sdh_ble.o
                0x000000000002c3f0                nrf_sdh_ble_app_ram_start_get
 .text.nrf_sdh_ble_default_cfg_set
                0x000000000002c404       0xd0 Output/Release//nrf_sdh_ble.o
                0x000000000002c404                nrf_sdh_ble_default_cfg_set
 .text.nrf_sdh_ble_enable
                0x000000000002c4d4       0x14 Output/Release//nrf_sdh_ble.o
                0x000000000002c4d4                nrf_sdh_ble_enable
 .text.sd_evt_get
                0x000000000002c4e8        0x4 Output/Release//nrf_sdh_soc.o
 .text.nrf_sdh_soc_evts_poll
                0x000000000002c4ec       0x3c Output/Release//nrf_sdh_soc.o
 .text._ZN9RH_SX126xC2Ev
                0x000000000002c528        0x2 Output/Release//RH_SX126x.o
                0x000000000002c528                RH_SX126x::RH_SX126x()
                0x000000000002c528                RH_SX126x::RH_SX126x()
 .text._ZN7RH_RF9516maxMessageLengthEv
                0x000000000002c52a        0x4 Output/Release//RH_RF95.o
                0x000000000002c52a                RH_RF95::maxMessageLength()
 *fill*         0x000000000002c52e        0x2 
 .text._ZN7RH_RF95C2Ev
                0x000000000002c530        0xc Output/Release//RH_RF95.o
                0x000000000002c530                RH_RF95::RH_RF95()
                0x000000000002c530                RH_RF95::RH_RF95()
 .text._ZN7RH_RF958spiWriteEhh
                0x000000000002c53c       0x40 Output/Release//RH_RF95.o
                0x000000000002c53c                RH_RF95::spiWrite(unsigned char, unsigned char)
 .text._ZN7RH_RF955sleepEv
                0x000000000002c57c       0x1e Output/Release//RH_RF95.o
                0x000000000002c57c                RH_RF95::sleep()
 .text._ZN7RH_RF9515isChannelActiveEv
                0x000000000002c59a       0x30 Output/Release//RH_RF95.o
                0x000000000002c59a                RH_RF95::isChannelActive()
 *fill*         0x000000000002c5ca        0x2 
 .text._Z8N_handleP14app_uart_evt_t
                0x000000000002c5cc       0x20 Output/Release//4gSIM.o
                0x000000000002c5cc                N_handle(app_uart_evt_t*)
 .text.nrf_delay_ms.part.0
                0x000000000002c5ec       0x1c Output/Release//4gSIM.o
 .text._ZN5nbiot10SerialInitEjj
                0x000000000002c608       0x60 Output/Release//4gSIM.o
                0x000000000002c608                nbiot::SerialInit(unsigned int, unsigned int)
 .text._ZN5nbiot4InitEjjPFvjEPVi
                0x000000000002c668       0x20 Output/Release//4gSIM.o
                0x000000000002c668                nbiot::Init(unsigned int, unsigned int, void (*)(unsigned int), int volatile*)
 .text._ZN5nbiot11SendCommandEPKcjS1_
                0x000000000002c688       0xbc Output/Release//4gSIM.o
                0x000000000002c688                nbiot::SendCommand(char const*, unsigned int, char const*)
 .text._ZN5nbiot9GetConfigEv
                0x000000000002c744       0x84 Output/Release//4gSIM.o
                0x000000000002c744                nbiot::GetConfig()
 .text._ZN5nbiot15CalculateTxBandEi
                0x000000000002c7c8       0x28 Output/Release//4gSIM.o
                0x000000000002c7c8                nbiot::CalculateTxBand(int)
 .text._ZN5nbiot15CalculateRxBandEi
                0x000000000002c7f0       0x28 Output/Release//4gSIM.o
                0x000000000002c7f0                nbiot::CalculateRxBand(int)
 .text._ZN5nbiot10CwFunctionEiiiib
                0x000000000002c818      0x120 Output/Release//4gSIM.o
                0x000000000002c818                nbiot::CwFunction(int, int, int, int, bool)
 .text._ZN6TMP117C2Ev
                0x000000000002c938        0x2 Output/Release//TMP117.o
                0x000000000002c938                TMP117::TMP117()
                0x000000000002c938                TMP117::TMP117()
 .text._ZN10I2CWrapperC2Ejjh20nrf_twim_frequency_t
                0x000000000002c93a       0x18 Output/Release//i2c_wrapper.o
                0x000000000002c93a                I2CWrapper::I2CWrapper(unsigned int, unsigned int, unsigned char, nrf_twim_frequency_t)
                0x000000000002c93a                I2CWrapper::I2CWrapper(unsigned int, unsigned int, unsigned char, nrf_twim_frequency_t)
 *fill*         0x000000000002c952        0x2 
 .text.__aeabi_f2d
                0x000000000002c954       0x34 C:/Program Files/SEGGER/SEGGER Embedded Studio for ARM 4.40/lib/libm_v7em_fpv4_sp_d16_hard_t_le_eabi.a(libm_asm.o)
                0x000000000002c954                __aeabi_f2d
 .text.__aeabi_d2f
                0x000000000002c988       0x54 C:/Program Files/SEGGER/SEGGER Embedded Studio for ARM 4.40/lib/libm_v7em_fpv4_sp_d16_hard_t_le_eabi.a(libm_asm.o)
                0x000000000002c988                __aeabi_d2f
 .text.__float32_isinf
                0x000000000002c9dc       0x14 C:/Program Files/SEGGER/SEGGER Embedded Studio for ARM 4.40/lib/libm_v7em_fpv4_sp_d16_hard_t_le_eabi.a(libm_asm.o)
                0x000000000002c9dc                __float32_isinf
 .text.__float32_isnan
                0x000000000002c9f0       0x14 C:/Program Files/SEGGER/SEGGER Embedded Studio for ARM 4.40/lib/libm_v7em_fpv4_sp_d16_hard_t_le_eabi.a(libm_asm.o)
                0x000000000002c9f0                __float32_isnan
 .text.__float32_signbit
                0x000000000002ca04        0xc C:/Program Files/SEGGER/SEGGER Embedded Studio for ARM 4.40/lib/libm_v7em_fpv4_sp_d16_hard_t_le_eabi.a(libm_asm.o)
                0x000000000002ca04                __float32_signbit
 .text.fabsf    0x000000000002ca10        0x8 C:/Program Files/SEGGER/SEGGER Embedded Studio for ARM 4.40/lib/libm_v7em_fpv4_sp_d16_hard_t_le_eabi.a(libm_asm.o)
                0x000000000002ca10                fabsf
                0x000000000002ca10                fabs(float)
 .text.floorf   0x000000000002ca18       0x70 C:/Program Files/SEGGER/SEGGER Embedded Studio for ARM 4.40/lib/libm_v7em_fpv4_sp_d16_hard_t_le_eabi.a(libm_asm.o)
                0x000000000002ca18                floorf
                0x000000000002ca18                floor(float)
 .text.frexpf   0x000000000002ca88       0x3c C:/Program Files/SEGGER/SEGGER Embedded Studio for ARM 4.40/lib/libm_v7em_fpv4_sp_d16_hard_t_le_eabi.a(libm_asm.o)
                0x000000000002ca88                frexpf
                0x000000000002ca88                frexp(float, int*)
 .text.ldexpf   0x000000000002cac4       0x48 C:/Program Files/SEGGER/SEGGER Embedded Studio for ARM 4.40/lib/libm_v7em_fpv4_sp_d16_hard_t_le_eabi.a(libm_asm.o)
                0x000000000002cac4                ldexp(float, int)
                0x000000000002cac4                ldexpf
 .text.libc.modff
                0x000000000002cb0c       0x58 C:/Program Files/SEGGER/SEGGER Embedded Studio for ARM 4.40/lib/libm_v7em_fpv4_sp_d16_hard_t_le_eabi.a(libm2.o)
                0x000000000002cb0c                modf(float, float*)
                0x000000000002cb0c                modff
 .text.libc.fmodf
                0x000000000002cb64       0xfc C:/Program Files/SEGGER/SEGGER Embedded Studio for ARM 4.40/lib/libm_v7em_fpv4_sp_d16_hard_t_le_eabi.a(libm2.o)
                0x000000000002cb64                fmod(float, float)
                0x000000000002cb64                fmodf
 .text.libc.__int64_udivmod
                0x000000000002cc60       0xce C:/Program Files/SEGGER/SEGGER Embedded Studio for ARM 4.40/lib/libc_v7em_fpv4_sp_d16_hard_t_le_eabi.a(libc_asm.o)
                0x000000000002cc60                __aeabi_uldivmod
                0x000000000002cc60                __int64_udiv
                0x000000000002cc60                __udivdi3
                0x000000000002cc60                __int64_udivmod
 *fill*         0x000000000002cd2e        0x2 
 .text.libc.__RAL_pow10f
                0x000000000002cd30       0x44 C:/Program Files/SEGGER/SEGGER Embedded Studio for ARM 4.40/lib/libc_v7em_fpv4_sp_d16_hard_t_le_eabi.a(libc2.o)
                0x000000000002cd30                __RAL_pow10f
 .text.libc.__putc
                0x000000000002cd74       0x34 C:/Program Files/SEGGER/SEGGER Embedded Studio for ARM 4.40/lib/libc_v7em_fpv4_sp_d16_hard_t_le_eabi.a(libc2.o)
                0x000000000002cd74                __putc
 .text.libc.__RAL_print_padding
                0x000000000002cda8       0x1c C:/Program Files/SEGGER/SEGGER Embedded Studio for ARM 4.40/lib/libc_v7em_fpv4_sp_d16_hard_t_le_eabi.a(libc2.o)
                0x000000000002cda8                __RAL_print_padding
 .text.libc.__RAL_pre_padding
                0x000000000002cdc4       0x1a C:/Program Files/SEGGER/SEGGER Embedded Studio for ARM 4.40/lib/libc_v7em_fpv4_sp_d16_hard_t_le_eabi.a(libc2.o)
                0x000000000002cdc4                __RAL_pre_padding
 .text.libc.__xtoa
                0x000000000002cdde       0x54 C:/Program Files/SEGGER/SEGGER Embedded Studio for ARM 4.40/lib/libc_v7em_fpv4_sp_d16_hard_t_le_eabi.a(libc2.o)
                0x000000000002cdde                __xtoa
 .text.libc.abs
                0x000000000002ce32        0x8 C:/Program Files/SEGGER/SEGGER Embedded Studio for ARM 4.40/lib/libc_v7em_fpv4_sp_d16_hard_t_le_eabi.a(libc2.o)
                0x000000000002ce32                abs
 *fill*         0x000000000002ce3a        0x2 
 .text.libc.__aeabi_errno_addr
                0x000000000002ce3c       0x14 C:/Program Files/SEGGER/SEGGER Embedded Studio for ARM 4.40/lib/libc_v7em_fpv4_sp_d16_hard_t_le_eabi.a(libc2.o)
                0x000000000002ce3c                __aeabi_errno_addr
 .text.libc.itoa
                0x000000000002ce50       0x1a C:/Program Files/SEGGER/SEGGER Embedded Studio for ARM 4.40/lib/libc_v7em_fpv4_sp_d16_hard_t_le_eabi.a(libc2.o)
                0x000000000002ce50                itoa
 .text.libc.snprintf
                0x000000000002ce6a       0x28 C:/Program Files/SEGGER/SEGGER Embedded Studio for ARM 4.40/lib/libc_v7em_fpv4_sp_d16_hard_t_le_eabi.a(libc2.o)
                0x000000000002ce6a                snprintf
 .text.libc.sprintf
                0x000000000002ce92       0x2a C:/Program Files/SEGGER/SEGGER Embedded Studio for ARM 4.40/lib/libc_v7em_fpv4_sp_d16_hard_t_le_eabi.a(libc2.o)
                0x000000000002ce92                sprintf
 .text.libc.strncat
                0x000000000002cebc       0x36 C:/Program Files/SEGGER/SEGGER Embedded Studio for ARM 4.40/lib/libc_v7em_fpv4_sp_d16_hard_t_le_eabi.a(libc2.o)
                0x000000000002cebc                strncat
 .text.libc.strnlen
                0x000000000002cef2       0x22 C:/Program Files/SEGGER/SEGGER Embedded Studio for ARM 4.40/lib/libc_v7em_fpv4_sp_d16_hard_t_le_eabi.a(libc2.o)
                0x000000000002cef2                strnlen
 .text.libc.strstr
                0x000000000002cf14       0x40 C:/Program Files/SEGGER/SEGGER Embedded Studio for ARM 4.40/lib/libc_v7em_fpv4_sp_d16_hard_t_le_eabi.a(libc2.o)
                0x000000000002cf14                strstr
 .text.libc.vsnprintf
                0x000000000002cf54       0x1c C:/Program Files/SEGGER/SEGGER Embedded Studio for ARM 4.40/lib/libc_v7em_fpv4_sp_d16_hard_t_le_eabi.a(libc2.o)
                0x000000000002cf54                vsnprintf
 .text.libc.memcpy
                0x000000000002cf70       0x52 C:/Program Files/SEGGER/SEGGER Embedded Studio for ARM 4.40/lib/libc_v7em_fpv4_sp_d16_hard_t_le_eabi.a(libc2_asm.o)
                0x000000000002cf70                __aeabi_memcpy
                0x000000000002cf70                memcpy
                0x000000000002cf7c                __aeabi_memcpy8
                0x000000000002cf7c                __aeabi_memcpy4
 .text.libc.memset
                0x000000000002cfc2       0x66 C:/Program Files/SEGGER/SEGGER Embedded Studio for ARM 4.40/lib/libc_v7em_fpv4_sp_d16_hard_t_le_eabi.a(libc2_asm.o)
                0x000000000002cfc2                memset
 .text.libc.strcpy
                0x000000000002d028       0x44 C:/Program Files/SEGGER/SEGGER Embedded Studio for ARM 4.40/lib/libc_v7em_fpv4_sp_d16_hard_t_le_eabi.a(libc2_asm.o)
                0x000000000002d028                strcpy
 .text.libc.strlen
                0x000000000002d06c       0x60 C:/Program Files/SEGGER/SEGGER Embedded Studio for ARM 4.40/lib/libc_v7em_fpv4_sp_d16_hard_t_le_eabi.a(libc2_asm.o)
                0x000000000002d06c                strlen
 .text.libc.__vfprintf_short_float_long
                0x000000000002d0cc      0xdf4 C:/Program Files/SEGGER/SEGGER Embedded Studio for ARM 4.40/lib/libvfprintf_v7em_fpv4_sp_d16_hard_t_le_eabi.o
                0x000000000002d0cc                __vfprintf_short_float_long
                0x000000000002dec0                __text_end__ = (__text_start__ + SIZEOF (.text))
                0x0000000000006af0                __text_size__ = SIZEOF (.text)
                0x000000000002dec0                __text_load_end__ = __text_end__

.vfp11_veneer   0x0000000100000000        0x0
 .vfp11_veneer  0x0000000100000000        0x0 linker stubs

.v4_bx          0x0000000100000000        0x0
 .v4_bx         0x0000000100000000        0x0 linker stubs

.iplt           0x0000000100000000        0x0
 .iplt          0x0000000100000000        0x0 Output/Release//thumb_crt0.o
                0x0000000000000001                . = ASSERT (((__text_start__ == __text_end__) || ((__text_end__ - __FLASH_segment_start__) <= __FLASH_segment_size__)), error: .text is too large to fit in FLASH memory segment)
                0x000000000002dec0                __sdh_soc_observers_load_start__ = ALIGN (__text_end__, 0x4)

.sdh_soc_observers
                0x000000000002dec0        0x8
                0x000000000002dec0                __sdh_soc_observers_start__ = .
                0x000000000002dec0                __start_sdh_soc_observers = __sdh_soc_observers_start__
 *(SORT_BY_NAME(.sdh_soc_observers*))
 .sdh_soc_observers0
                0x000000000002dec0        0x8 Output/Release//nrf_drv_clock.o
                0x000000000002dec8                __sdh_soc_observers_end__ = (__sdh_soc_observers_start__ + SIZEOF (.sdh_soc_observers))
                0x0000000000000008                __sdh_soc_observers_size__ = SIZEOF (.sdh_soc_observers)
                0x000000000002dec8                __stop_sdh_soc_observers = __sdh_soc_observers_end__
                0x000000000002dec8                __sdh_soc_observers_load_end__ = __sdh_soc_observers_end__
                0x0000000000000001                . = ASSERT (((__sdh_soc_observers_start__ == __sdh_soc_observers_end__) || ((__sdh_soc_observers_end__ - __FLASH_segment_start__) <= __FLASH_segment_size__)), error: .sdh_soc_observers is too large to fit in FLASH memory segment)
                0x000000000002dec8                __sdh_ble_observers_load_start__ = ALIGN (__sdh_soc_observers_end__, 0x4)

.sdh_ble_observers
                0x000000000002dec8       0x40
                0x000000000002dec8                __sdh_ble_observers_start__ = .
                0x000000000002dec8                __start_sdh_ble_observers = __sdh_ble_observers_start__
 *(SORT_BY_NAME(.sdh_ble_observers*))
 .sdh_ble_observers0
                0x000000000002dec8        0x8 Output/Release//ble_conn_state.o
 .sdh_ble_observers1
                0x000000000002ded0       0x10 Output/Release//main.o
 .sdh_ble_observers1
                0x000000000002dee0        0x8 Output/Release//ble_conn_params.o
 .sdh_ble_observers2
                0x000000000002dee8       0x10 Output/Release//main.o
 .sdh_ble_observers3
                0x000000000002def8       0x10 Output/Release//main.o
                0x000000000002df08                __sdh_ble_observers_end__ = (__sdh_ble_observers_start__ + SIZEOF (.sdh_ble_observers))
                0x0000000000000040                __sdh_ble_observers_size__ = SIZEOF (.sdh_ble_observers)
                0x000000000002df08                __stop_sdh_ble_observers = __sdh_ble_observers_end__
                0x000000000002df08                __sdh_ble_observers_load_end__ = __sdh_ble_observers_end__
                0x0000000000000001                . = ASSERT (((__sdh_ble_observers_start__ == __sdh_ble_observers_end__) || ((__sdh_ble_observers_end__ - __FLASH_segment_start__) <= __FLASH_segment_size__)), error: .sdh_ble_observers is too large to fit in FLASH memory segment)
                0x000000000002df08                __pwr_mgmt_data_load_start__ = ALIGN (__sdh_ble_observers_end__, 0x4)

.pwr_mgmt_data  0x000000000002df08        0x4
                0x000000000002df08                __pwr_mgmt_data_start__ = .
                0x000000000002df08                __start_pwr_mgmt_data = __pwr_mgmt_data_start__
 *(SORT_BY_NAME(.pwr_mgmt_data*))
 .pwr_mgmt_data0
                0x000000000002df08        0x4 Output/Release//main.o
                0x000000000002df0c                __pwr_mgmt_data_end__ = (__pwr_mgmt_data_start__ + SIZEOF (.pwr_mgmt_data))
                0x0000000000000004                __pwr_mgmt_data_size__ = SIZEOF (.pwr_mgmt_data)
                0x000000000002df0c                __stop_pwr_mgmt_data = __pwr_mgmt_data_end__
                0x000000000002df0c                __pwr_mgmt_data_load_end__ = __pwr_mgmt_data_end__
                0x0000000000000001                . = ASSERT (((__pwr_mgmt_data_start__ == __pwr_mgmt_data_end__) || ((__pwr_mgmt_data_end__ - __FLASH_segment_start__) <= __FLASH_segment_size__)), error: .pwr_mgmt_data is too large to fit in FLASH memory segment)
                0x000000000002df0c                __sdh_state_observers_load_start__ = ALIGN (__pwr_mgmt_data_end__, 0x4)

.sdh_state_observers
                0x000000000002df0c        0x8
                0x000000000002df0c                __sdh_state_observers_start__ = .
                0x000000000002df0c                __start_sdh_state_observers = __sdh_state_observers_start__
 *(SORT_BY_NAME(.sdh_state_observers*))
 .sdh_state_observers0
                0x000000000002df0c        0x8 Output/Release//nrf_drv_clock.o
                0x000000000002df14                __sdh_state_observers_end__ = (__sdh_state_observers_start__ + SIZEOF (.sdh_state_observers))
                0x0000000000000008                __sdh_state_observers_size__ = SIZEOF (.sdh_state_observers)
                0x000000000002df14                __stop_sdh_state_observers = __sdh_state_observers_end__
                0x000000000002df14                __sdh_state_observers_load_end__ = __sdh_state_observers_end__
                0x0000000000000001                . = ASSERT (((__sdh_state_observers_start__ == __sdh_state_observers_end__) || ((__sdh_state_observers_end__ - __FLASH_segment_start__) <= __FLASH_segment_size__)), error: .sdh_state_observers is too large to fit in FLASH memory segment)
                0x000000000002df14                __sdh_stack_observers_load_start__ = ALIGN (__sdh_state_observers_end__, 0x4)

.sdh_stack_observers
                0x000000000002df14       0x10
                0x000000000002df14                __sdh_stack_observers_start__ = .
                0x000000000002df14                __start_sdh_stack_observers = __sdh_stack_observers_start__
 *(SORT_BY_NAME(.sdh_stack_observers*))
 .sdh_stack_observers0
                0x000000000002df14        0x8 Output/Release//nrf_sdh_ble.o
 .sdh_stack_observers0
                0x000000000002df1c        0x8 Output/Release//nrf_sdh_soc.o
                0x000000000002df24                __sdh_stack_observers_end__ = (__sdh_stack_observers_start__ + SIZEOF (.sdh_stack_observers))
                0x0000000000000010                __sdh_stack_observers_size__ = SIZEOF (.sdh_stack_observers)
                0x000000000002df24                __stop_sdh_stack_observers = __sdh_stack_observers_end__
                0x000000000002df24                __sdh_stack_observers_load_end__ = __sdh_stack_observers_end__
                0x0000000000000001                . = ASSERT (((__sdh_stack_observers_start__ == __sdh_stack_observers_end__) || ((__sdh_stack_observers_end__ - __FLASH_segment_start__) <= __FLASH_segment_size__)), error: .sdh_stack_observers is too large to fit in FLASH memory segment)
                0x000000000002df24                __sdh_req_observers_load_start__ = ALIGN (__sdh_stack_observers_end__, 0x4)

.sdh_req_observers
                0x000000000002df24        0x0
                0x000000000002df24                __sdh_req_observers_start__ = .
                0x000000000002df24                __start_sdh_req_observers = __sdh_req_observers_start__
 *(SORT_BY_NAME(.sdh_req_observers*))
                0x000000000002df24                __sdh_req_observers_end__ = (__sdh_req_observers_start__ + SIZEOF (.sdh_req_observers))
                0x0000000000000000                __sdh_req_observers_size__ = SIZEOF (.sdh_req_observers)
                0x000000000002df24                __stop_sdh_req_observers = __sdh_req_observers_end__
                0x000000000002df24                __sdh_req_observers_load_end__ = __sdh_req_observers_end__
                0x0000000000000001                . = ASSERT (((__sdh_req_observers_start__ == __sdh_req_observers_end__) || ((__sdh_req_observers_end__ - __FLASH_segment_start__) <= __FLASH_segment_size__)), error: .sdh_req_observers is too large to fit in FLASH memory segment)
                0x000000000002df24                __nrf_queue_load_start__ = ALIGN (__sdh_req_observers_end__, 0x4)

.nrf_queue      0x000000000002df24        0x0
                0x000000000002df24                __nrf_queue_start__ = .
                0x000000000002df24                __start_nrf_queue = __nrf_queue_start__
 *(.nrf_queue*)
                0x000000000002df24                __nrf_queue_end__ = (__nrf_queue_start__ + SIZEOF (.nrf_queue))
                0x0000000000000000                __nrf_queue_size__ = SIZEOF (.nrf_queue)
                0x000000000002df24                __stop_nrf_queue = __nrf_queue_end__
                0x000000000002df24                __nrf_queue_load_end__ = __nrf_queue_end__
                0x0000000000000001                . = ASSERT (((__nrf_queue_start__ == __nrf_queue_end__) || ((__nrf_queue_end__ - __FLASH_segment_start__) <= __FLASH_segment_size__)), error: .nrf_queue is too large to fit in FLASH memory segment)
                0x000000000002df24                __nrf_balloc_load_start__ = ALIGN (__nrf_queue_end__, 0x4)

.nrf_balloc     0x000000000002df24        0x0
                0x000000000002df24                __nrf_balloc_start__ = .
                0x000000000002df24                __start_nrf_balloc = __nrf_balloc_start__
 *(.nrf_balloc*)
                0x000000000002df24                __nrf_balloc_end__ = (__nrf_balloc_start__ + SIZEOF (.nrf_balloc))
                0x0000000000000000                __nrf_balloc_size__ = SIZEOF (.nrf_balloc)
                0x000000000002df24                __stop_nrf_balloc = __nrf_balloc_end__
                0x000000000002df24                __nrf_balloc_load_end__ = __nrf_balloc_end__
                0x0000000000000001                . = ASSERT (((__nrf_balloc_start__ == __nrf_balloc_end__) || ((__nrf_balloc_end__ - __FLASH_segment_start__) <= __FLASH_segment_size__)), error: .nrf_balloc is too large to fit in FLASH memory segment)
                0x000000000002df24                __cli_command_load_start__ = ALIGN (__nrf_balloc_end__, 0x4)

.cli_command    0x000000000002df24        0x0
                0x000000000002df24                __cli_command_start__ = .
                0x000000000002df24                __start_cli_command = __cli_command_start__
 *(.cli_command*)
                0x000000000002df24                __cli_command_end__ = (__cli_command_start__ + SIZEOF (.cli_command))
                0x0000000000000000                __cli_command_size__ = SIZEOF (.cli_command)
                0x000000000002df24                __stop_cli_command = __cli_command_end__
                0x000000000002df24                __cli_command_load_end__ = __cli_command_end__
                0x0000000000000001                . = ASSERT (((__cli_command_start__ == __cli_command_end__) || ((__cli_command_end__ - __FLASH_segment_start__) <= __FLASH_segment_size__)), error: .cli_command is too large to fit in FLASH memory segment)
                0x000000000002df24                __crypto_data_load_start__ = ALIGN (__cli_command_end__, 0x4)

.crypto_data    0x000000000002df24        0x0
                0x000000000002df24                __crypto_data_start__ = .
                0x000000000002df24                __start_crypto_data = __crypto_data_start__
 *(SORT_BY_NAME(.crypto_data*))
                0x000000000002df24                __crypto_data_end__ = (__crypto_data_start__ + SIZEOF (.crypto_data))
                0x0000000000000000                __crypto_data_size__ = SIZEOF (.crypto_data)
                0x000000000002df24                __stop_crypto_data = __crypto_data_end__
                0x000000000002df24                __crypto_data_load_end__ = __crypto_data_end__
                0x0000000000000001                . = ASSERT (((__crypto_data_start__ == __crypto_data_end__) || ((__crypto_data_end__ - __FLASH_segment_start__) <= __FLASH_segment_size__)), error: .crypto_data is too large to fit in FLASH memory segment)
                0x000000000002df24                __log_const_data_load_start__ = ALIGN (__crypto_data_end__, 0x4)

.log_const_data
                0x000000000002df24        0x0
                0x000000000002df24                __log_const_data_start__ = .
                0x000000000002df24                __start_log_const_data = __log_const_data_start__
 *(SORT_BY_NAME(.log_const_data*))
                0x000000000002df24                __log_const_data_end__ = (__log_const_data_start__ + SIZEOF (.log_const_data))
                0x0000000000000000                __log_const_data_size__ = SIZEOF (.log_const_data)
                0x000000000002df24                __stop_log_const_data = __log_const_data_end__
                0x000000000002df24                __log_const_data_load_end__ = __log_const_data_end__
                0x0000000000000001                . = ASSERT (((__log_const_data_start__ == __log_const_data_end__) || ((__log_const_data_end__ - __FLASH_segment_start__) <= __FLASH_segment_size__)), error: .log_const_data is too large to fit in FLASH memory segment)
                0x000000000002df24                __log_backends_load_start__ = ALIGN (__log_const_data_end__, 0x4)

.log_backends   0x000000000002df24        0x0
                0x000000000002df24                __log_backends_start__ = .
                0x000000000002df24                __start_log_backends = __log_backends_start__
 *(SORT_BY_NAME(.log_backends*))
                0x000000000002df24                __log_backends_end__ = (__log_backends_start__ + SIZEOF (.log_backends))
                0x0000000000000000                __log_backends_size__ = SIZEOF (.log_backends)
                0x000000000002df24                __stop_log_backends = __log_backends_end__
                0x000000000002df24                __log_backends_load_end__ = __log_backends_end__
                0x0000000000000001                . = ASSERT (((__log_backends_start__ == __log_backends_end__) || ((__log_backends_end__ - __FLASH_segment_start__) <= __FLASH_segment_size__)), error: .log_backends is too large to fit in FLASH memory segment)
                0x000000000002df24                __nrf_sections_load_start__ = ALIGN (__log_backends_end__, 0x4)

.nrf_sections   0x000000000002df24        0x0
                0x000000000002df24                __nrf_sections_start__ = .
                0x000000000002df24                __start_nrf_sections = __nrf_sections_start__
 *(.nrf_sections .nrf_sections.*)
                0x000000000002df24                __nrf_sections_end__ = (__nrf_sections_start__ + SIZEOF (.nrf_sections))
                0x0000000000000000                __nrf_sections_size__ = SIZEOF (.nrf_sections)
                0x000000000002df24                __nrf_sections_load_end__ = __nrf_sections_end__
                0x0000000000000001                . = ASSERT (((__nrf_sections_start__ == __nrf_sections_end__) || ((__nrf_sections_end__ - __FLASH_segment_start__) <= __FLASH_segment_size__)), error: .nrf_sections is too large to fit in FLASH memory segment)
                0x000000000002df24                __cli_sorted_cmd_ptrs_load_start__ = ALIGN (__nrf_sections_end__, 0x4)

.cli_sorted_cmd_ptrs
                0x0000000020003300        0x0 load address 0x000000000002df24
                0x0000000020003300                __cli_sorted_cmd_ptrs_start__ = .
 *(.cli_sorted_cmd_ptrs*)
                0x0000000020003300                __cli_sorted_cmd_ptrs_end__ = (__cli_sorted_cmd_ptrs_start__ + SIZEOF (.cli_sorted_cmd_ptrs))
                0x0000000000000000                __cli_sorted_cmd_ptrs_size__ = SIZEOF (.cli_sorted_cmd_ptrs)
                0x000000000002df24                __cli_sorted_cmd_ptrs_load_end__ = (__cli_sorted_cmd_ptrs_load_start__ + SIZEOF (.cli_sorted_cmd_ptrs))
                0x0000000000000001                . = ASSERT (((__cli_sorted_cmd_ptrs_load_start__ == __cli_sorted_cmd_ptrs_load_end__) || ((__cli_sorted_cmd_ptrs_load_end__ - __FLASH_segment_start__) <= __FLASH_segment_size__)), error: .cli_sorted_cmd_ptrs is too large to fit in FLASH memory segment)

.cli_sorted_cmd_ptrs_run
                0x0000000020003300        0x0
                0x0000000020003300                __cli_sorted_cmd_ptrs_run_start__ = .
                0x0000000020003300                __start_cli_sorted_cmd_ptrs = __cli_sorted_cmd_ptrs_run_start__
                0x0000000020003300                . = MAX ((__cli_sorted_cmd_ptrs_run_start__ + SIZEOF (.cli_sorted_cmd_ptrs)), .)
                0x0000000020003300                __cli_sorted_cmd_ptrs_run_end__ = (__cli_sorted_cmd_ptrs_run_start__ + SIZEOF (.cli_sorted_cmd_ptrs_run))
                0x0000000000000000                __cli_sorted_cmd_ptrs_run_size__ = SIZEOF (.cli_sorted_cmd_ptrs_run)
                0x0000000020003300                __stop_cli_sorted_cmd_ptrs = __cli_sorted_cmd_ptrs_run_end__
                0x0000000020003300                __cli_sorted_cmd_ptrs_run_load_end__ = __cli_sorted_cmd_ptrs_run_end__
                0x0000000000000001                . = ASSERT (((__cli_sorted_cmd_ptrs_run_start__ == __cli_sorted_cmd_ptrs_run_end__) || ((__cli_sorted_cmd_ptrs_run_end__ - __RAM_segment_start__) <= __RAM_segment_size__)), error: .cli_sorted_cmd_ptrs_run is too large to fit in RAM memory segment)
                0x000000000002df24                __fs_data_load_start__ = ALIGN ((__cli_sorted_cmd_ptrs_load_start__ + SIZEOF (.cli_sorted_cmd_ptrs)), 0x4)

.fs_data        0x0000000020003300        0x0 load address 0x000000000002df24
                0x0000000020003300                __fs_data_start__ = .
 *(.fs_data*)
                0x0000000020003300                __fs_data_end__ = (__fs_data_start__ + SIZEOF (.fs_data))
                0x0000000000000000                __fs_data_size__ = SIZEOF (.fs_data)
                0x000000000002df24                __fs_data_load_end__ = (__fs_data_load_start__ + SIZEOF (.fs_data))
                0x0000000000000001                . = ASSERT (((__fs_data_load_start__ == __fs_data_load_end__) || ((__fs_data_load_end__ - __FLASH_segment_start__) <= __FLASH_segment_size__)), error: .fs_data is too large to fit in FLASH memory segment)

.fs_data_run    0x0000000020003300        0x0
                0x0000000020003300                __fs_data_run_start__ = .
                0x0000000020003300                __start_fs_data = __fs_data_run_start__
                0x0000000020003300                . = MAX ((__fs_data_run_start__ + SIZEOF (.fs_data)), .)
                0x0000000020003300                __fs_data_run_end__ = (__fs_data_run_start__ + SIZEOF (.fs_data_run))
                0x0000000000000000                __fs_data_run_size__ = SIZEOF (.fs_data_run)
                0x0000000020003300                __stop_fs_data = __fs_data_run_end__
                0x0000000020003300                __fs_data_run_load_end__ = __fs_data_run_end__
                0x0000000000000001                . = ASSERT (((__fs_data_run_start__ == __fs_data_run_end__) || ((__fs_data_run_end__ - __RAM_segment_start__) <= __RAM_segment_size__)), error: .fs_data_run is too large to fit in RAM memory segment)
                0x000000000002df24                __log_dynamic_data_load_start__ = ALIGN ((__fs_data_load_start__ + SIZEOF (.fs_data)), 0x4)

.log_dynamic_data
                0x0000000020003300        0x0 load address 0x000000000002df24
                0x0000000020003300                __log_dynamic_data_start__ = .
 *(SORT_BY_NAME(.log_dynamic_data*))
                0x0000000020003300                __log_dynamic_data_end__ = (__log_dynamic_data_start__ + SIZEOF (.log_dynamic_data))
                0x0000000000000000                __log_dynamic_data_size__ = SIZEOF (.log_dynamic_data)
                0x000000000002df24                __log_dynamic_data_load_end__ = (__log_dynamic_data_load_start__ + SIZEOF (.log_dynamic_data))
                0x0000000000000001                . = ASSERT (((__log_dynamic_data_load_start__ == __log_dynamic_data_load_end__) || ((__log_dynamic_data_load_end__ - __FLASH_segment_start__) <= __FLASH_segment_size__)), error: .log_dynamic_data is too large to fit in FLASH memory segment)

.log_dynamic_data_run
                0x0000000020003300        0x0
                0x0000000020003300                __log_dynamic_data_run_start__ = .
                0x0000000020003300                __start_log_dynamic_data = __log_dynamic_data_run_start__
                0x0000000020003300                . = MAX ((__log_dynamic_data_run_start__ + SIZEOF (.log_dynamic_data)), .)
                0x0000000020003300                __log_dynamic_data_run_end__ = (__log_dynamic_data_run_start__ + SIZEOF (.log_dynamic_data_run))
                0x0000000000000000                __log_dynamic_data_run_size__ = SIZEOF (.log_dynamic_data_run)
                0x0000000020003300                __stop_log_dynamic_data = __log_dynamic_data_run_end__
                0x0000000020003300                __log_dynamic_data_run_load_end__ = __log_dynamic_data_run_end__
                0x0000000000000001                . = ASSERT (((__log_dynamic_data_run_start__ == __log_dynamic_data_run_end__) || ((__log_dynamic_data_run_end__ - __RAM_segment_start__) <= __RAM_segment_size__)), error: .log_dynamic_data_run is too large to fit in RAM memory segment)
                0x000000000002df24                __log_filter_data_load_start__ = ALIGN ((__log_dynamic_data_load_start__ + SIZEOF (.log_dynamic_data)), 0x4)

.log_filter_data
                0x0000000020003300        0x0 load address 0x000000000002df24
                0x0000000020003300                __log_filter_data_start__ = .
 *(SORT_BY_NAME(.log_filter_data*))
                0x0000000020003300                __log_filter_data_end__ = (__log_filter_data_start__ + SIZEOF (.log_filter_data))
                0x0000000000000000                __log_filter_data_size__ = SIZEOF (.log_filter_data)
                0x000000000002df24                __log_filter_data_load_end__ = (__log_filter_data_load_start__ + SIZEOF (.log_filter_data))
                0x0000000000000001                . = ASSERT (((__log_filter_data_load_start__ == __log_filter_data_load_end__) || ((__log_filter_data_load_end__ - __FLASH_segment_start__) <= __FLASH_segment_size__)), error: .log_filter_data is too large to fit in FLASH memory segment)

.log_filter_data_run
                0x0000000020003300        0x0
                0x0000000020003300                __log_filter_data_run_start__ = .
                0x0000000020003300                __start_log_filter_data = __log_filter_data_run_start__
                0x0000000020003300                . = MAX ((__log_filter_data_run_start__ + SIZEOF (.log_filter_data)), .)
                0x0000000020003300                __log_filter_data_run_end__ = (__log_filter_data_run_start__ + SIZEOF (.log_filter_data_run))
                0x0000000000000000                __log_filter_data_run_size__ = SIZEOF (.log_filter_data_run)
                0x0000000020003300                __stop_log_filter_data = __log_filter_data_run_end__
                0x0000000020003300                __log_filter_data_run_load_end__ = __log_filter_data_run_end__
                0x0000000000000001                . = ASSERT (((__log_filter_data_run_start__ == __log_filter_data_run_end__) || ((__log_filter_data_run_end__ - __RAM_segment_start__) <= __RAM_segment_size__)), error: .log_filter_data_run is too large to fit in RAM memory segment)
                0x0000000020003300                __nrf_sections_run_end_load_start__ = ALIGN (__log_filter_data_run_end__, 0x4)

.nrf_sections_run_end
                0x0000000020003300        0x0
                0x0000000020003300                __nrf_sections_run_end_start__ = .
                0x0000000020003300                __end_nrf_sections_run = __nrf_sections_run_end_start__
 *(.nrf_sections_run_end .nrf_sections_run_end.*)
                0x0000000020003300                __nrf_sections_run_end_end__ = (__nrf_sections_run_end_start__ + SIZEOF (.nrf_sections_run_end))
                0x0000000000000000                __nrf_sections_run_end_size__ = SIZEOF (.nrf_sections_run_end)
                0x0000000020003300                __nrf_sections_run_end_load_end__ = __nrf_sections_run_end_end__
                0x0000000000000001                . = ASSERT (((__nrf_sections_run_end_start__ == __nrf_sections_run_end_end__) || ((__nrf_sections_run_end_end__ - __RAM_segment_start__) <= __RAM_segment_size__)), error: .nrf_sections_run_end is too large to fit in RAM memory segment)
                0x000000000002df24                __dtors_load_start__ = ALIGN ((__log_filter_data_load_start__ + SIZEOF (.log_filter_data)), 0x4)

.dtors          0x000000000002df24        0x0
                0x000000000002df24                __dtors_start__ = .
 *(SORT_BY_NAME(.dtors.*))
 *(.dtors)
 *(.fini_array)
 *(SORT_BY_NAME(.fini_array.*))
                0x000000000002df24                __dtors_end__ = (__dtors_start__ + SIZEOF (.dtors))
                0x0000000000000000                __dtors_size__ = SIZEOF (.dtors)
                0x000000000002df24                __dtors_load_end__ = __dtors_end__
                0x0000000000000001                . = ASSERT (((__dtors_start__ == __dtors_end__) || ((__dtors_end__ - __FLASH_segment_start__) <= __FLASH_segment_size__)), error: .dtors is too large to fit in FLASH memory segment)
                0x000000000002df24                __ctors_load_start__ = ALIGN (__dtors_end__, 0x4)

.ctors          0x000000000002df24        0x4
                0x000000000002df24                __ctors_start__ = .
 *(SORT_BY_NAME(.ctors.*))
 *(.ctors)
 *(.init_array)
 .init_array    0x000000000002df24        0x4 Output/Release//main.o
 *(SORT_BY_NAME(.init_array.*))
                0x000000000002df28                __ctors_end__ = (__ctors_start__ + SIZEOF (.ctors))
                0x0000000000000004                __ctors_size__ = SIZEOF (.ctors)
                0x000000000002df28                __ctors_load_end__ = __ctors_end__
                0x0000000000000001                . = ASSERT (((__ctors_start__ == __ctors_end__) || ((__ctors_end__ - __FLASH_segment_start__) <= __FLASH_segment_size__)), error: .ctors is too large to fit in FLASH memory segment)
                0x000000000002df28                __rodata_load_start__ = ALIGN (__ctors_end__, 0x4)

.rodata         0x000000000002df28      0xac0
                0x000000000002df28                __rodata_start__ = .
 *(.rodata .rodata.* .gnu.linkonce.r.*)
 .rodata        0x000000000002df28        0x4 Output/Release//app_timer2.o
 .rodata.m_app_timer_sortlist
                0x000000000002df2c        0xc Output/Release//app_timer2.o
 .rodata        0x000000000002df38       0x20 Output/Release//app_uart_fifo.o
 *fill*         0x000000000002df58        0x8 
 .rodata.delay_machine_code.8294
                0x000000000002df60        0x6 Output/Release//drv_rtc.o
 *fill*         0x000000000002df66        0x2 
 .rodata.pwr_mgmt_data
                0x000000000002df68        0xc Output/Release//nrf_pwr_mgmt.o
 .rodata        0x000000000002df74       0x10 Output/Release//nrf_drv_spi.o
 .rodata._Z16gatt_evt_handlerP14nrf_ble_gatt_sPK18nrf_ble_gatt_evt_t.str1.1
                0x000000000002df84       0x57 Output/Release//main.o
 .rodata._Z16shutdown_handler18nrf_pwr_mgmt_evt_t.str1.1
                0x000000000002dfdb       0x8b Output/Release//main.o
 .rodata._Z19timer_event_handlerPv.str1.1
                0x000000000002e066       0x14 Output/Release//main.o
 .rodata._Z8datasendv.str1.1
                0x000000000002e07a       0x13 Output/Release//main.o
 .rodata._Z16nus_data_handlerP13ble_nus_evt_t.str1.1
                0x000000000002e08d       0x2f Output/Release//main.o
                                         0x31 (size before relaxing)
 .rodata._Z15gap_params_initv.str1.1
                0x000000000002e0bc        0xb Output/Release//main.o
 .rodata._Z17ble_ud_stack_initv.str1.1
                0x000000000002e0c7       0x2f Output/Release//main.o
                                         0x3f (size before relaxing)
 .rodata._Z7ud_initv.str1.1
                0x000000000002e0f6        0xe Output/Release//main.o
 .rodata._Z11get_ble_macv.str1.1
                0x000000000002e104       0x24 Output/Release//main.o
                                         0x28 (size before relaxing)
 .rodata._Z10get_hw_verv.str1.1
                0x000000000002e128       0x33 Output/Release//main.o
 .rodata._Z10init_Modemv.str1.1
                0x000000000002e15b       0x1d Output/Release//main.o
 .rodata._Z13on_adv_reportPK24ble_gap_evt_adv_report_t.str1.1
                0x000000000002e178       0x3b Output/Release//main.o
 .rodata._Z9setConfigi.str1.1
                0x000000000002e1b3      0x115 Output/Release//main.o
 .rodata._Z21cell_interval_receivei.str1.1
                0x000000000002e2c8       0x20 Output/Release//main.o
 .rodata._Z13tapeDiagnosisv.str1.1
                0x000000000002e2e8      0x133 Output/Release//main.o
 .rodata._Z16radio_with_data1b.str1.1
                0x000000000002e41b       0x75 Output/Release//main.o
 .rodata.main.str1.1
                0x000000000002e490       0x57 Output/Release//main.o
 *fill*         0x000000000002e4e7        0x1 
 .rodata        0x000000000002e4e8       0x10 Output/Release//main.o
 .rodata._ZL13cell_timer_id
                0x000000000002e4f8        0x4 Output/Release//main.o
 .rodata._ZL3spi
                0x000000000002e4fc       0x10 Output/Release//main.o
 .rodata._ZL8clock_id
                0x000000000002e50c        0x4 Output/Release//main.o
 .rodata._ZL8timer_id
                0x000000000002e510        0x4 Output/Release//main.o
 *fill*         0x000000000002e514        0xc 
 .rodata._ZZ21nrfx_coredep_delay_usE18delay_machine_code
                0x000000000002e520        0x6 Output/Release//main.o
 .rodata._DoInit.str1.1
                0x000000000002e526       0x14 Output/Release//SEGGER_RTT.o
 .rodata        0x000000000002e53a       0x10 Output/Release//ble_nus.o
 .rodata        0x000000000002e54a        0x4 Output/Release//nrf_sdh.o
 *fill*         0x000000000002e54e        0x2 
 .rodata.sdh_req_observers
                0x000000000002e550        0xc Output/Release//nrf_sdh.o
 .rodata.sdh_stack_observers
                0x000000000002e55c        0xc Output/Release//nrf_sdh.o
 .rodata.sdh_state_observers
                0x000000000002e568        0xc Output/Release//nrf_sdh.o
 .rodata.sdh_ble_observers
                0x000000000002e574        0xc Output/Release//nrf_sdh_ble.o
 .rodata.sdh_soc_observers
                0x000000000002e580        0xc Output/Release//nrf_sdh_soc.o
 .rodata._ZTV7RH_RF95
                0x000000000002e58c       0x14 Output/Release//RH_RF95.o
                0x000000000002e58c                vtable for RH_RF95
 .rodata._Z8N_handleP14app_uart_evt_t.str1.1
                0x000000000002e5a0       0x38 Output/Release//4gSIM.o
 .rodata._ZN5nbiot10SerialInitEjj.str1.1
                0x000000000002e5d8       0x22 Output/Release//4gSIM.o
 .rodata._ZN5nbiot11SendCommandEPKcjS1_.str1.1
                0x000000000002e5fa       0x2d Output/Release//4gSIM.o
 .rodata._ZN5nbiot12UnInitializeEv.str1.1
                0x000000000002e627       0x2b Output/Release//4gSIM.o
 .rodata._ZN5nbiot9GetConfigEv.str1.1
                0x000000000002e652       0x8e Output/Release//4gSIM.o
 .rodata._ZN5nbiot10CwFunctionEiiiib.str1.1
                0x000000000002e6e0       0x7b Output/Release//4gSIM.o
 *fill*         0x000000000002e75b        0x1 
 .rodata._ZL13rxFrequencies
                0x000000000002e75c       0xb4 Output/Release//4gSIM.o
 .rodata._ZL13txFrequencies
                0x000000000002e810       0xb4 Output/Release//4gSIM.o
 *fill*         0x000000000002e8c4        0xc 
 .rodata._ZZ21nrfx_coredep_delay_usE18delay_machine_code
                0x000000000002e8d0        0x6 Output/Release//4gSIM.o
 *fill*         0x000000000002e8d6        0x2 
 .rodata.libc.__RAL_hex_lc
                0x000000000002e8d8       0x10 C:/Program Files/SEGGER/SEGGER Embedded Studio for ARM 4.40/lib/libc_v7em_fpv4_sp_d16_hard_t_le_eabi.a(libc2.o)
                0x000000000002e8d8                __RAL_hex_lc
 .rodata.libc.__RAL_hex_uc