Archive member included to satisfy reference by file (symbol)

C:/Program Files/SEGGER/SEGGER Embedded Studio for ARM 4.40/lib/libm_v7em_fpv4_sp_d16_hard_t_le_eabi.a(libm_asm.o)
                              Output/Release//TMP117.o (__aeabi_dadd)
C:/Program Files/SEGGER/SEGGER Embedded Studio for ARM 4.40/lib/libm_v7em_fpv4_sp_d16_hard_t_le_eabi.a(libm2.o)
                              Output/Release//RH_SX126x.o (pow(double, double))
C:/Program Files/SEGGER/SEGGER Embedded Studio for ARM 4.40/lib/libc_v7em_fpv4_sp_d16_hard_t_le_eabi.a(libc_asm.o)
                              Output/Release//main.o (__aeabi_uldivmod)
C:/Program Files/SEGGER/SEGGER Embedded Studio for ARM 4.40/lib/libc_v7em_fpv4_sp_d16_hard_t_le_eabi.a(libc2.o)
                              C:/Program Files/SEGGER/SEGGER Embedded Studio for ARM 4.40/lib/libm_v7em_fpv4_sp_d16_hard_t_le_eabi.a(libm2.o) (__aeabi_errno_addr)
C:/Program Files/SEGGER/SEGGER Embedded Studio for ARM 4.40/lib/libc_v7em_fpv4_sp_d16_hard_t_le_eabi.a(libc2_asm.o)
                              Output/Release//app_scheduler.o (memcpy)
C:/Program Files/SEGGER/SEGGER Embedded Studio for ARM 4.40/lib/libc_v7em_fpv4_sp_d16_hard_t_le_eabi.a(libc.o)
                              C:/Program Files/SEGGER/SEGGER Embedded Studio for ARM 4.40/lib/libc_v7em_fpv4_sp_d16_hard_t_le_eabi.a(libc2.o) (__heap_lock)
C:/Program Files/SEGGER/SEGGER Embedded Studio for ARM 4.40/lib/libdebugio_v7em_fpv4_sp_d16_hard_t_le_eabi.a(libdebugio.o)
                              Output/Release//thumb_crt0.o (debug_fopen)
C:/Program Files/SEGGER/SEGGER Embedded Studio for ARM 4.40/lib/libdebugio_mempoll_v7em_fpv4_sp_d16_hard_t_le_eabi.a(mempoll_debug_operations.o)
                              C:/Program Files/SEGGER/SEGGER Embedded Studio for ARM 4.40/lib/libdebugio_v7em_fpv4_sp_d16_hard_t_le_eabi.a(libdebugio.o) (__do_debug_operation)
C:/Program Files/SEGGER/SEGGER Embedded Studio for ARM 4.40/lib/libdebugio_mempoll_v7em_fpv4_sp_d16_hard_t_le_eabi.a(do_nv_debug_operation.o)
                              C:/Program Files/SEGGER/SEGGER Embedded Studio for ARM 4.40/lib/libdebugio_v7em_fpv4_sp_d16_hard_t_le_eabi.a(libdebugio.o) (__do_nvdebug_operation)

Discarded input sections

 .text          0x0000000000000000        0x0 Output/Release//thumb_crt0.o
 .data          0x0000000000000000        0x0 Output/Release//thumb_crt0.o
 .bss           0x0000000000000000        0x0 Output/Release//thumb_crt0.o
 .text.abort    0x0000000000000000        0x2 Output/Release//thumb_crt0.o
 .text.__assert
                0x0000000000000000        0x2 Output/Release//thumb_crt0.o
 .text.__aeabi_assert
                0x0000000000000000        0x2 Output/Release//thumb_crt0.o
 .text.__sync_synchronize
                0x0000000000000000        0x2 Output/Release//thumb_crt0.o
 .text.__getchar
                0x0000000000000000        0x4 Output/Release//thumb_crt0.o
 .text.__putchar
                0x0000000000000000        0x4 Output/Release//thumb_crt0.o
 .text.__open   0x0000000000000000        0x4 Output/Release//thumb_crt0.o
 .text.__close  0x0000000000000000        0x4 Output/Release//thumb_crt0.o
 .text.__write  0x0000000000000000        0xa Output/Release//thumb_crt0.o
 .text.__read   0x0000000000000000        0xa Output/Release//thumb_crt0.o
 .text.__seek   0x0000000000000000       0x1a Output/Release//thumb_crt0.o
 .bss.__user_locale_name_buffer
                0x0000000000000000        0x4 Output/Release//thumb_crt0.o
 .stack         0x0000000000000000        0x0 Output/Release//thumb_crt0.o
 .stack_process
                0x0000000000000000        0x0 Output/Release//thumb_crt0.o
 .heap          0x0000000000000000        0x0 Output/Release//thumb_crt0.o
 .group         0x0000000000000000        0xc Output/Release//nrf_log_backend_rtt.o
 .group         0x0000000000000000        0xc Output/Release//nrf_log_backend_rtt.o
 .group         0x0000000000000000        0xc Output/Release//nrf_log_backend_rtt.o
 .group         0x0000000000000000        0xc Output/Release//nrf_log_backend_rtt.o
 .group         0x0000000000000000        0xc Output/Release//nrf_log_backend_rtt.o
 .group         0x0000000000000000        0xc Output/Release//nrf_log_backend_rtt.o
 .group         0x0000000000000000        0xc Output/Release//nrf_log_backend_rtt.o
 .group         0x0000000000000000        0xc Output/Release//nrf_log_backend_rtt.o
 .group         0x0000000000000000        0xc Output/Release//nrf_log_backend_rtt.o
 .group         0x0000000000000000        0xc Output/Release//nrf_log_backend_rtt.o
 .group         0x0000000000000000        0xc Output/Release//nrf_log_backend_rtt.o
 .group         0x0000000000000000        0xc Output/Release//nrf_log_backend_rtt.o
 .group         0x0000000000000000        0xc Output/Release//nrf_log_backend_rtt.o
 .group         0x0000000000000000        0xc Output/Release//nrf_log_backend_rtt.o
 .group         0x0000000000000000        0xc Output/Release//nrf_log_backend_rtt.o
[...]
Memory Configuration

Name             Origin             Length             Attributes
UNPLACED_SECTIONS 0x0000000100000000 0x0000000000000000 xw
RAM              0x0000000020000000 0x0000000000010000 xw
FLASH            0x0000000000000000 0x0000000000080000 xw
*default*        0x0000000000000000 0xffffffffffffffff

Linker script and memory map

                0x000000000002abbc                __vfprintf = __vfprintf_short_float_long
                0x0000000000000000                __vfscanf = __vfscanf_int
                0x0000000020000000                __RAM_segment_start__ = 0x20000000
                0x0000000020010000                __RAM_segment_end__ = 0x20010000
                0x0000000000010000                __RAM_segment_size__ = 0x10000
                0x0000000000000000                __FLASH_segment_start__ = 0x0
                0x0000000000080000                __FLASH_segment_end__ = 0x80000
                0x0000000000080000                __FLASH_segment_size__ = 0x80000
                0x0000000000002000                __HEAPSIZE__ = 0x2000
                0x0000000000000000                __STACKSIZE_PROCESS__ = 0x0
                0x0000000000002000                __STACKSIZE__ = 0x2000
                0x0000000020000000                __reserved_ram_load_start__ = 0x20000000

.reserved_ram   0x0000000020000000     0x2ad8
                0x0000000020000000                __reserved_ram_start__ = .
 *(.reserved_ram .reserved_ram.*)
                0x0000000020002ad8                . = MAX (((__reserved_ram_start__ + 0x20002ad8) - 0x20000000), .)
 *fill*         0x0000000020000000     0x2ad8 
                0x0000000020002ad8                __reserved_ram_end__ = (__reserved_ram_start__ + SIZEOF (.reserved_ram))
                0x0000000000002ad8                __reserved_ram_size__ = SIZEOF (.reserved_ram)
                0x0000000020002ad8                __reserved_ram_load_end__ = __reserved_ram_end__
                0x0000000000000001                . = ASSERT (((__reserved_ram_start__ == __reserved_ram_end__) || ((__reserved_ram_end__ - __RAM_segment_start__) <= __RAM_segment_size__)), error: .reserved_ram is too large to fit in RAM memory segment)
                0x0000000020002ad8                __vectors_ram_load_start__ = 0x20002ad8

.vectors_ram    0x0000000020002ad8        0x0
                0x0000000020002ad8                __vectors_ram_start__ = .
                0x0000000020002ad8                __app_ram_start__ = __vectors_ram_start__
 *(.vectors_ram .vectors_ram.*)
                0x0000000020002ad8                __vectors_ram_end__ = (__vectors_ram_start__ + SIZEOF (.vectors_ram))
                0x0000000000000000                __vectors_ram_size__ = SIZEOF (.vectors_ram)
                0x0000000020002ad8                __vectors_ram_load_end__ = __vectors_ram_end__
                0x0000000000000001                . = ASSERT (((__vectors_ram_start__ == __vectors_ram_end__) || ((__vectors_ram_end__ - __RAM_segment_start__) <= __RAM_segment_size__)), error: .vectors_ram is too large to fit in RAM memory segment)
                0x0000000000000001                . = ASSERT ((__reserved_ram_end__ <= __vectors_ram_start__), error: section .reserved_ram overlaps absolute placed section .vectors_ram)
                0x0000000020002ad8                __nrf_sections_run_load_start__ = ALIGN (__vectors_ram_end__, 0x4)

.nrf_sections_run
                0x0000000020002ad8        0x0
                0x0000000020002ad8                __nrf_sections_run_start__ = .
                0x0000000020002ad8                __start_nrf_sections_run = __nrf_sections_run_start__
 *(.nrf_sections_run .nrf_sections_run.*)
                0x0000000020002ad8                __nrf_sections_run_end__ = (__nrf_sections_run_start__ + SIZEOF (.nrf_sections_run))
                0x0000000000000000                __nrf_sections_run_size__ = SIZEOF (.nrf_sections_run)
                0x0000000020002ad8                __nrf_sections_run_load_end__ = __nrf_sections_run_end__
                0x0000000000000001                . = ASSERT (((__nrf_sections_run_start__ == __nrf_sections_run_end__) || ((__nrf_sections_run_end__ - __RAM_segment_start__) <= __RAM_segment_size__)), error: .nrf_sections_run is too large to fit in RAM memory segment)
                0x0000000000000000                __reserved_flash_load_start__ = 0x0

.reserved_flash
                0x0000000000000000    0x26000
                0x0000000000000000                __reserved_flash_start__ = .
 *(.reserved_flash .reserved_flash.*)
                0x0000000000026000                . = MAX (((__reserved_flash_start__ + 0x26000) - 0x0), .)
 *fill*         0x0000000000000000    0x26000 
                0x0000000000026000                __reserved_flash_end__ = (__reserved_flash_start__ + SIZEOF (.reserved_flash))
                0x0000000000026000                __reserved_flash_size__ = SIZEOF (.reserved_flash)
                0x0000000000026000                __reserved_flash_load_end__ = __reserved_flash_end__
                0x0000000000000001                . = ASSERT (((__reserved_flash_start__ == __reserved_flash_end__) || ((__reserved_flash_end__ - __FLASH_segment_start__) <= __FLASH_segment_size__)), error: .reserved_flash is too large to fit in FLASH memory segment)
                0x0000000000026000                __vectors_load_start__ = 0x26000

.vectors        0x0000000000026000      0x200
                0x0000000000026000                __vectors_start__ = .
 *(.vectors .vectors.*)
 .vectors       0x0000000000026000      0x200 Output/Release//ses_startup_nrf52.o
                0x0000000000026000                _vectors
                0x0000000000026200                __vectors_end__ = (__vectors_start__ + SIZEOF (.vectors))
                0x0000000000000200                __vectors_size__ = SIZEOF (.vectors)
                0x0000000000026200                __vectors_load_end__ = __vectors_end__
                0x0000000000000001                . = ASSERT (((__vectors_start__ == __vectors_end__) || ((__vectors_end__ - __FLASH_segment_start__) <= __FLASH_segment_size__)), error: .vectors is too large to fit in FLASH memory segment)
                0x0000000000000001                . = ASSERT ((__reserved_flash_end__ <= __vectors_start__), error: section .reserved_flash overlaps absolute placed section .vectors)
                0x0000000000026200                __init_load_start__ = ALIGN (__vectors_end__, 0x4)

.init           0x0000000000026200      0x1d0
                0x0000000000026200                __init_start__ = .
 *(.init .init.*)
 .init          0x0000000000026200      0x15c Output/Release//thumb_crt0.o
                0x0000000000026200                _start
                0x00000000000262b4                exit
 .init          0x000000000002635c       0x5c Output/Release//ses_startup_nrf_common.o
                0x000000000002635c                Reset_Handler
                0x0000000000026360                afterInitialize
                0x0000000000026384                InitializeUserMemorySections
 .init          0x00000000000263b8       0x18 Output/Release//ses_startup_nrf52.o
                0x00000000000263b8                NMI_Handler
                0x00000000000263ba                HardFault_Handler
                0x00000000000263bc                MemoryManagement_Handler
                0x00000000000263be                BusFault_Handler
                0x00000000000263c0                UsageFault_Handler
                0x00000000000263c2                SVC_Handler
                0x00000000000263c4                DebugMon_Handler
                0x00000000000263c6                PendSV_Handler
                0x00000000000263c8                SysTick_Handler
                0x00000000000263ca                RADIO_IRQHandler
                0x00000000000263ca                PWM1_IRQHandler
                0x00000000000263ca                TEMP_IRQHandler
                0x00000000000263ca                QDEC_IRQHandler
                0x00000000000263ca                RTC0_IRQHandler
                0x00000000000263ca                FPU_IRQHandler
                0x00000000000263ca                PDM_IRQHandler
                0x00000000000263ca                SWI0_EGU0_IRQHandler
                0x00000000000263ca                TIMER4_IRQHandler
                0x00000000000263ca                I2S_IRQHandler
                0x00000000000263ca                SWI4_EGU4_IRQHandler
                0x00000000000263ca                TIMER0_IRQHandler
                0x00000000000263ca                Dummy_Handler
                0x00000000000263ca                TIMER1_IRQHandler
                0x00000000000263ca                PWM2_IRQHandler
                0x00000000000263ca                ECB_IRQHandler
                0x00000000000263ca                SAADC_IRQHandler
                0x00000000000263ca                CCM_AAR_IRQHandler
                0x00000000000263ca                WDT_IRQHandler
                0x00000000000263ca                TIMER3_IRQHandler
                0x00000000000263ca                SWI5_EGU5_IRQHandler
                0x00000000000263ca                RNG_IRQHandler
                0x00000000000263ca                RTC2_IRQHandler
                0x00000000000263ca                PWM0_IRQHandler
                0x00000000000263ca                SWI3_EGU3_IRQHandler
                0x00000000000263ca                SWI1_EGU1_IRQHandler
                0x00000000000263ca                SPIM2_SPIS2_SPI2_IRQHandler
                0x00000000000263ca                NFCT_IRQHandler
                0x00000000000263ca                TIMER2_IRQHandler
                0x00000000000263ca                MWU_IRQHandler
                0x00000000000263ca                COMP_LPCOMP_IRQHandler
                0x00000000000263cc                nRFInitialize
                0x00000000000263d0                __init_end__ = (__init_start__ + SIZEOF (.init))
                0x00000000000001d0                __init_size__ = SIZEOF (.init)
                0x00000000000263d0                __init_load_end__ = __init_end__
                0x0000000000000001                . = ASSERT (((__init_start__ == __init_end__) || ((__init_end__ - __FLASH_segment_start__) <= __FLASH_segment_size__)), error: .init is too large to fit in FLASH memory segment)
                0x00000000000263d0                __init_rodata_load_start__ = ALIGN (__init_end__, 0x4)

.init_rodata    0x00000000000263d0        0x0
                0x00000000000263d0                __init_rodata_start__ = .
 *(.init_rodata .init_rodata.*)
                0x00000000000263d0                __init_rodata_end__ = (__init_rodata_start__ + SIZEOF (.init_rodata))
                0x0000000000000000                __init_rodata_size__ = SIZEOF (.init_rodata)
                0x00000000000263d0                __init_rodata_load_end__ = __init_rodata_end__
                0x0000000000000001                . = ASSERT (((__init_rodata_start__ == __init_rodata_end__) || ((__init_rodata_end__ - __FLASH_segment_start__) <= __FLASH_segment_size__)), error: .init_rodata is too large to fit in FLASH memory segment)
                0x00000000000263d0                __text_load_start__ = ALIGN (__init_rodata_end__, 0x4)

.text           0x00000000000263d0     0x55e0
                0x00000000000263d0                __text_start__ = .
 *(.text .text.* .glue_7t .glue_7 .gnu.linkonce.t.* .gcc_except_table .ARM.extab* .gnu.linkonce.armextab.*)
 .glue_7        0x00000000000263d0        0x0 linker stubs
 .glue_7t       0x00000000000263d0        0x0 linker stubs
 .text.__aeabi_read_tp
                0x00000000000263d0        0x8 Output/Release//thumb_crt0.o
                0x00000000000263d0                __aeabi_read_tp
 .text.app_error_handler_bare
                0x00000000000263d8       0x1a Output/Release//app_error.o
                0x00000000000263d8                app_error_handler_bare
 *fill*         0x00000000000263f2        0x2 
 .text.app_error_fault_handler
                0x00000000000263f4       0x34 Output/Release//app_error_weak.o
                0x00000000000263f4                app_error_fault_handler
 .text.compare_func
                0x0000000000026428       0x16 Output/Release//app_timer2.o
 *fill*         0x000000000002643e        0x2 
 .text.get_now  0x0000000000026440       0x3c Output/Release//app_timer2.o
 .text.timer_req_schedule
                0x000000000002647c       0x38 Output/Release//app_timer2.o
 .text.timer_expire
                0x00000000000264b4       0x6c Output/Release//app_timer2.o
 .text.app_timer_init
                0x0000000000026520       0x64 Output/Release//app_timer2.o
                0x0000000000026520                app_timer_init
 .text.app_timer_create
                0x0000000000026584       0x16 Output/Release//app_timer2.o
                0x0000000000026584                app_timer_create
 .text.app_timer_start
                0x000000000002659a       0x30 Output/Release//app_timer2.o
                0x000000000002659a                app_timer_start
 .text.app_timer_stop
                0x00000000000265ca        0xc Output/Release//app_timer2.o
                0x00000000000265ca                app_timer_stop
 *fill*         0x00000000000265d6        0x2 
 .text.app_timer_stop_all
                0x00000000000265d8       0x10 Output/Release//app_timer2.o
                0x00000000000265d8                app_timer_stop_all
 .text.app_timer_cnt_get
                0x00000000000265e8        0xc Output/Release//app_timer2.o
                0x00000000000265e8                app_timer_cnt_get
 .text.rtc_irq  0x00000000000265f4      0x198 Output/Release//app_timer2.o
 .text.app_util_critical_region_enter
                0x000000000002678c       0x48 Output/Release//app_util_platform.o
                0x000000000002678c                app_util_critical_region_enter
 .text.app_util_critical_region_exit
                0x00000000000267d4       0x2c Output/Release//app_util_platform.o
                0x00000000000267d4                app_util_critical_region_exit
 .text.evt_pending.isra.0
                0x0000000000026800       0x1a Output/Release//drv_rtc.o
 *fill*         0x000000000002681a        0x2 
 .text.drv_rtc_init
                0x000000000002681c       0x7c Output/Release//drv_rtc.o
                0x000000000002681c                drv_rtc_init
 .text.drv_rtc_start
                0x0000000000026898        0x8 Output/Release//drv_rtc.o
                0x0000000000026898                drv_rtc_start
 .text.drv_rtc_stop
                0x00000000000268a0        0x8 Output/Release//drv_rtc.o
                0x00000000000268a0                drv_rtc_stop
 .text.drv_rtc_compare_set
                0x00000000000268a8       0x3e Output/Release//drv_rtc.o
                0x00000000000268a8                drv_rtc_compare_set
 *fill*         0x00000000000268e6        0x2 
 .text.drv_rtc_windowed_compare_set
                0x00000000000268e8       0xf0 Output/Release//drv_rtc.o
                0x00000000000268e8                drv_rtc_windowed_compare_set
 .text.drv_rtc_overflow_enable
                0x00000000000269d8       0x10 Output/Release//drv_rtc.o
                0x00000000000269d8                drv_rtc_overflow_enable
 .text.drv_rtc_overflow_pending
                0x00000000000269e8        0xa Output/Release//drv_rtc.o
                0x00000000000269e8                drv_rtc_overflow_pending
 .text.drv_rtc_compare_disable
                0x00000000000269f2       0x14 Output/Release//drv_rtc.o
                0x00000000000269f2                drv_rtc_compare_disable
 .text.drv_rtc_compare_pending
                0x0000000000026a06        0xc Output/Release//drv_rtc.o
                0x0000000000026a06                drv_rtc_compare_pending
 .text.drv_rtc_counter_get
                0x0000000000026a12        0x8 Output/Release//drv_rtc.o
                0x0000000000026a12                drv_rtc_counter_get
 *fill*         0x0000000000026a1a        0x2 
 .text.drv_rtc_irq_trigger
                0x0000000000026a1c       0x20 Output/Release//drv_rtc.o
                0x0000000000026a1c                drv_rtc_irq_trigger
 .text.RTC1_IRQHandler
                0x0000000000026a3c       0x14 Output/Release//drv_rtc.o
                0x0000000000026a3c                RTC1_IRQHandler
 .text.nrf_atfifo_init
                0x0000000000026a50       0x26 Output/Release//nrf_atfifo.o
                0x0000000000026a50                nrf_atfifo_init
 .text.nrf_atfifo_item_alloc
                0x0000000000026a76       0x54 Output/Release//nrf_atfifo.o
                0x0000000000026a76                nrf_atfifo_item_alloc
 .text.nrf_atfifo_item_put
                0x0000000000026aca       0x20 Output/Release//nrf_atfifo.o
                0x0000000000026aca                nrf_atfifo_item_put
 .text.nrf_atfifo_item_get
                0x0000000000026aea       0x56 Output/Release//nrf_atfifo.o
                0x0000000000026aea                nrf_atfifo_item_get
 .text.nrf_atfifo_item_free
                0x0000000000026b40       0x20 Output/Release//nrf_atfifo.o
                0x0000000000026b40                nrf_atfifo_item_free
 .text.nrf_atflags_set
                0x0000000000026b60       0x12 Output/Release//nrf_atflags.o
                0x0000000000026b60                nrf_atflags_set
 .text.nrf_atflags_clear
                0x0000000000026b72       0x14 Output/Release//nrf_atflags.o
                0x0000000000026b72                nrf_atflags_clear
 .text.nrf_atflags_get
                0x0000000000026b86       0x12 Output/Release//nrf_atflags.o
                0x0000000000026b86                nrf_atflags_get
 .text.nrf_atomic_u32_or
                0x0000000000026b98       0x18 Output/Release//nrf_atomic.o
                0x0000000000026b98                nrf_atomic_u32_or
 .text.nrf_atomic_u32_and
                0x0000000000026bb0       0x18 Output/Release//nrf_atomic.o
                0x0000000000026bb0                nrf_atomic_u32_and
 .text.nrf_pwr_mgmt_init
                0x0000000000026bc8       0x2c Output/Release//nrf_pwr_mgmt.o
                0x0000000000026bc8                nrf_pwr_mgmt_init
 .text.nrf_section_iter_init
                0x0000000000026bf4       0x14 Output/Release//nrf_section_iter.o
                0x0000000000026bf4                nrf_section_iter_init
 .text.nrf_section_iter_next
                0x0000000000026c08       0x18 Output/Release//nrf_section_iter.o
                0x0000000000026c08                nrf_section_iter_next
 .text.nrf_sortlist_add
                0x0000000000026c20       0x20 Output/Release//nrf_sortlist.o
                0x0000000000026c20                nrf_sortlist_add
 .text.nrf_sortlist_pop
                0x0000000000026c40        0xc Output/Release//nrf_sortlist.o
                0x0000000000026c40                nrf_sortlist_pop
 .text.nrf_sortlist_peek
                0x0000000000026c4c        0x6 Output/Release//nrf_sortlist.o
                0x0000000000026c4c                nrf_sortlist_peek
 .text.nrf_sortlist_remove
                0x0000000000026c52       0x1a Output/Release//nrf_sortlist.o
                0x0000000000026c52                nrf_sortlist_remove
 .text.NVIC_SystemReset
                0x0000000000026c6c       0x24 Output/Release//system_nrf52.o
 .text.errata_12
                0x0000000000026c90       0x40 Output/Release//system_nrf52.o
 .text.errata_16
                0x0000000000026cd0       0x34 Output/Release//system_nrf52.o
 .text.SystemInit
                0x0000000000026d04      0x288 Output/Release//system_nrf52.o
                0x0000000000026d04                SystemInit
 .text.clock_clk_started_notify
                0x0000000000026f8c       0x24 Output/Release//nrf_drv_clock.o
 .text.clock_irq_handler
                0x0000000000026fb0       0x1c Output/Release//nrf_drv_clock.o
 .text.soc_evt_handler
                0x0000000000026fcc       0x14 Output/Release//nrf_drv_clock.o
 .text.nrf_drv_clock_init
                0x0000000000026fe0       0x38 Output/Release//nrf_drv_clock.o
                0x0000000000026fe0                nrf_drv_clock_init
 .text.nrf_drv_clock_lfclk_request
                0x0000000000027018       0x68 Output/Release//nrf_drv_clock.o
                0x0000000000027018                nrf_drv_clock_lfclk_request
 .text.nrf_drv_clock_lfclk_release
                0x0000000000027080       0x34 Output/Release//nrf_drv_clock.o
                0x0000000000027080                nrf_drv_clock_lfclk_release
 .text.sd_state_evt_handler
                0x00000000000270b4       0x58 Output/Release//nrf_drv_clock.o
 .text.spim_evt_handler
                0x000000000002710c       0x3c Output/Release//nrf_drv_spi.o
 .text.nrf_drv_spi_init
                0x0000000000027148       0x64 Output/Release//nrf_drv_spi.o
                0x0000000000027148                nrf_drv_spi_init
 .text.nrfx_clock_init
                0x00000000000271ac       0x18 Output/Release//nrfx_clock.o
                0x00000000000271ac                nrfx_clock_init
 .text.nrfx_clock_enable
                0x00000000000271c4       0x24 Output/Release//nrfx_clock.o
                0x00000000000271c4                nrfx_clock_enable
 .text.nrfx_clock_lfclk_start
                0x00000000000271e8       0x58 Output/Release//nrfx_clock.o
                0x00000000000271e8                nrfx_clock_lfclk_start
 .text.nrfx_clock_lfclk_stop
                0x0000000000027240       0x18 Output/Release//nrfx_clock.o
                0x0000000000027240                nrfx_clock_lfclk_stop
 .text.POWER_CLOCK_IRQHandler
                0x0000000000027258       0x64 Output/Release//nrfx_clock.o
                0x0000000000027258                POWER_CLOCK_IRQHandler
 .text.nrf_gpiote_event_clear
                0x00000000000272bc       0x18 Output/Release//nrfx_gpiote.o
 .text.nrf_gpio_cfg_sense_set
                0x00000000000272d4       0x20 Output/Release//nrfx_gpiote.o
 .text.channel_free
                0x00000000000272f4       0x1c Output/Release//nrfx_gpiote.o
 .text.nrfx_gpiote_init
                0x0000000000027310       0x70 Output/Release//nrfx_gpiote.o
                0x0000000000027310                nrfx_gpiote_init
 .text.nrfx_gpiote_in_init
                0x0000000000027380       0xe4 Output/Release//nrfx_gpiote.o
                0x0000000000027380                nrfx_gpiote_in_init
 .text.nrfx_gpiote_in_event_enable
                0x0000000000027464       0x88 Output/Release//nrfx_gpiote.o
                0x0000000000027464                nrfx_gpiote_in_event_enable
 .text.GPIOTE_IRQHandler
                0x00000000000274ec      0x184 Output/Release//nrfx_gpiote.o
                0x00000000000274ec                GPIOTE_IRQHandler
 .text.UARTE0_UART0_IRQHandler
                0x0000000000027670        0xc Output/Release//nrfx_prs.o
                0x0000000000027670                UARTE0_UART0_IRQHandler
 .text.nrfx_prs_acquire
                0x000000000002767c       0x44 Output/Release//nrfx_prs.o
                0x000000000002767c                nrfx_prs_acquire
 .text.SPIM0_SPIS0_TWIM0_TWIS0_SPI0_TWI0_IRQHandler
                0x00000000000276c0       0x58 Output/Release//nrfx_spim.o
                0x00000000000276c0                SPIM0_SPIS0_TWIM0_TWIS0_SPI0_TWI0_IRQHandler
 .text.nrfx_spim_init
                0x0000000000027718      0x1c4 Output/Release//nrfx_spim.o
                0x0000000000027718                nrfx_spim_init
 .text.nrfx_spim_xfer
                0x00000000000278dc      0x128 Output/Release//nrfx_spim.o
                0x00000000000278dc                nrfx_spim_xfer
 .text.nrf_twim_event_clear
                0x0000000000027a04       0x10 Output/Release//nrfx_twim.o
 .text.xfer_completeness_check
                0x0000000000027a14       0x6c Output/Release//nrfx_twim.o
 .text.SPIM1_SPIS1_TWIM1_TWIS1_SPI1_TWI1_IRQHandler
                0x0000000000027a80      0x14c Output/Release//nrfx_twim.o
                0x0000000000027a80                SPIM1_SPIS1_TWIM1_TWIS1_SPI1_TWI1_IRQHandler
 .text.sd_ble_gap_disconnect
                0x0000000000027bcc        0x4 Output/Release//main.o
 .text.sd_ble_gap_scan_start
                0x0000000000027bd0        0x4 Output/Release//main.o
 .text.sd_ble_gap_scan_stop
                0x0000000000027bd4        0x4 Output/Release//main.o
 .text.sd_ble_gap_phy_update
                0x0000000000027bd8        0x4 Output/Release//main.o
 .text._Z20timer2_event_handlerPv
                0x0000000000027bdc       0x10 Output/Release//main.o
                0x0000000000027bdc                timer2_event_handler(void*)
 .text._Z17spi_event_handlerPK17nrf_drv_spi_evt_tPv
                0x0000000000027bec        0xc Output/Release//main.o
                0x0000000000027bec                spi_event_handler(nrf_drv_spi_evt_t const*, void*)
 .text._Z16shutdown_handler18nrf_pwr_mgmt_evt_t
                0x0000000000027bf8       0x40 Output/Release//main.o
                0x0000000000027bf8                shutdown_handler(nrf_pwr_mgmt_evt_t)
 .text._Z23gpiote_lora_evt_handlerj21nrf_gpiote_polarity_t
                0x0000000000027c38       0x10 Output/Release//main.o
                0x0000000000027c38                gpiote_lora_evt_handler(unsigned int, nrf_gpiote_polarity_t)
 .text._Z24ble_ud_stack_evt_handlerPK9ble_evt_tPv
                0x0000000000027c48       0x7c Output/Release//main.o
                0x0000000000027c48                ble_ud_stack_evt_handler(ble_evt_t const*, void*)
 .text.nrf_delay_ms.part.0
                0x0000000000027cc4       0x1c Output/Release//main.o
 .text._Z11init_timer2v
                0x0000000000027ce0       0x28 Output/Release//main.o
                0x0000000000027ce0                init_timer2()
 .text._Z10scan_startv
                0x0000000000027d08       0x1c Output/Release//main.o
                0x0000000000027d08                scan_start()
 .text._Z11config_initv
                0x0000000000027d24       0x14 Output/Release//main.o
                0x0000000000027d24                config_init()
 .text._Z11get_ble_macv
                0x0000000000027d38       0x60 Output/Release//main.o
                0x0000000000027d38                get_ble_mac()
 .text._Z10get_hw_verv
                0x0000000000027d98       0x4c Output/Release//main.o
                0x0000000000027d98                get_hw_ver()
 .text._Z6setBiti
                0x0000000000027de4       0x50 Output/Release//main.o
                0x0000000000027de4                setBit(int)
 .text._Z13compareArraysPhS_i
                0x0000000000027e34       0x1c Output/Release//main.o
                0x0000000000027e34                compareArrays(unsigned char*, unsigned char*, int)
 .text._Z12checkIdInLogPhi
                0x0000000000027e50       0x20 Output/Release//main.o
                0x0000000000027e50                checkIdInLog(unsigned char*, int)
 .text._Z13on_adv_reportPK24ble_gap_evt_adv_report_t
                0x0000000000027e70      0x1b0 Output/Release//main.o
                0x0000000000027e70                on_adv_report(ble_gap_evt_adv_report_t const*)
 .text._Z23ble_scanner_evt_handlerPK9ble_evt_tPv
                0x0000000000028020        0xe Output/Release//main.o
                0x0000000000028020                ble_scanner_evt_handler(ble_evt_t const*, void*)
 *fill*         0x000000000002802e        0x2 
 .text._Z17lora_radio_enablev
                0x0000000000028030       0xc8 Output/Release//main.o
                0x0000000000028030                lora_radio_enable()
 .text._Z20lora_radio_configureb
                0x00000000000280f8       0x6c Output/Release//main.o
                0x00000000000280f8                lora_radio_configure(bool)
 .text._Z18lora_radio_cw_modev
                0x0000000000028164        0xc Output/Release//main.o
                0x0000000000028164                lora_radio_cw_mode()
 .text._Z18lora_radio_disablev
                0x0000000000028170        0xc Output/Release//main.o
                0x0000000000028170                lora_radio_disable()
 .text.startup.main
                0x000000000002817c       0xa4 Output/Release//main.o
                0x000000000002817c                main
 .text.startup._GLOBAL__sub_I_i2c_wrapper
                0x0000000000028220       0x78 Output/Release//main.o
 .text._GetAvailWriteSpace
                0x0000000000028298       0x1c Output/Release//SEGGER_RTT.o
 .text._WriteNoCheck
                0x00000000000282b4       0x38 Output/Release//SEGGER_RTT.o
 .text._WriteBlocking
                0x00000000000282ec       0x52 Output/Release//SEGGER_RTT.o
 *fill*         0x000000000002833e        0x2 
 .text._DoInit  0x0000000000028340       0x60 Output/Release//SEGGER_RTT.o
 .text.SEGGER_RTT_WriteNoLock
                0x00000000000283a0       0x68 Output/Release//SEGGER_RTT.o
                0x00000000000283a0                SEGGER_RTT_WriteNoLock
 .text.SEGGER_RTT_Write
                0x0000000000028408       0x40 Output/Release//SEGGER_RTT.o
                0x0000000000028408                SEGGER_RTT_Write
 .text.printf   0x0000000000028448       0x3a Output/Release//SEGGER_RTT_Syscalls_SES.o
                0x0000000000028448                printf
 .text.ble_advdata_search
                0x0000000000028482       0x42 Output/Release//ble_advdata.o
                0x0000000000028482                ble_advdata_search
 .text.ble_advdata_parse
                0x00000000000284c4       0x20 Output/Release//ble_advdata.o
                0x00000000000284c4                ble_advdata_parse
 .text.sd_ble_gap_adv_set_configure
                0x00000000000284e4        0x4 Output/Release//ble_advertising.o
 .text.sd_ble_gap_adv_start
                0x00000000000284e8        0x4 Output/Release//ble_advertising.o
 .text.flags_set
                0x00000000000284ec       0x2c Output/Release//ble_advertising.o
 .text.ble_advertising_start
                0x0000000000028518      0x218 Output/Release//ble_advertising.o
                0x0000000000028518                ble_advertising_start
 .text.ble_advertising_on_ble_evt
                0x0000000000028730       0x6a Output/Release//ble_advertising.o
                0x0000000000028730                ble_advertising_on_ble_evt
 *fill*         0x000000000002879a        0x2 
 .text.instance_get
                0x000000000002879c       0x14 Output/Release//ble_conn_params.o
 .text.send_error_evt
                0x00000000000287b0       0x10 Output/Release//ble_conn_params.o
 .text.conn_params_negotiation
                0x00000000000287c0       0x48 Output/Release//ble_conn_params.o
 .text.is_conn_params_ok.constprop.0
                0x0000000000028808       0x34 Output/Release//ble_conn_params.o
 .text.ble_evt_handler
                0x000000000002883c       0xe0 Output/Release//ble_conn_params.o
 .text.flag_toggle
                0x000000000002891c        0xa Output/Release//ble_conn_state.o
 .text.conn_handle_list_get
                0x0000000000028926       0x2e Output/Release//ble_conn_state.o
                0x0000000000028926                conn_handle_list_get
 .text.ble_evt_handler
                0x0000000000028954      0x104 Output/Release//ble_conn_state.o
 .text.ble_conn_state_valid
                0x0000000000028a58       0x14 Output/Release//ble_conn_state.o
                0x0000000000028a58                ble_conn_state_valid
 .text.ble_conn_state_conn_idx
                0x0000000000028a6c       0x12 Output/Release//ble_conn_state.o
                0x0000000000028a6c                ble_conn_state_conn_idx
 .text.blcm_link_ctx_get
                0x0000000000028a7e       0x4e Output/Release//ble_link_ctx_manager.o
                0x0000000000028a7e                blcm_link_ctx_get
 .text.ble_srv_is_notification_enabled
                0x0000000000028acc        0x8 Output/Release//ble_srv_common.o
                0x0000000000028acc                ble_srv_is_notification_enabled
 .text.sd_ble_gap_data_length_update
                0x0000000000028ad4        0x4 Output/Release//nrf_ble_gatt.o
 .text.sd_ble_gattc_exchange_mtu_request
                0x0000000000028ad8        0x4 Output/Release//nrf_ble_gatt.o
 .text.sd_ble_gatts_exchange_mtu_reply
                0x0000000000028adc        0x4 Output/Release//nrf_ble_gatt.o
 .text.data_length_update
                0x0000000000028ae0       0x22 Output/Release//nrf_ble_gatt.o
 .text.nrf_ble_gatt_on_ble_evt
                0x0000000000028b02      0x124 Output/Release//nrf_ble_gatt.o
                0x0000000000028b02                nrf_ble_gatt_on_ble_evt
 .text.sd_ble_gatts_rw_authorize_reply
                0x0000000000028c26        0x4 Output/Release//nrf_ble_qwr.o
 .text.sd_ble_user_mem_reply
                0x0000000000028c2a        0x4 Output/Release//nrf_ble_qwr.o
 .text.user_mem_reply.part.0
                0x0000000000028c2e       0x24 Output/Release//nrf_ble_qwr.o
 .text.nrf_ble_qwr_conn_handle_assign
                0x0000000000028c52       0x16 Output/Release//nrf_ble_qwr.o
                0x0000000000028c52                nrf_ble_qwr_conn_handle_assign
 .text.nrf_ble_qwr_on_ble_evt
                0x0000000000028c68       0xa0 Output/Release//nrf_ble_qwr.o
                0x0000000000028c68                nrf_ble_qwr_on_ble_evt
 .text.sd_ble_gatts_value_get
                0x0000000000028d08        0x4 Output/Release//ble_nus.o
 .text.ble_nus_on_ble_evt
                0x0000000000028d0c      0x132 Output/Release//ble_nus.o
                0x0000000000028d0c                ble_nus_on_ble_evt
 *fill*         0x0000000000028e3e        0x2 
 .text.nrf_sdh_is_enabled
                0x0000000000028e40        0xc Output/Release//nrf_sdh.o
                0x0000000000028e40                nrf_sdh_is_enabled
 .text.nrf_sdh_evts_poll
                0x0000000000028e4c       0x28 Output/Release//nrf_sdh.o
                0x0000000000028e4c                nrf_sdh_evts_poll
 .text.SWI2_EGU2_IRQHandler
                0x0000000000028e74        0x4 Output/Release//nrf_sdh.o
                0x0000000000028e74                SWI2_EGU2_IRQHandler
 .text.sd_ble_evt_get
                0x0000000000028e78        0x4 Output/Release//nrf_sdh_ble.o
 .text.nrf_sdh_ble_evts_poll.part.0
                0x0000000000028e7c       0x4c Output/Release//nrf_sdh_ble.o
 .text.nrf_sdh_ble_evts_poll
                0x0000000000028ec8       0x10 Output/Release//nrf_sdh_ble.o
 .text.sd_evt_get
                0x0000000000028ed8        0x4 Output/Release//nrf_sdh_soc.o
 .text.nrf_sdh_soc_evts_poll
                0x0000000000028edc       0x3c Output/Release//nrf_sdh_soc.o
 .text.nrf_drv_spi_transfer
                0x0000000000028f18       0x1e Output/Release//RH_SX126x.o
 .text._ZN9RH_SX126x10waitOnBusyEv.constprop.0
                0x0000000000028f36        0xe Output/Release//RH_SX126x.o
 .text.nrf_delay_ms.part.0.constprop.0
                0x0000000000028f44       0x10 Output/Release//RH_SX126x.o
 .text._ZN9RH_SX126xC2Ev
                0x0000000000028f54        0x2 Output/Release//RH_SX126x.o
                0x0000000000028f54                RH_SX126x::RH_SX126x()
                0x0000000000028f54                RH_SX126x::RH_SX126x()
 *fill*         0x0000000000028f56        0x2 
 .text._ZN9RH_SX126x6WakeupEv
                0x0000000000028f58       0x70 Output/Release//RH_SX126x.o
                0x0000000000028f58                RH_SX126x::Wakeup()
 .text._ZN9RH_SX126x9checkBusyEv
                0x0000000000028fc8       0x1c Output/Release//RH_SX126x.o
                0x0000000000028fc8                RH_SX126x::checkBusy()
 .text._ZN9RH_SX126x15spiWriteCommandE15RadioCommands_ePKhh
                0x0000000000028fe4       0x88 Output/Release//RH_SX126x.o
                0x0000000000028fe4                RH_SX126x::spiWriteCommand(RadioCommands_e, unsigned char const*, unsigned char)
 .text._ZN9RH_SX126x12spiWriteAddrEtPKhh
                0x000000000002906c       0x6c Output/Release//RH_SX126x.o
                0x000000000002906c                RH_SX126x::spiWriteAddr(unsigned short, unsigned char const*, unsigned char)
 .text._ZN9RH_SX126x14calibrateImageEf
                0x00000000000290d8       0x8c Output/Release//RH_SX126x.o
                0x00000000000290d8                RH_SX126x::calibrateImage(float)
 *fill*         0x0000000000029164        0x4 
 .text._ZN9RH_SX126x12setFrequencyEf
                0x0000000000029168       0xb0 Output/Release//RH_SX126x.o
                0x0000000000029168                RH_SX126x::setFrequency(float)
 .text._ZN9RH_SX126x11setModeIdleEv
                0x0000000000029218       0x24 Output/Release//RH_SX126x.o
                0x0000000000029218                RH_SX126x::setModeIdle()
 .text._ZN9RH_SX126x19setTxContinuousWaveEv
                0x000000000002923c       0x14 Output/Release//RH_SX126x.o
                0x000000000002923c                RH_SX126x::setTxContinuousWave()
 .text._ZN9RH_SX126x11setPaConfigEhhhh
                0x0000000000029250       0x28 Output/Release//RH_SX126x.o
                0x0000000000029250                RH_SX126x::setPaConfig(unsigned char, unsigned char, unsigned char, unsigned char)
 .text._ZN9RH_SX126x10setTxPowerEab
                0x0000000000029278       0x7c Output/Release//RH_SX126x.o
                0x0000000000029278                RH_SX126x::setTxPower(signed char, bool)
 .text._ZN7RH_RF9516maxMessageLengthEv
                0x00000000000292f4        0x4 Output/Release//RH_RF95.o
                0x00000000000292f4                RH_RF95::maxMessageLength()
 .text._ZN7RH_RF95C2Ev
                0x00000000000292f8        0xc Output/Release//RH_RF95.o
                0x00000000000292f8                RH_RF95::RH_RF95()
                0x00000000000292f8                RH_RF95::RH_RF95()
 .text._ZN7RH_RF9513validateRxBufEv
                0x0000000000029304       0x4c Output/Release//RH_RF95.o
                0x0000000000029304                RH_RF95::validateRxBuf()
 .text._ZN7RH_RF957spiReadEh
                0x0000000000029350       0x44 Output/Release//RH_RF95.o
                0x0000000000029350                RH_RF95::spiRead(unsigned char)
 .text._ZN7RH_RF958spiWriteEhh
                0x0000000000029394       0x40 Output/Release//RH_RF95.o
                0x0000000000029394                RH_RF95::spiWrite(unsigned char, unsigned char)
 *fill*         0x00000000000293d4        0x4 
 .text._ZN7RH_RF9512setFrequencyEf
                0x00000000000293d8       0xbc Output/Release//RH_RF95.o
                0x00000000000293d8                RH_RF95::setFrequency(float)
 .text._ZN7RH_RF9511setModeIdleEv
                0x0000000000029494       0x28 Output/Release//RH_RF95.o
                0x0000000000029494                RH_RF95::setModeIdle()
 .text._ZN7RH_RF955sleepEv
                0x00000000000294bc       0x1e Output/Release//RH_RF95.o
                0x00000000000294bc                RH_RF95::sleep()
 .text._ZN7RH_RF9510setTxPowerEab
                0x00000000000294da       0x68 Output/Release//RH_RF95.o
                0x00000000000294da                RH_RF95::setTxPower(signed char, bool)
 *fill*         0x0000000000029542        0x2 
 .text._ZN7RH_RF9517setModemRegistersEPKNS_11ModemConfigE
                0x0000000000029544       0x4c Output/Release//RH_RF95.o
                0x0000000000029544                RH_RF95::setModemRegisters(RH_RF95::ModemConfig const*)
 .text._ZN7RH_RF9514setModemConfigENS_17ModemConfigChoiceE
                0x0000000000029590       0x30 Output/Release//RH_RF95.o
                0x0000000000029590                RH_RF95::setModemConfig(RH_RF95::ModemConfigChoice)
 .text._ZN7RH_RF9517setPreambleLengthEt
                0x00000000000295c0       0x1c Output/Release//RH_RF95.o
                0x00000000000295c0                RH_RF95::setPreambleLength(unsigned short)
 .text._ZN7RH_RF954initEPK13nrf_drv_spi_tj
                0x00000000000295dc      0x120 Output/Release//RH_RF95.o
                0x00000000000295dc                RH_RF95::init(nrf_drv_spi_t const*, unsigned int)
 .text._ZN7RH_RF9515isChannelActiveEv
                0x00000000000296fc       0x30 Output/Release//RH_RF95.o
                0x00000000000296fc                RH_RF95::isChannelActive()
 .text._ZN7RH_RF9512spiBurstReadEhPhh
                0x000000000002972c       0x58 Output/Release//RH_RF95.o
                0x000000000002972c                RH_RF95::spiBurstRead(unsigned char, unsigned char*, unsigned char)
 .text._ZN7RH_RF9515handleInterruptEv
                0x0000000000029784      0x128 Output/Release//RH_RF95.o
                0x0000000000029784                RH_RF95::handleInterrupt()
 .text._ZN6TMP117C2Ev
                0x00000000000298ac        0x2 Output/Release//TMP117.o
                0x00000000000298ac                TMP117::TMP117()
                0x00000000000298ac                TMP117::TMP117()
 .text._ZN10I2CWrapperC2Ejjh20nrf_twim_frequency_t
                0x00000000000298ae       0x18 Output/Release//i2c_wrapper.o
                0x00000000000298ae                I2CWrapper::I2CWrapper(unsigned int, unsigned int, unsigned char, nrf_twim_frequency_t)
                0x00000000000298ae                I2CWrapper::I2CWrapper(unsigned int, unsigned int, unsigned char, nrf_twim_frequency_t)
 .text._ZN10I2CWrapper14GetI2CInstanceEv
                0x00000000000298c6        0x4 Output/Release//i2c_wrapper.o
                0x00000000000298c6                I2CWrapper::GetI2CInstance()
 .text._ZN7TwoWireC2EPK11nrfx_twim_t
                0x00000000000298ca        0xc Output/Release//Wire_nRF52.o
                0x00000000000298ca                TwoWire::TwoWire(nrfx_twim_t const*)
                0x00000000000298ca                TwoWire::TwoWire(nrfx_twim_t const*)
 *fill*         0x00000000000298d6        0x2 
 .text.__aeabi_dadd
                0x00000000000298d8      0x244 C:/Program Files/SEGGER/SEGGER Embedded Studio for ARM 4.40/lib/libm_v7em_fpv4_sp_d16_hard_t_le_eabi.a(libm_asm.o)
                0x00000000000298d8                __aeabi_dadd
 .text.__aeabi_dsub
                0x0000000000029b1c        0x8 C:/Program Files/SEGGER/SEGGER Embedded Studio for ARM 4.40/lib/libm_v7em_fpv4_sp_d16_hard_t_le_eabi.a(libm_asm.o)
                0x0000000000029b1c                __aeabi_dsub
 .text.__aeabi_dmul
                0x0000000000029b24      0x138 C:/Program Files/SEGGER/SEGGER Embedded Studio for ARM 4.40/lib/libm_v7em_fpv4_sp_d16_hard_t_le_eabi.a(libm_asm.o)
                0x0000000000029b24                __aeabi_dmul
 .text.__aeabi_ddiv
                0x0000000000029c5c      0x1cc C:/Program Files/SEGGER/SEGGER Embedded Studio for ARM 4.40/lib/libm_v7em_fpv4_sp_d16_hard_t_le_eabi.a(libm_asm.o)
                0x0000000000029c5c                __aeabi_ddiv
 .text.__aeabi_dcmple
                0x0000000000029e28       0x3c C:/Program Files/SEGGER/SEGGER Embedded Studio for ARM 4.40/lib/libm_v7em_fpv4_sp_d16_hard_t_le_eabi.a(libm_asm.o)
                0x0000000000029e28                __aeabi_dcmple
 .text.__aeabi_dcmpeq
                0x0000000000029e64       0x34 C:/Program Files/SEGGER/SEGGER Embedded Studio for ARM 4.40/lib/libm_v7em_fpv4_sp_d16_hard_t_le_eabi.a(libm_asm.o)
                0x0000000000029e64                __aeabi_dcmpeq
 .text.__aeabi_dcmpge
                0x0000000000029e98       0x3c C:/Program Files/SEGGER/SEGGER Embedded Studio for ARM 4.40/lib/libm_v7em_fpv4_sp_d16_hard_t_le_eabi.a(libm_asm.o)
                0x0000000000029e98                __aeabi_dcmpge
 .text.__aeabi_dcmpgt
                0x0000000000029ed4       0x38 C:/Program Files/SEGGER/SEGGER Embedded Studio for ARM 4.40/lib/libm_v7em_fpv4_sp_d16_hard_t_le_eabi.a(libm_asm.o)
                0x0000000000029ed4                __aeabi_dcmpgt
 .text.__aeabi_dcmplt
                0x0000000000029f0c       0x38 C:/Program Files/SEGGER/SEGGER Embedded Studio for ARM 4.40/lib/libm_v7em_fpv4_sp_d16_hard_t_le_eabi.a(libm_asm.o)
                0x0000000000029f0c                __aeabi_dcmplt
 .text.__aeabi_d2iz
                0x0000000000029f44       0x44 C:/Program Files/SEGGER/SEGGER Embedded Studio for ARM 4.40/lib/libm_v7em_fpv4_sp_d16_hard_t_le_eabi.a(libm_asm.o)
                0x0000000000029f44                __aeabi_d2iz
 .text.__aeabi_d2uiz
                0x0000000000029f88       0x24 C:/Program Files/SEGGER/SEGGER Embedded Studio for ARM 4.40/lib/libm_v7em_fpv4_sp_d16_hard_t_le_eabi.a(libm_asm.o)
                0x0000000000029f88                __aeabi_d2uiz
 .text.__aeabi_i2d
                0x0000000000029fac       0x28 C:/Program Files/SEGGER/SEGGER Embedded Studio for ARM 4.40/lib/libm_v7em_fpv4_sp_d16_hard_t_le_eabi.a(libm_asm.o)
                0x0000000000029fac                __aeabi_i2d
 .text.__aeabi_f2d
                0x0000000000029fd4       0x34 C:/Program Files/SEGGER/SEGGER Embedded Studio for ARM 4.40/lib/libm_v7em_fpv4_sp_d16_hard_t_le_eabi.a(libm_asm.o)
                0x0000000000029fd4                __aeabi_f2d
 .text.__aeabi_d2f
                0x000000000002a008       0x54 C:/Program Files/SEGGER/SEGGER Embedded Studio for ARM 4.40/lib/libm_v7em_fpv4_sp_d16_hard_t_le_eabi.a(libm_asm.o)
                0x000000000002a008                __aeabi_d2f
 .text.__float32_isinf
                0x000000000002a05c       0x14 C:/Program Files/SEGGER/SEGGER Embedded Studio for ARM 4.40/lib/libm_v7em_fpv4_sp_d16_hard_t_le_eabi.a(libm_asm.o)
                0x000000000002a05c                __float32_isinf
 .text.__float32_isnan
                0x000000000002a070       0x14 C:/Program Files/SEGGER/SEGGER Embedded Studio for ARM 4.40/lib/libm_v7em_fpv4_sp_d16_hard_t_le_eabi.a(libm_asm.o)
                0x000000000002a070                __float32_isnan
 .text.__float64_isnan
                0x000000000002a084       0x14 C:/Program Files/SEGGER/SEGGER Embedded Studio for ARM 4.40/lib/libm_v7em_fpv4_sp_d16_hard_t_le_eabi.a(libm_asm.o)
                0x000000000002a084                __float64_isnan
 .text.__float32_signbit
                0x000000000002a098        0xc C:/Program Files/SEGGER/SEGGER Embedded Studio for ARM 4.40/lib/libm_v7em_fpv4_sp_d16_hard_t_le_eabi.a(libm_asm.o)
                0x000000000002a098                __float32_signbit
 .text.fabs     0x000000000002a0a4       0x10 C:/Program Files/SEGGER/SEGGER Embedded Studio for ARM 4.40/lib/libm_v7em_fpv4_sp_d16_hard_t_le_eabi.a(libm_asm.o)
                0x000000000002a0a4                fabs(double)
                0x000000000002a0a4                fabs
 .text.fabsf    0x000000000002a0b4        0x8 C:/Program Files/SEGGER/SEGGER Embedded Studio for ARM 4.40/lib/libm_v7em_fpv4_sp_d16_hard_t_le_eabi.a(libm_asm.o)
                0x000000000002a0b4                fabsf
                0x000000000002a0b4                fabs(float)
 .text.floorf   0x000000000002a0bc       0x70 C:/Program Files/SEGGER/SEGGER Embedded Studio for ARM 4.40/lib/libm_v7em_fpv4_sp_d16_hard_t_le_eabi.a(libm_asm.o)
                0x000000000002a0bc                floorf
                0x000000000002a0bc                floor(float)
 .text.frexpf   0x000000000002a12c       0x3c C:/Program Files/SEGGER/SEGGER Embedded Studio for ARM 4.40/lib/libm_v7em_fpv4_sp_d16_hard_t_le_eabi.a(libm_asm.o)
                0x000000000002a12c                frexpf
                0x000000000002a12c                frexp(float, int*)
 .text.ldexpf   0x000000000002a168       0x48 C:/Program Files/SEGGER/SEGGER Embedded Studio for ARM 4.40/lib/libm_v7em_fpv4_sp_d16_hard_t_le_eabi.a(libm_asm.o)
                0x000000000002a168                ldexp(float, int)
                0x000000000002a168                ldexpf
 .text.libc.frexp
                0x000000000002a1b0       0x44 C:/Program Files/SEGGER/SEGGER Embedded Studio for ARM 4.40/lib/libm_v7em_fpv4_sp_d16_hard_t_le_eabi.a(libm2.o)
                0x000000000002a1b0                frexp
                0x000000000002a1b0                frexp(double, int*)
 *fill*         0x000000000002a1f4        0x4 
 .text.libc.ldexp
                0x000000000002a1f8       0x7c C:/Program Files/SEGGER/SEGGER Embedded Studio for ARM 4.40/lib/libm_v7em_fpv4_sp_d16_hard_t_le_eabi.a(libm2.o)
                0x000000000002a1f8                ldexp
                0x000000000002a1f8                ldexp(double, int)
 *fill*         0x000000000002a274        0x4 
 .text.libc.exp
                0x000000000002a278      0x1f8 C:/Program Files/SEGGER/SEGGER Embedded Studio for ARM 4.40/lib/libm_v7em_fpv4_sp_d16_hard_t_le_eabi.a(libm2.o)
                0x000000000002a278                exp
                0x000000000002a278                exp(double)
 .text.libc.log
                0x000000000002a470      0x228 C:/Program Files/SEGGER/SEGGER Embedded Studio for ARM 4.40/lib/libm_v7em_fpv4_sp_d16_hard_t_le_eabi.a(libm2.o)
                0x000000000002a470                log(double)
                0x000000000002a470                log
 .text.libc.modff
                0x000000000002a698       0x58 C:/Program Files/SEGGER/SEGGER Embedded Studio for ARM 4.40/lib/libm_v7em_fpv4_sp_d16_hard_t_le_eabi.a(libm2.o)
                0x000000000002a698                modf(float, float*)
                0x000000000002a698                modff
 .text.libc.pow
                0x000000000002a6f0      0x140 C:/Program Files/SEGGER/SEGGER Embedded Studio for ARM 4.40/lib/libm_v7em_fpv4_sp_d16_hard_t_le_eabi.a(libm2.o)
                0x000000000002a6f0                pow
                0x000000000002a6f0                pow(double, double)
 .text.libc.fmodf
                0x000000000002a830       0xfc C:/Program Files/SEGGER/SEGGER Embedded Studio for ARM 4.40/lib/libm_v7em_fpv4_sp_d16_hard_t_le_eabi.a(libm2.o)
                0x000000000002a830                fmod(float, float)
                0x000000000002a830                fmodf
 .text.libc.__RAL_pow10f
                0x000000000002a92c       0x44 C:/Program Files/SEGGER/SEGGER Embedded Studio for ARM 4.40/lib/libc_v7em_fpv4_sp_d16_hard_t_le_eabi.a(libc2.o)
                0x000000000002a92c                __RAL_pow10f
 .text.libc.__putc
                0x000000000002a970       0x34 C:/Program Files/SEGGER/SEGGER Embedded Studio for ARM 4.40/lib/libc_v7em_fpv4_sp_d16_hard_t_le_eabi.a(libc2.o)
                0x000000000002a970                __putc
 .text.libc.__RAL_print_padding
                0x000000000002a9a4       0x1c C:/Program Files/SEGGER/SEGGER Embedded Studio for ARM 4.40/lib/libc_v7em_fpv4_sp_d16_hard_t_le_eabi.a(libc2.o)
                0x000000000002a9a4                __RAL_print_padding
 .text.libc.__RAL_pre_padding
                0x000000000002a9c0       0x1a C:/Program Files/SEGGER/SEGGER Embedded Studio for ARM 4.40/lib/libc_v7em_fpv4_sp_d16_hard_t_le_eabi.a(libc2.o)
                0x000000000002a9c0                __RAL_pre_padding
 .text.libc.abs
                0x000000000002a9da        0x8 C:/Program Files/SEGGER/SEGGER Embedded Studio for ARM 4.40/lib/libc_v7em_fpv4_sp_d16_hard_t_le_eabi.a(libc2.o)
                0x000000000002a9da                abs
 *fill*         0x000000000002a9e2        0x2 
 .text.libc.__aeabi_errno_addr
                0x000000000002a9e4       0x14 C:/Program Files/SEGGER/SEGGER Embedded Studio for ARM 4.40/lib/libc_v7em_fpv4_sp_d16_hard_t_le_eabi.a(libc2.o)
                0x000000000002a9e4                __aeabi_errno_addr
 .text.libc.sprintf
                0x000000000002a9f8       0x2a C:/Program Files/SEGGER/SEGGER Embedded Studio for ARM 4.40/lib/libc_v7em_fpv4_sp_d16_hard_t_le_eabi.a(libc2.o)
                0x000000000002a9f8                sprintf
 .text.libc.strnlen
                0x000000000002aa22       0x22 C:/Program Files/SEGGER/SEGGER Embedded Studio for ARM 4.40/lib/libc_v7em_fpv4_sp_d16_hard_t_le_eabi.a(libc2.o)
                0x000000000002aa22                strnlen
 .text.libc.vsnprintf
                0x000000000002aa44       0x1c C:/Program Files/SEGGER/SEGGER Embedded Studio for ARM 4.40/lib/libc_v7em_fpv4_sp_d16_hard_t_le_eabi.a(libc2.o)
                0x000000000002aa44                vsnprintf
 .text.libc.memcpy
                0x000000000002aa60       0x52 C:/Program Files/SEGGER/SEGGER Embedded Studio for ARM 4.40/lib/libc_v7em_fpv4_sp_d16_hard_t_le_eabi.a(libc2_asm.o)
                0x000000000002aa60                __aeabi_memcpy
                0x000000000002aa60                memcpy
                0x000000000002aa6c                __aeabi_memcpy8
                0x000000000002aa6c                __aeabi_memcpy4
 .text.libc.memset
                0x000000000002aab2       0x66 C:/Program Files/SEGGER/SEGGER Embedded Studio for ARM 4.40/lib/libc_v7em_fpv4_sp_d16_hard_t_le_eabi.a(libc2_asm.o)
                0x000000000002aab2                memset
 .text.libc.strcpy
                0x000000000002ab18       0x44 C:/Program Files/SEGGER/SEGGER Embedded Studio for ARM 4.40/lib/libc_v7em_fpv4_sp_d16_hard_t_le_eabi.a(libc2_asm.o)
                0x000000000002ab18                strcpy
 .text.libc.strlen
                0x000000000002ab5c       0x60 C:/Program Files/SEGGER/SEGGER Embedded Studio for ARM 4.40/lib/libc_v7em_fpv4_sp_d16_hard_t_le_eabi.a(libc2_asm.o)
                0x000000000002ab5c                strlen
 .text.libc.__vfprintf_short_float_long
                0x000000000002abbc      0xdf4 C:/Program Files/SEGGER/SEGGER Embedded Studio for ARM 4.40/lib/libvfprintf_v7em_fpv4_sp_d16_hard_t_le_eabi.o
                0x000000000002abbc                __vfprintf_short_float_long
                0x000000000002b9b0                __text_end__ = (__text_start__ + SIZEOF (.text))
                0x00000000000055e0                __text_size__ = SIZEOF (.text)
                0x000000000002b9b0                __text_load_end__ = __text_end__

.vfp11_veneer   0x0000000100000000        0x0
 .vfp11_veneer  0x0000000100000000        0x0 linker stubs

.v4_bx          0x0000000100000000        0x0
 .v4_bx         0x0000000100000000        0x0 linker stubs

.iplt           0x0000000100000000        0x0
 .iplt          0x0000000100000000        0x0 Output/Release//thumb_crt0.o
                0x0000000000000001                . = ASSERT (((__text_start__ == __text_end__) || ((__text_end__ - __FLASH_segment_start__) <= __FLASH_segment_size__)), error: .text is too large to fit in FLASH memory segment)
                0x000000000002b9b0                __sdh_soc_observers_load_start__ = ALIGN (__text_end__, 0x4)

.sdh_soc_observers
                0x000000000002b9b0        0x8
                0x000000000002b9b0                __sdh_soc_observers_start__ = .
                0x000000000002b9b0                __start_sdh_soc_observers = __sdh_soc_observers_start__
 *(SORT_BY_NAME(.sdh_soc_observers*))
 .sdh_soc_observers0
                0x000000000002b9b0        0x8 Output/Release//nrf_drv_clock.o
                0x000000000002b9b8                __sdh_soc_observers_end__ = (__sdh_soc_observers_start__ + SIZEOF (.sdh_soc_observers))
                0x0000000000000008                __sdh_soc_observers_size__ = SIZEOF (.sdh_soc_observers)
                0x000000000002b9b8                __stop_sdh_soc_observers = __sdh_soc_observers_end__
                0x000000000002b9b8                __sdh_soc_observers_load_end__ = __sdh_soc_observers_end__
                0x0000000000000001                . = ASSERT (((__sdh_soc_observers_start__ == __sdh_soc_observers_end__) || ((__sdh_soc_observers_end__ - __FLASH_segment_start__) <= __FLASH_segment_size__)), error: .sdh_soc_observers is too large to fit in FLASH memory segment)
                0x000000000002b9b8                __sdh_ble_observers_load_start__ = ALIGN (__sdh_soc_observers_end__, 0x4)

.sdh_ble_observers
                0x000000000002b9b8       0x40
                0x000000000002b9b8                __sdh_ble_observers_start__ = .
                0x000000000002b9b8                __start_sdh_ble_observers = __sdh_ble_observers_start__
 *(SORT_BY_NAME(.sdh_ble_observers*))
 .sdh_ble_observers0
                0x000000000002b9b8        0x8 Output/Release//ble_conn_state.o
 .sdh_ble_observers1
                0x000000000002b9c0       0x10 Output/Release//main.o
 .sdh_ble_observers1
                0x000000000002b9d0        0x8 Output/Release//ble_conn_params.o
 .sdh_ble_observers2
                0x000000000002b9d8       0x10 Output/Release//main.o
 .sdh_ble_observers3
                0x000000000002b9e8       0x10 Output/Release//main.o
                0x000000000002b9f8                __sdh_ble_observers_end__ = (__sdh_ble_observers_start__ + SIZEOF (.sdh_ble_observers))
                0x0000000000000040                __sdh_ble_observers_size__ = SIZEOF (.sdh_ble_observers)
                0x000000000002b9f8                __stop_sdh_ble_observers = __sdh_ble_observers_end__
                0x000000000002b9f8                __sdh_ble_observers_load_end__ = __sdh_ble_observers_end__
                0x0000000000000001                . = ASSERT (((__sdh_ble_observers_start__ == __sdh_ble_observers_end__) || ((__sdh_ble_observers_end__ - __FLASH_segment_start__) <= __FLASH_segment_size__)), error: .sdh_ble_observers is too large to fit in FLASH memory segment)
                0x000000000002b9f8                __pwr_mgmt_data_load_start__ = ALIGN (__sdh_ble_observers_end__, 0x4)

.pwr_mgmt_data  0x000000000002b9f8        0x4
                0x000000000002b9f8                __pwr_mgmt_data_start__ = .
                0x000000000002b9f8                __start_pwr_mgmt_data = __pwr_mgmt_data_start__
 *(SORT_BY_NAME(.pwr_mgmt_data*))
 .pwr_mgmt_data0
                0x000000000002b9f8        0x4 Output/Release//main.o
                0x000000000002b9fc                __pwr_mgmt_data_end__ = (__pwr_mgmt_data_start__ + SIZEOF (.pwr_mgmt_data))
                0x0000000000000004                __pwr_mgmt_data_size__ = SIZEOF (.pwr_mgmt_data)
                0x000000000002b9fc                __stop_pwr_mgmt_data = __pwr_mgmt_data_end__
                0x000000000002b9fc                __pwr_mgmt_data_load_end__ = __pwr_mgmt_data_end__
                0x0000000000000001                . = ASSERT (((__pwr_mgmt_data_start__ == __pwr_mgmt_data_end__) || ((__pwr_mgmt_data_end__ - __FLASH_segment_start__) <= __FLASH_segment_size__)), error: .pwr_mgmt_data is too large to fit in FLASH memory segment)
                0x000000000002b9fc                __sdh_state_observers_load_start__ = ALIGN (__pwr_mgmt_data_end__, 0x4)

.sdh_state_observers
                0x000000000002b9fc        0x8
                0x000000000002b9fc                __sdh_state_observers_start__ = .
                0x000000000002b9fc                __start_sdh_state_observers = __sdh_state_observers_start__
 *(SORT_BY_NAME(.sdh_state_observers*))
 .sdh_state_observers0
                0x000000000002b9fc        0x8 Output/Release//nrf_drv_clock.o
                0x000000000002ba04                __sdh_state_observers_end__ = (__sdh_state_observers_start__ + SIZEOF (.sdh_state_observers))
                0x0000000000000008                __sdh_state_observers_size__ = SIZEOF (.sdh_state_observers)
                0x000000000002ba04                __stop_sdh_state_observers = __sdh_state_observers_end__
                0x000000000002ba04                __sdh_state_observers_load_end__ = __sdh_state_observers_end__
                0x0000000000000001                . = ASSERT (((__sdh_state_observers_start__ == __sdh_state_observers_end__) || ((__sdh_state_observers_end__ - __FLASH_segment_start__) <= __FLASH_segment_size__)), error: .sdh_state_observers is too large to fit in FLASH memory segment)
                0x000000000002ba04                __sdh_stack_observers_load_start__ = ALIGN (__sdh_state_observers_end__, 0x4)

.sdh_stack_observers
                0x000000000002ba04       0x10
                0x000000000002ba04                __sdh_stack_observers_start__ = .
                0x000000000002ba04                __start_sdh_stack_observers = __sdh_stack_observers_start__
 *(SORT_BY_NAME(.sdh_stack_observers*))
 .sdh_stack_observers0
                0x000000000002ba04        0x8 Output/Release//nrf_sdh_ble.o
 .sdh_stack_observers0
                0x000000000002ba0c        0x8 Output/Release//nrf_sdh_soc.o
                0x000000000002ba14                __sdh_stack_observers_end__ = (__sdh_stack_observers_start__ + SIZEOF (.sdh_stack_observers))
                0x0000000000000010                __sdh_stack_observers_size__ = SIZEOF (.sdh_stack_observers)
                0x000000000002ba14                __stop_sdh_stack_observers = __sdh_stack_observers_end__
                0x000000000002ba14                __sdh_stack_observers_load_end__ = __sdh_stack_observers_end__
                0x0000000000000001                . = ASSERT (((__sdh_stack_observers_start__ == __sdh_stack_observers_end__) || ((__sdh_stack_observers_end__ - __FLASH_segment_start__) <= __FLASH_segment_size__)), error: .sdh_stack_observers is too large to fit in FLASH memory segment)
                0x000000000002ba14                __sdh_req_observers_load_start__ = ALIGN (__sdh_stack_observers_end__, 0x4)

.sdh_req_observers
                0x000000000002ba14        0x0
                0x000000000002ba14                __sdh_req_observers_start__ = .
                0x000000000002ba14                __start_sdh_req_observers = __sdh_req_observers_start__
 *(SORT_BY_NAME(.sdh_req_observers*))
                0x000000000002ba14                __sdh_req_observers_end__ = (__sdh_req_observers_start__ + SIZEOF (.sdh_req_observers))
                0x0000000000000000                __sdh_req_observers_size__ = SIZEOF (.sdh_req_observers)
                0x000000000002ba14                __stop_sdh_req_observers = __sdh_req_observers_end__
                0x000000000002ba14                __sdh_req_observers_load_end__ = __sdh_req_observers_end__
                0x0000000000000001                . = ASSERT (((__sdh_req_observers_start__ == __sdh_req_observers_end__) || ((__sdh_req_observers_end__ - __FLASH_segment_start__) <= __FLASH_segment_size__)), error: .sdh_req_observers is too large to fit in FLASH memory segment)
                0x000000000002ba14                __nrf_queue_load_start__ = ALIGN (__sdh_req_observers_end__, 0x4)

.nrf_queue      0x000000000002ba14        0x0
                0x000000000002ba14                __nrf_queue_start__ = .
                0x000000000002ba14                __start_nrf_queue = __nrf_queue_start__
 *(.nrf_queue*)
                0x000000000002ba14                __nrf_queue_end__ = (__nrf_queue_start__ + SIZEOF (.nrf_queue))
                0x0000000000000000                __nrf_queue_size__ = SIZEOF (.nrf_queue)
                0x000000000002ba14                __stop_nrf_queue = __nrf_queue_end__
                0x000000000002ba14                __nrf_queue_load_end__ = __nrf_queue_end__
                0x0000000000000001                . = ASSERT (((__nrf_queue_start__ == __nrf_queue_end__) || ((__nrf_queue_end__ - __FLASH_segment_start__) <= __FLASH_segment_size__)), error: .nrf_queue is too large to fit in FLASH memory segment)
                0x000000000002ba14                __nrf_balloc_load_start__ = ALIGN (__nrf_queue_end__, 0x4)

.nrf_balloc     0x000000000002ba14        0x0
                0x000000000002ba14                __nrf_balloc_start__ = .
                0x000000000002ba14                __start_nrf_balloc = __nrf_balloc_start__
 *(.nrf_balloc*)
                0x000000000002ba14                __nrf_balloc_end__ = (__nrf_balloc_start__ + SIZEOF (.nrf_balloc))
                0x0000000000000000                __nrf_balloc_size__ = SIZEOF (.nrf_balloc)
                0x000000000002ba14                __stop_nrf_balloc = __nrf_balloc_end__
                0x000000000002ba14                __nrf_balloc_load_end__ = __nrf_balloc_end__
                0x0000000000000001                . = ASSERT (((__nrf_balloc_start__ == __nrf_balloc_end__) || ((__nrf_balloc_end__ - __FLASH_segment_start__) <= __FLASH_segment_size__)), error: .nrf_balloc is too large to fit in FLASH memory segment)
                0x000000000002ba14                __cli_command_load_start__ = ALIGN (__nrf_balloc_end__, 0x4)

.cli_command    0x000000000002ba14        0x0
                0x000000000002ba14                __cli_command_start__ = .
                0x000000000002ba14                __start_cli_command = __cli_command_start__
 *(.cli_command*)
                0x000000000002ba14                __cli_command_end__ = (__cli_command_start__ + SIZEOF (.cli_command))
                0x0000000000000000                __cli_command_size__ = SIZEOF (.cli_command)
                0x000000000002ba14                __stop_cli_command = __cli_command_end__
                0x000000000002ba14                __cli_command_load_end__ = __cli_command_end__
                0x0000000000000001                . = ASSERT (((__cli_command_start__ == __cli_command_end__) || ((__cli_command_end__ - __FLASH_segment_start__) <= __FLASH_segment_size__)), error: .cli_command is too large to fit in FLASH memory segment)
                0x000000000002ba14                __crypto_data_load_start__ = ALIGN (__cli_command_end__, 0x4)

.crypto_data    0x000000000002ba14        0x0
                0x000000000002ba14                __crypto_data_start__ = .
                0x000000000002ba14                __start_crypto_data = __crypto_data_start__
 *(SORT_BY_NAME(.crypto_data*))
                0x000000000002ba14                __crypto_data_end__ = (__crypto_data_start__ + SIZEOF (.crypto_data))
                0x0000000000000000                __crypto_data_size__ = SIZEOF (.crypto_data)
                0x000000000002ba14                __stop_crypto_data = __crypto_data_end__
                0x000000000002ba14                __crypto_data_load_end__ = __crypto_data_end__
                0x0000000000000001                . = ASSERT (((__crypto_data_start__ == __crypto_data_end__) || ((__crypto_data_end__ - __FLASH_segment_start__) <= __FLASH_segment_size__)), error: .crypto_data is too large to fit in FLASH memory segment)
                0x000000000002ba14                __log_const_data_load_start__ = ALIGN (__crypto_data_end__, 0x4)

.log_const_data
                0x000000000002ba14        0x0
                0x000000000002ba14                __log_const_data_start__ = .
                0x000000000002ba14                __start_log_const_data = __log_const_data_start__
 *(SORT_BY_NAME(.log_const_data*))
                0x000000000002ba14                __log_const_data_end__ = (__log_const_data_start__ + SIZEOF (.log_const_data))
                0x0000000000000000                __log_const_data_size__ = SIZEOF (.log_const_data)
                0x000000000002ba14                __stop_log_const_data = __log_const_data_end__
                0x000000000002ba14                __log_const_data_load_end__ = __log_const_data_end__
                0x0000000000000001                . = ASSERT (((__log_const_data_start__ == __log_const_data_end__) || ((__log_const_data_end__ - __FLASH_segment_start__) <= __FLASH_segment_size__)), error: .log_const_data is too large to fit in FLASH memory segment)
                0x000000000002ba14                __log_backends_load_start__ = ALIGN (__log_const_data_end__, 0x4)

.log_backends   0x000000000002ba14        0x0
                0x000000000002ba14                __log_backends_start__ = .
                0x000000000002ba14                __start_log_backends = __log_backends_start__
 *(SORT_BY_NAME(.log_backends*))
                0x000000000002ba14                __log_backends_end__ = (__log_backends_start__ + SIZEOF (.log_backends))
                0x0000000000000000                __log_backends_size__ = SIZEOF (.log_backends)
                0x000000000002ba14                __stop_log_backends = __log_backends_end__
                0x000000000002ba14                __log_backends_load_end__ = __log_backends_end__
                0x0000000000000001                . = ASSERT (((__log_backends_start__ == __log_backends_end__) || ((__log_backends_end__ - __FLASH_segment_start__) <= __FLASH_segment_size__)), error: .log_backends is too large to fit in FLASH memory segment)
                0x000000000002ba14                __nrf_sections_load_start__ = ALIGN (__log_backends_end__, 0x4)

.nrf_sections   0x000000000002ba14        0x0
                0x000000000002ba14                __nrf_sections_start__ = .
                0x000000000002ba14                __start_nrf_sections = __nrf_sections_start__
 *(.nrf_sections .nrf_sections.*)
                0x000000000002ba14                __nrf_sections_end__ = (__nrf_sections_start__ + SIZEOF (.nrf_sections))
                0x0000000000000000                __nrf_sections_size__ = SIZEOF (.nrf_sections)
                0x000000000002ba14                __nrf_sections_load_end__ = __nrf_sections_end__
                0x0000000000000001                . = ASSERT (((__nrf_sections_start__ == __nrf_sections_end__) || ((__nrf_sections_end__ - __FLASH_segment_start__) <= __FLASH_segment_size__)), error: .nrf_sections is too large to fit in FLASH memory segment)
                0x000000000002ba14                __cli_sorted_cmd_ptrs_load_start__ = ALIGN (__nrf_sections_end__, 0x4)

.cli_sorted_cmd_ptrs
                0x0000000020002ad8        0x0 load address 0x000000000002ba14
                0x0000000020002ad8                __cli_sorted_cmd_ptrs_start__ = .
 *(.cli_sorted_cmd_ptrs*)
                0x0000000020002ad8                __cli_sorted_cmd_ptrs_end__ = (__cli_sorted_cmd_ptrs_start__ + SIZEOF (.cli_sorted_cmd_ptrs))
                0x0000000000000000                __cli_sorted_cmd_ptrs_size__ = SIZEOF (.cli_sorted_cmd_ptrs)
                0x000000000002ba14                __cli_sorted_cmd_ptrs_load_end__ = (__cli_sorted_cmd_ptrs_load_start__ + SIZEOF (.cli_sorted_cmd_ptrs))
                0x0000000000000001                . = ASSERT (((__cli_sorted_cmd_ptrs_load_start__ == __cli_sorted_cmd_ptrs_load_end__) || ((__cli_sorted_cmd_ptrs_load_end__ - __FLASH_segment_start__) <= __FLASH_segment_size__)), error: .cli_sorted_cmd_ptrs is too large to fit in FLASH memory segment)

.cli_sorted_cmd_ptrs_run
                0x0000000020002ad8        0x0
                0x0000000020002ad8                __cli_sorted_cmd_ptrs_run_start__ = .
                0x0000000020002ad8                __start_cli_sorted_cmd_ptrs = __cli_sorted_cmd_ptrs_run_start__
                0x0000000020002ad8                . = MAX ((__cli_sorted_cmd_ptrs_run_start__ + SIZEOF (.cli_sorted_cmd_ptrs)), .)
                0x0000000020002ad8                __cli_sorted_cmd_ptrs_run_end__ = (__cli_sorted_cmd_ptrs_run_start__ + SIZEOF (.cli_sorted_cmd_ptrs_run))
                0x0000000000000000                __cli_sorted_cmd_ptrs_run_size__ = SIZEOF (.cli_sorted_cmd_ptrs_run)
                0x0000000020002ad8                __stop_cli_sorted_cmd_ptrs = __cli_sorted_cmd_ptrs_run_end__
                0x0000000020002ad8                __cli_sorted_cmd_ptrs_run_load_end__ = __cli_sorted_cmd_ptrs_run_end__
                0x0000000000000001                . = ASSERT (((__cli_sorted_cmd_ptrs_run_start__ == __cli_sorted_cmd_ptrs_run_end__) || ((__cli_sorted_cmd_ptrs_run_end__ - __RAM_segment_start__) <= __RAM_segment_size__)), error: .cli_sorted_cmd_ptrs_run is too large to fit in RAM memory segment)
                0x000000000002ba14                __fs_data_load_start__ = ALIGN ((__cli_sorted_cmd_ptrs_load_start__ + SIZEOF (.cli_sorted_cmd_ptrs)), 0x4)

.fs_data        0x0000000020002ad8        0x0 load address 0x000000000002ba14
                0x0000000020002ad8                __fs_data_start__ = .
 *(.fs_data*)
                0x0000000020002ad8                __fs_data_end__ = (__fs_data_start__ + SIZEOF (.fs_data))
                0x0000000000000000                __fs_data_size__ = SIZEOF (.fs_data)
                0x000000000002ba14                __fs_data_load_end__ = (__fs_data_load_start__ + SIZEOF (.fs_data))
                0x0000000000000001                . = ASSERT (((__fs_data_load_start__ == __fs_data_load_end__) || ((__fs_data_load_end__ - __FLASH_segment_start__) <= __FLASH_segment_size__)), error: .fs_data is too large to fit in FLASH memory segment)

.fs_data_run    0x0000000020002ad8        0x0
                0x0000000020002ad8                __fs_data_run_start__ = .
                0x0000000020002ad8                __start_fs_data = __fs_data_run_start__
                0x0000000020002ad8                . = MAX ((__fs_data_run_start__ + SIZEOF (.fs_data)), .)
                0x0000000020002ad8                __fs_data_run_end__ = (__fs_data_run_start__ + SIZEOF (.fs_data_run))
                0x0000000000000000                __fs_data_run_size__ = SIZEOF (.fs_data_run)
                0x0000000020002ad8                __stop_fs_data = __fs_data_run_end__
                0x0000000020002ad8                __fs_data_run_load_end__ = __fs_data_run_end__
                0x0000000000000001                . = ASSERT (((__fs_data_run_start__ == __fs_data_run_end__) || ((__fs_data_run_end__ - __RAM_segment_start__) <= __RAM_segment_size__)), error: .fs_data_run is too large to fit in RAM memory segment)
                0x000000000002ba14                __log_dynamic_data_load_start__ = ALIGN ((__fs_data_load_start__ + SIZEOF (.fs_data)), 0x4)

.log_dynamic_data
                0x0000000020002ad8        0x0 load address 0x000000000002ba14
                0x0000000020002ad8                __log_dynamic_data_start__ = .
 *(SORT_BY_NAME(.log_dynamic_data*))
                0x0000000020002ad8                __log_dynamic_data_end__ = (__log_dynamic_data_start__ + SIZEOF (.log_dynamic_data))
                0x0000000000000000                __log_dynamic_data_size__ = SIZEOF (.log_dynamic_data)
                0x000000000002ba14                __log_dynamic_data_load_end__ = (__log_dynamic_data_load_start__ + SIZEOF (.log_dynamic_data))
                0x0000000000000001                . = ASSERT (((__log_dynamic_data_load_start__ == __log_dynamic_data_load_end__) || ((__log_dynamic_data_load_end__ - __FLASH_segment_start__) <= __FLASH_segment_size__)), error: .log_dynamic_data is too large to fit in FLASH memory segment)

.log_dynamic_data_run
                0x0000000020002ad8        0x0
                0x0000000020002ad8                __log_dynamic_data_run_start__ = .
                0x0000000020002ad8                __start_log_dynamic_data = __log_dynamic_data_run_start__
                0x0000000020002ad8                . = MAX ((__log_dynamic_data_run_start__ + SIZEOF (.log_dynamic_data)), .)
                0x0000000020002ad8                __log_dynamic_data_run_end__ = (__log_dynamic_data_run_start__ + SIZEOF (.log_dynamic_data_run))
                0x0000000000000000                __log_dynamic_data_run_size__ = SIZEOF (.log_dynamic_data_run)
                0x0000000020002ad8                __stop_log_dynamic_data = __log_dynamic_data_run_end__
                0x0000000020002ad8                __log_dynamic_data_run_load_end__ = __log_dynamic_data_run_end__
                0x0000000000000001                . = ASSERT (((__log_dynamic_data_run_start__ == __log_dynamic_data_run_end__) || ((__log_dynamic_data_run_end__ - __RAM_segment_start__) <= __RAM_segment_size__)), error: .log_dynamic_data_run is too large to fit in RAM memory segment)
                0x000000000002ba14                __log_filter_data_load_start__ = ALIGN ((__log_dynamic_data_load_start__ + SIZEOF (.log_dynamic_data)), 0x4)

.log_filter_data
                0x0000000020002ad8        0x0 load address 0x000000000002ba14
                0x0000000020002ad8                __log_filter_data_start__ = .
 *(SORT_BY_NAME(.log_filter_data*))
                0x0000000020002ad8                __log_filter_data_end__ = (__log_filter_data_start__ + SIZEOF (.log_filter_data))
                0x0000000000000000                __log_filter_data_size__ = SIZEOF (.log_filter_data)
                0x000000000002ba14                __log_filter_data_load_end__ = (__log_filter_data_load_start__ + SIZEOF (.log_filter_data))
                0x0000000000000001                . = ASSERT (((__log_filter_data_load_start__ == __log_filter_data_load_end__) || ((__log_filter_data_load_end__ - __FLASH_segment_start__) <= __FLASH_segment_size__)), error: .log_filter_data is too large to fit in FLASH memory segment)

.log_filter_data_run
                0x0000000020002ad8        0x0
                0x0000000020002ad8                __log_filter_data_run_start__ = .
                0x0000000020002ad8                __start_log_filter_data = __log_filter_data_run_start__
                0x0000000020002ad8                . = MAX ((__log_filter_data_run_start__ + SIZEOF (.log_filter_data)), .)
                0x0000000020002ad8                __log_filter_data_run_end__ = (__log_filter_data_run_start__ + SIZEOF (.log_filter_data_run))
                0x0000000000000000                __log_filter_data_run_size__ = SIZEOF (.log_filter_data_run)
                0x0000000020002ad8                __stop_log_filter_data = __log_filter_data_run_end__
                0x0000000020002ad8                __log_filter_data_run_load_end__ = __log_filter_data_run_end__
                0x0000000000000001                . = ASSERT (((__log_filter_data_run_start__ == __log_filter_data_run_end__) || ((__log_filter_data_run_end__ - __RAM_segment_start__) <= __RAM_segment_size__)), error: .log_filter_data_run is too large to fit in RAM memory segment)
                0x0000000020002ad8                __nrf_sections_run_end_load_start__ = ALIGN (__log_filter_data_run_end__, 0x4)

.nrf_sections_run_end
                0x0000000020002ad8        0x0
                0x0000000020002ad8                __nrf_sections_run_end_start__ = .
                0x0000000020002ad8                __end_nrf_sections_run = __nrf_sections_run_end_start__
 *(.nrf_sections_run_end .nrf_sections_run_end.*)
                0x0000000020002ad8                __nrf_sections_run_end_end__ = (__nrf_sections_run_end_start__ + SIZEOF (.nrf_sections_run_end))
                0x0000000000000000                __nrf_sections_run_end_size__ = SIZEOF (.nrf_sections_run_end)
                0x0000000020002ad8                __nrf_sections_run_end_load_end__ = __nrf_sections_run_end_end__
                0x0000000000000001                . = ASSERT (((__nrf_sections_run_end_start__ == __nrf_sections_run_end_end__) || ((__nrf_sections_run_end_end__ - __RAM_segment_start__) <= __RAM_segment_size__)), error: .nrf_sections_run_end is too large to fit in RAM memory segment)
                0x000000000002ba14                __dtors_load_start__ = ALIGN ((__log_filter_data_load_start__ + SIZEOF (.log_filter_data)), 0x4)

.dtors          0x000000000002ba14        0x0
                0x000000000002ba14                __dtors_start__ = .
 *(SORT_BY_NAME(.dtors.*))
 *(.dtors)
 *(.fini_array)
 *(SORT_BY_NAME(.fini_array.*))
                0x000000000002ba14                __dtors_end__ = (__dtors_start__ + SIZEOF (.dtors))
                0x0000000000000000                __dtors_size__ = SIZEOF (.dtors)
                0x000000000002ba14                __dtors_load_end__ = __dtors_end__
                0x0000000000000001                . = ASSERT (((__dtors_start__ == __dtors_end__) || ((__dtors_end__ - __FLASH_segment_start__) <= __FLASH_segment_size__)), error: .dtors is too large to fit in FLASH memory segment)
                0x000000000002ba14                __ctors_load_start__ = ALIGN (__dtors_end__, 0x4)

.ctors          0x000000000002ba14        0x4
                0x000000000002ba14                __ctors_start__ = .
 *(SORT_BY_NAME(.ctors.*))
 *(.ctors)
 *(.init_array)
 .init_array    0x000000000002ba14        0x4 Output/Release//main.o
 *(SORT_BY_NAME(.init_array.*))
                0x000000000002ba18                __ctors_end__ = (__ctors_start__ + SIZEOF (.ctors))
                0x0000000000000004                __ctors_size__ = SIZEOF (.ctors)
                0x000000000002ba18                __ctors_load_end__ = __ctors_end__
                0x0000000000000001                . = ASSERT (((__ctors_start__ == __ctors_end__) || ((__ctors_end__ - __FLASH_segment_start__) <= __FLASH_segment_size__)), error: .ctors is too large to fit in FLASH memory segment)
                0x000000000002ba18                __rodata_load_start__ = ALIGN (__ctors_end__, 0x4)

.rodata         0x000000000002ba18      0x640
                0x000000000002ba18                __rodata_start__ = .
 *(.rodata .rodata.* .gnu.linkonce.r.*)
 .rodata        0x000000000002ba18        0x4 Output/Release//app_timer2.o
 .rodata.m_app_timer_sortlist
                0x000000000002ba1c        0xc Output/Release//app_timer2.o
 *fill*         0x000000000002ba28        0x8 
 .rodata.delay_machine_code.8041
                0x000000000002ba30        0x6 Output/Release//drv_rtc.o
 *fill*         0x000000000002ba36        0x2 
 .rodata.pwr_mgmt_data
                0x000000000002ba38        0xc Output/Release//nrf_pwr_mgmt.o
 .rodata        0x000000000002ba44       0x10 Output/Release//nrf_drv_spi.o
 .rodata._Z16shutdown_handler18nrf_pwr_mgmt_evt_t.str1.1
                0x000000000002ba54       0x8b Output/Release//main.o
 .rodata._Z11get_ble_macv.str1.1
                0x000000000002badf       0x28 Output/Release//main.o
 .rodata._Z10get_hw_verv.str1.1
                0x000000000002bb07       0x33 Output/Release//main.o
 .rodata._Z8loraInitv.str1.1
                0x000000000002bb3a       0x31 Output/Release//main.o
 .rodata._Z13on_adv_reportPK24ble_gap_evt_adv_report_t.str1.1
                0x000000000002bb6b       0x3b Output/Release//main.o
 .rodata._Z17lora_radio_enablev.str1.1
                0x000000000002bba6       0x3a Output/Release//main.o
 .rodata.main.str1.1
                0x000000000002bbe0       0xd1 Output/Release//main.o
 *fill*         0x000000000002bcb1        0x3 
 .rodata        0x000000000002bcb4       0x13 Output/Release//main.o
 *fill*         0x000000000002bcc7        0x1 
 .rodata._ZL3spi
                0x000000000002bcc8       0x10 Output/Release//main.o
 .rodata._ZL8clock_id
                0x000000000002bcd8        0x4 Output/Release//main.o
 *fill*         0x000000000002bcdc        0x4 
 .rodata._ZZ21nrfx_coredep_delay_usE18delay_machine_code
                0x000000000002bce0        0x6 Output/Release//main.o
 .rodata._DoInit.str1.1
                0x000000000002bce6       0x14 Output/Release//SEGGER_RTT.o
 *fill*         0x000000000002bcfa        0x2 
 .rodata.sdh_stack_observers
                0x000000000002bcfc        0xc Output/Release//nrf_sdh.o
 .rodata.sdh_ble_observers
                0x000000000002bd08        0xc Output/Release//nrf_sdh_ble.o
 .rodata.sdh_soc_observers
                0x000000000002bd14        0xc Output/Release//nrf_sdh_soc.o
 .rodata._ZN9RH_SX126x6WakeupEv.str1.1
                0x000000000002bd20       0x13 Output/Release//RH_SX126x.o
 .rodata._ZN9RH_SX126x10setTxPowerEab.str1.1
                0x000000000002bd33       0x3c Output/Release//RH_SX126x.o
 *fill*         0x000000000002bd6f        0x1 
 .rodata._ZZ21nrfx_coredep_delay_usE18delay_machine_code
                0x000000000002bd70        0x6 Output/Release//RH_SX126x.o
 .rodata._ZN7RH_RF9513validateRxBufEv.str1.1
                0x000000000002bd76        0xb Output/Release//RH_RF95.o
 .rodata._ZN7RH_RF9512setFrequencyEf.str1.1
                0x000000000002bd81       0x41 Output/Release//RH_RF95.o
 .rodata._ZN7RH_RF9511setModeIdleEv.str1.1
                0x000000000002bdc2       0x12 Output/Release//RH_RF95.o
 .rodata._ZN7RH_RF9517setModemRegistersEPKNS_11ModemConfigE.str1.1
                0x000000000002bdd4       0x2a Output/Release//RH_RF95.o
 .rodata._ZN7RH_RF954initEPK13nrf_drv_spi_tj.str1.1
                0x000000000002bdfe       0xf8 Output/Release//RH_RF95.o
 .rodata._ZN7RH_RF9515handleInterruptEv.str1.1
                0x000000000002bef6       0x1d Output/Release//RH_RF95.o
 .rodata._ZL18MODEM_CONFIG_TABLE
                0x000000000002bf13        0xf Output/Release//RH_RF95.o
 *fill*         0x000000000002bf22        0x2 
 .rodata._ZTV7RH_RF95
                0x000000000002bf24       0x14 Output/Release//RH_RF95.o
                0x000000000002bf24                vtable for RH_RF95
 *fill*         0x000000000002bf38        0x8 
 .rodata._ZZ21nrfx_coredep_delay_usE18delay_machine_code
                0x000000000002bf40        0x6 Output/Release//RH_RF95.o
 *fill*         0x000000000002bf46        0x2 
 .rodata.libc.__RAL_hex_lc
                0x000000000002bf48       0x10 C:/Program Files/SEGGER/SEGGER Embedded Studio for ARM 4.40/lib/libc_v7em_fpv4_sp_d16_hard_t_le_eabi.a(libc2.o)
                0x000000000002bf48                __RAL_hex_lc
 .rodata.libc.__RAL_hex_uc
                0x000000000002bf58       0x10 C:/Program Files/SEGGER/SEGGER Embedded Studio for ARM 4.40/lib/libc_v7em_fpv4_sp_d16_hard_t_le_eabi.a(libc2.o)
                0x000000000002bf58                __RAL_hex_uc
 .rodata.libc.__aeabi_EDOM
                0x000000000002bf68        0x4 C:/Program Files/SEGGER/SEGGER Embedded Studio for ARM 4.40/lib/libc_v7em_fpv4_sp_d16_hard_t_le_eabi.a(libc2.o)
                0x000000000002bf68                __aeabi_EDOM
 .rodata.libc.__aeabi_ERANGE
                0x000000000002bf6c        0x4 C:/Program Files/SEGGER/SEGGER Embedded Studio for ARM 4.40/lib/libc_v7em_fpv4_sp_d16_hard_t_le_eabi.a(libc2.o)
                0x000000000002bf6c                __aeabi_ERANGE
 .rodata.libc.powerf
                0x000000000002bf70       0x18 C:/Program Files/SEGGER/SEGGER Embedded Studio for ARM 4.40/lib/libc_v7em_fpv4_sp_d16_hard_t_le_eabi.a(libc2.o)
 .rodata.libc.__vfprintf_int.str1.4
                0x000000000002bf88        0x7 C:/Program Files/SEGGER/SEGGER Embedded Studio for ARM 4.40/lib/libvfprintf_v7em_fpv4_sp_d16_hard_t_le_eabi.o
 *fill*         0x000000000002bf8f        0x1 
 .rodata.libc.__vfprintf_float_long.str1.4
                0x000000000002bf90       0x28 C:/Program Files/SEGGER/SEGGER Embedded Studio for ARM 4.40/lib/libvfprintf_v7em_fpv4_sp_d16_hard_t_le_eabi.o
 .rodata.libc.ipow10
                0x000000000002bfb8       0xa0 C:/Program Files/SEGGER/SEGGER Embedded Studio for ARM 4.40/lib/libvfprintf_v7em_fpv4_sp_d16_hard_t_le_eabi.o
                0x000000000002c058                __rodata_end__ = (__rodata_start__ + SIZEOF (.rodata))
                0x0000000000000640                __rodata_size__ = SIZEOF (.rodata)
                0x000000000002c058                __rodata_load_end__ = __rodata_end__

.rel.dyn        0x000000000002c058        0x0
 .rel.iplt      0x000000000002c058        0x0 Output/Release//thumb_crt0.o
                0x0000000000000001                . = ASSERT (((__rodata_start__ == __rodata_end__) || ((__rodata_end__ - __FLASH_segment_start__) <= __FLASH_segment_size__)), error: .rodata is too large to fit in FLASH memory segment)
                0x000000000002c058                __ARM.exidx_load_start__ = ALIGN (__rodata_end__, 0x4)

.ARM.exidx      0x000000000002c058        0x0
                0x000000000002c058                __ARM.exidx_start__ = .
                0x000000000002c058                __exidx_start = __ARM.exidx_start__
 *(.ARM.exidx .ARM.exidx.*)
                0x000000000002c058                __ARM.exidx_end__ = (__ARM.exidx_start__ + SIZEOF (.ARM.exidx))
                0x0000000000000000                __ARM.exidx_size__ = SIZEOF (.ARM.exidx)
                0x000000000002c058                __exidx_end = __ARM.exidx_end__
                0x000000000002c058                __ARM.exidx_load_end__ = __ARM.exidx_end__
                0x0000000000000001                . = ASSERT (((__ARM.exidx_start__ == __ARM.exidx_end__) || ((__ARM.exidx_end__ - __FLASH_segment_start__) <= __FLASH_segment_size__)), error: .ARM.exidx is too large to fit in FLASH memory segment)
                0x000000000002c058                __fast_load_start__ = ALIGN (__ARM.exidx_end__, 0x4)

.fast           0x0000000020002ad8        0x0 load address 0x000000000002c058
                0x0000000020002ad8                __fast_start__ = .
 *(.fast .fast.*)
                0x0000000020002ad8                __fast_end__ = (__fast_start__ + SIZEOF (.fast))
                0x0000000000000000                __fast_size__ = SIZEOF (.fast)
                0x000000000002c058                __fast_load_end__ = (__fast_load_start__ + SIZEOF (.fast))
                0x0000000000000001                . = ASSERT (((__fast_load_start__ == __fast_load_end__) || ((__fast_load_end__ - __FLASH_segment_start__) <= __FLASH_segment_size__)), error: .fast is too large to fit in FLASH memory segment)

.fast_run       0x0000000020002ad8        0x0
                0x0000000020002ad8                __fast_run_start__ = .
                0x0000000020002ad8                . = MAX ((__fast_run_start__ + SIZEOF (.fast)), .)
                0x0000000020002ad8                __fast_run_end__ = (__fast_run_start__ + SIZEOF (.fast_run))
                0x0000000000000000                __fast_run_size__ = SIZEOF (.fast_run)
                0x0000000020002ad8                __fast_run_load_end__ = __fast_run_end__
                0x0000000000000001                . = ASSERT (((__fast_run_start__ == __fast_run_end__) || ((__fast_run_end__ - __RAM_segment_start__) <= __RAM_segment_size__)), error: .fast_run is too large to fit in RAM memory segment)
                0x000000000002c058                __data_load_start__ = ALIGN ((__fast_load_start__ + SIZEOF (.fast)), 0x4)

.data           0x0000000020002ad8       0x5d load address 0x000000000002c058
                0x0000000020002ad8                __data_start__ = .
 *(.data .data.* .gnu.linkonce.d.*)
 .data.m_rtc_inst
                0x0000000020002ad8        0x8 Output/Release//app_timer2.o
 .data.SystemCoreClock
                0x0000000020002ae0        0x4 Output/Release//system_nrf52.o
                0x0000000020002ae0                SystemCoreClock
 .data.Ble_Scn_SIG_ext
                0x0000000020002ae4        0x2 Output/Release//main.o
                0x0000000020002ae4                Ble_Scn_SIG_ext
 .data.Ble_Scn_UUID
                0x0000000020002ae6        0x2 Output/Release//main.o
                0x0000000020002ae6                Ble_Scn_UUID
 .data.SCAN_WINDOW
                0x0000000020002ae8        0x4 Output/Release//main.o
                0x0000000020002ae8                SCAN_WINDOW
 .data._ZL13m_conn_handle
                0x0000000020002aec        0x2 Output/Release//main.o
 *fill*         0x0000000020002aee        0x2 
 .data._ZL13m_scan_buffer
                0x0000000020002af0        0x8 Output/Release//main.o
 .data._ZL13m_scan_params
                0x0000000020002af8        0xe Output/Release//main.o
 *fill*         0x0000000020002b06        0x2 
 .data._ZL22m_nus_link_ctx_storage
                0x0000000020002b08        0x8 Output/Release//main.o
 .data._ZL5m_nus
                0x0000000020002b10       0x1c Output/Release//main.o
 .data.channel  0x0000000020002b2c        0x1 Output/Release//main.o
                0x0000000020002b2c                channel
 .data.clearFlag
                0x0000000020002b2d        0x1 Output/Release//main.o
                0x0000000020002b2d                clearFlag
 .data.data_len
                0x0000000020002b2e        0x2 Output/Release//main.o
                0x0000000020002b2e                data_len
 .data.lora_frequency
                0x0000000020002b30        0x4 Output/Release//main.o
                0x0000000020002b30                lora_frequency
 .data._ZL13OperatingMode
                0x0000000020002b34        0x1 Output/Release//RH_SX126x.o
                0x0000000020002b35                __data_end__ = (__data_start__ + SIZEOF (.data))
                0x000000000000005d                __data_size__ = SIZEOF (.data)
                0x000000000002c0b5                __data_load_end__ = (__data_load_start__ + SIZEOF (.data))

.igot.plt       0x0000000100000000        0x0
 .igot.plt      0x0000000100000000        0x0 Output/Release//thumb_crt0.o
                0x0000000000000001                . = ASSERT (((__data_load_start__ == __data_load_end__) || ((__data_load_end__ - __FLASH_segment_start__) <= __FLASH_segment_size__)), error: .data is too large to fit in FLASH memory segment)

.data_run       0x0000000020002ad8       0x5d load address 0x000000000002c058
                0x0000000020002ad8                __data_run_start__ = .
                0x0000000020002b35                . = MAX ((__data_run_start__ + SIZEOF (.data)), .)
 *fill*         0x0000000020002ad8       0x5d 
                0x0000000020002b35                __data_run_end__ = (__data_run_start__ + SIZEOF (.data_run))
                0x000000000000005d                __data_run_size__ = SIZEOF (.data_run)
                0x0000000020002b35                __data_run_load_end__ = __data_run_end__
                0x0000000000000001                . = ASSERT (((__data_run_start__ == __data_run_end__) || ((__data_run_end__ - __RAM_segment_start__) <= __RAM_segment_size__)), error: .data_run is too large to fit in RAM memory segment)
                0x000000000002c0b8                __tdata_load_start__ = ALIGN ((__data_load_start__ + SIZEOF (.data)), 0x4)

.tdata          0x0000000020002b38        0x0 load address 0x000000000002c0b8
                0x0000000020002b38                __tdata_start__ = .
 *(.tdata .tdata.*)
                0x0000000020002b38                __tdata_end__ = (__tdata_start__ + SIZEOF (.tdata))
                0x0000000000000000                __tdata_size__ = SIZEOF (.tdata)
                0x000000000002c0b8                __tdata_load_end__ = (__tdata_load_start__ + SIZEOF (.tdata))
                0x000000000002c0b8                __FLASH_segment_used_end__ = (ALIGN ((__data_load_start__ + SIZEOF (.data)), 0x4) + SIZEOF (.tdata))
                0x000000000002c0b8                __FLASH_segment_used_size__ = (__FLASH_segment_used_end__ - __FLASH_segment_start__)
                0x0000000000000001                . = ASSERT (((__tdata_load_start__ == __tdata_load_end__) || ((__tdata_load_end__ - __FLASH_segment_start__) <= __FLASH_segment_size__)), error: .tdata is too large to fit in FLASH memory segment)

.tdata_run      0x0000000020002b38        0x0
                0x0000000020002b38                __tdata_run_start__ = .